[2026-08-15 03:26:53] ============================================================
[2026-08-15 03:26:53] 03_train_cnn
[2026-08-15 03:26:53] Conda: 5020_env
[2026-08-15 03:26:53] Python: /home/zkb/rpt-re/scripts/py/03_train_cnn.py
[2026-08-15 03:26:53] Args:  --paper-cross --all-seeds --gpu-ids 0,1,2,3 --batch-size 256 --reserve-gib 16
[2026-08-15 03:26:53] Log:   /home/zkb/rpt-re/logs/03_train_cnn/03_train_cnn_20260815_032652.log
[2026-08-15 03:26:53] ============================================================
[2026-08-15 03:26:53] starting python
[2026-08-15 03:27:00] pending jobs=10 configs=[(20, 5), (60, 5), (5, 20), (60, 20), (5, 60), (20, 60)] seeds=[0, 1, 2, 3, 4]
[2026-08-15 03:27:00] nvidia-smi=[(0, 48494, 0), (1, 48496, 0), (2, 48464, 0), (3, 48496, 0)]
[2026-08-15 03:27:00] parallel jobs=10 n_conc=10 gpu_free=[(0, 48494), (1, 48496), (2, 48464), (3, 48496)] gpu_slots=20 per_gpu_slots=[5, 5, 5, 5] jobs_per_gpu_max=32 batch_size=256 ram_diag={'source': 'memory_budget', 'avail_gib': 238.7, 'total_gib': 377.5, 'reserve_gib': 16.0, 'budget_gib': 222.7, 'mem_per_worker_gib': 10.0, 'mem_cap': 22, 'cpu_cap': 112, 'swap_percent': 100.0, 'n_tasks': 10, 'resolved_workers': 10}
[2026-08-15 03:27:00] acquire gpu=1 need_mib=8192 active={0: 0, 1: 1, 2: 0, 3: 0} remaining={0: 48494, 1: 40304, 2: 48464, 3: 48496}
[2026-08-15 03:27:00] [I20_R5 seed0 gpu1] start
[2026-08-15 03:27:00] acquire gpu=3 need_mib=8192 active={0: 0, 1: 1, 2: 0, 3: 1} remaining={0: 48494, 1: 40304, 2: 48464, 3: 40304}
[2026-08-15 03:27:00] [I20_R5 seed1 gpu3] start
[2026-08-15 03:27:00] acquire gpu=0 need_mib=8192 active={0: 1, 1: 1, 2: 0, 3: 1} remaining={0: 40302, 1: 40304, 2: 48464, 3: 40304}
[2026-08-15 03:27:00] [I20_R5 seed2 gpu0] start
[2026-08-15 03:27:00] acquire gpu=2 need_mib=8192 active={0: 1, 1: 1, 2: 1, 3: 1} remaining={0: 40302, 1: 40304, 2: 40272, 3: 40304}
[2026-08-15 03:27:00] [I20_R5 seed3 gpu2] start
[2026-08-15 03:27:00] acquire gpu=1 need_mib=8192 active={0: 1, 1: 2, 2: 1, 3: 1} remaining={0: 40302, 1: 32112, 2: 40272, 3: 40304}
[2026-08-15 03:27:00] [I20_R5 seed4 gpu1] start
[2026-08-15 03:27:00] acquire gpu=3 need_mib=16384 active={0: 1, 1: 2, 2: 1, 3: 2} remaining={0: 40302, 1: 32112, 2: 40272, 3: 23920}
[2026-08-15 03:27:00] acquire gpu=0 need_mib=16384 active={0: 2, 1: 2, 2: 1, 3: 2} remaining={0: 23918, 1: 32112, 2: 40272, 3: 23920}[I60_R5 seed0 gpu3] start
[2026-08-15 03:27:00] 
[2026-08-15 03:27:00] acquire gpu=2 need_mib=16384 active={0: 2, 1: 2, 2: 2, 3: 2} remaining={0: 23918, 1: 32112, 2: 23888, 3: 23920}
[2026-08-15 03:27:00] [I60_R5 seed1 gpu0] start
[2026-08-15 03:27:00] acquire gpu=1 need_mib=16384 active={0: 2, 1: 3, 2: 2, 3: 2} remaining={0: 23918, 1: 15728, 2: 23888, 3: 23920}[I60_R5 seed2 gpu2] start
[2026-08-15 03:27:00] 
[2026-08-15 03:27:00] acquire gpu=3 need_mib=16384 active={0: 2, 1: 3, 2: 2, 3: 3} remaining={0: 23918, 1: 15728, 2: 23888, 3: 7536}
[2026-08-15 03:27:00] [I60_R5 seed3 gpu1] start
[2026-08-15 03:27:00] [I60_R5 seed4 gpu3] start
[2026-08-15 03:27:02] [I20_R5 seed2 gpu0] pending jobs=1 configs=[(20, 5)] seeds=[2]
[2026-08-15 03:27:02] [I20_R5 seed0 gpu1] pending jobs=1 configs=[(20, 5)] seeds=[0]
[2026-08-15 03:27:02] [I60_R5 seed4 gpu3] pending jobs=1 configs=[(60, 5)] seeds=[4]
[2026-08-15 03:27:02] [I60_R5 seed0 gpu3] pending jobs=1 configs=[(60, 5)] seeds=[0]
[2026-08-15 03:27:02] [I20_R5 seed3 gpu2] pending jobs=1 configs=[(20, 5)] seeds=[3]
[2026-08-15 03:27:02] [I20_R5 seed1 gpu3] pending jobs=1 configs=[(20, 5)] seeds=[1]
[2026-08-15 03:27:02] [I60_R5 seed1 gpu0] pending jobs=1 configs=[(60, 5)] seeds=[1]
[2026-08-15 03:27:02] [I60_R5 seed3 gpu1] pending jobs=1 configs=[(60, 5)] seeds=[3]
[2026-08-15 03:27:02] [I20_R5 seed4 gpu1] pending jobs=1 configs=[(20, 5)] seeds=[4]
[2026-08-15 03:27:02] [I60_R5 seed2 gpu2] pending jobs=1 configs=[(60, 5)] seeds=[2]
[2026-08-15 03:27:29] [I60_R5 seed1 gpu0] I60/R5 freq=week split_seed=0 samples train=2191368 val=939158 test=6542415
[2026-08-15 03:27:29] [I60_R5 seed4 gpu3] I60/R5 freq=week split_seed=0 samples train=2191368 val=939158 test=6542415
[2026-08-15 03:27:29] [I60_R5 seed3 gpu1] I60/R5 freq=week split_seed=0 samples train=2191368 val=939158 test=6542415
[2026-08-15 03:27:29] [I60_R5 seed0 gpu3] I60/R5 freq=week split_seed=0 samples train=2191368 val=939158 test=6542415
[2026-08-15 03:27:29] [I60_R5 seed2 gpu2] I60/R5 freq=week split_seed=0 samples train=2191368 val=939158 test=6542415
[2026-08-15 03:27:29] [I60_R5 seed1 gpu0] pixel stats: year=1993 2% (1/8 years)
[2026-08-15 03:27:30] [I60_R5 seed1 gpu0] pixel stats: year=1993 4% (1/8 years)
[2026-08-15 03:27:30] [I60_R5 seed1 gpu0] pixel stats: year=1993 5% (1/8 years)
[2026-08-15 03:27:31] [I60_R5 seed1 gpu0] pixel stats: year=1993 7% (1/8 years)
[2026-08-15 03:27:31] [I60_R5 seed1 gpu0] pixel stats: year=1993 9% (1/8 years)
[2026-08-15 03:27:32] [I60_R5 seed1 gpu0] pixel stats: year=1993 11% (1/8 years)
[2026-08-15 03:27:32] [I60_R5 seed1 gpu0] pixel stats: year=1993 13% (1/8 years)
[2026-08-15 03:27:33] [I60_R5 seed1 gpu0] pixel stats: year=1993 15% (1/8 years)
[2026-08-15 03:27:33] [I60_R5 seed1 gpu0] pixel stats: year=1993 16% (1/8 years)
[2026-08-15 03:27:33] [I60_R5 seed1 gpu0] pixel stats: year=1993 18% (1/8 years)
[2026-08-15 03:27:34] [I60_R5 seed1 gpu0] pixel stats: year=1993 20% (1/8 years)
[2026-08-15 03:27:34] [I60_R5 seed1 gpu0] pixel stats: year=1993 22% (1/8 years)
[2026-08-15 03:27:35] [I60_R5 seed1 gpu0] pixel stats: year=1993 24% (1/8 years)
[2026-08-15 03:27:35] [I60_R5 seed1 gpu0] pixel stats: year=1993 25% (1/8 years)
[2026-08-15 03:27:36] [I60_R5 seed1 gpu0] pixel stats: year=1993 27% (1/8 years)
[2026-08-15 03:27:36] [I60_R5 seed1 gpu0] pixel stats: year=1993 29% (1/8 years)
[2026-08-15 03:27:36] [I20_R5 seed4 gpu1] I20/R5 freq=week split_seed=0 samples train=2229869 val=955659 test=6619772
[2026-08-15 03:27:36] [I20_R5 seed4 gpu1] pixel stats: year=1993 2% (1/8 years)
[2026-08-15 03:27:37] [I20_R5 seed4 gpu1] pixel stats: year=1993 4% (1/8 years)
[2026-08-15 03:27:37] [I60_R5 seed1 gpu0] pixel stats: year=1993 31% (1/8 years)
[2026-08-15 03:27:37] [I20_R5 seed4 gpu1] pixel stats: year=1993 5% (1/8 years)
[2026-08-15 03:27:37] [I20_R5 seed1 gpu3] I20/R5 freq=week split_seed=0 samples train=2229869 val=955659 test=6619772
[2026-08-15 03:27:37] [I20_R5 seed0 gpu1] I20/R5 freq=week split_seed=0 samples train=2229869 val=955659 test=6619772
[2026-08-15 03:27:37] [I20_R5 seed4 gpu1] pixel stats: year=1993 7% (1/8 years)
[2026-08-15 03:27:37] [I20_R5 seed2 gpu0] I20/R5 freq=week split_seed=0 samples train=2229869 val=955659 test=6619772
[2026-08-15 03:27:37] [I20_R5 seed3 gpu2] I20/R5 freq=week split_seed=0 samples train=2229869 val=955659 test=6619772
[2026-08-15 03:27:37] [I20_R5 seed4 gpu1] pixel stats: year=1993 9% (1/8 years)
[2026-08-15 03:27:37] [I20_R5 seed4 gpu1] pixel stats: year=1993 11% (1/8 years)
[2026-08-15 03:27:37] [I60_R5 seed1 gpu0] pixel stats: year=1993 33% (1/8 years)
[2026-08-15 03:27:37] [I20_R5 seed4 gpu1] pixel stats: year=1993 12% (1/8 years)
[2026-08-15 03:27:37] [I20_R5 seed4 gpu1] pixel stats: year=1993 14% (1/8 years)
[2026-08-15 03:27:37] [I20_R5 seed4 gpu1] pixel stats: year=1993 16% (1/8 years)
[2026-08-15 03:27:38] [I20_R5 seed4 gpu1] pixel stats: year=1993 18% (1/8 years)
[2026-08-15 03:27:38] [I60_R5 seed1 gpu0] pixel stats: year=1993 35% (1/8 years)
[2026-08-15 03:27:38] [I20_R5 seed4 gpu1] pixel stats: year=1993 19% (1/8 years)
[2026-08-15 03:27:38] [I20_R5 seed4 gpu1] pixel stats: year=1993 21% (1/8 years)
[2026-08-15 03:27:38] [I20_R5 seed4 gpu1] pixel stats: year=1993 23% (1/8 years)
[2026-08-15 03:27:38] [I20_R5 seed4 gpu1] pixel stats: year=1993 25% (1/8 years)
[2026-08-15 03:27:38] [I60_R5 seed1 gpu0] pixel stats: year=1993 36% (1/8 years)
[2026-08-15 03:27:38] [I20_R5 seed4 gpu1] pixel stats: year=1993 26% (1/8 years)
[2026-08-15 03:27:38] [I20_R5 seed4 gpu1] pixel stats: year=1993 28% (1/8 years)
[2026-08-15 03:27:38] [I20_R5 seed4 gpu1] pixel stats: year=1993 30% (1/8 years)
[2026-08-15 03:27:38] [I20_R5 seed4 gpu1] pixel stats: year=1993 32% (1/8 years)
[2026-08-15 03:27:38] [I60_R5 seed1 gpu0] pixel stats: year=1993 38% (1/8 years)
[2026-08-15 03:27:38] [I20_R5 seed4 gpu1] pixel stats: year=1993 33% (1/8 years)
[2026-08-15 03:27:39] [I20_R5 seed4 gpu1] pixel stats: year=1993 35% (1/8 years)
[2026-08-15 03:27:39] [I20_R5 seed4 gpu1] pixel stats: year=1993 37% (1/8 years)
[2026-08-15 03:27:39] [I20_R5 seed4 gpu1] pixel stats: year=1993 39% (1/8 years)
[2026-08-15 03:27:39] [I60_R5 seed1 gpu0] pixel stats: year=1993 40% (1/8 years)
[2026-08-15 03:27:39] [I20_R5 seed4 gpu1] pixel stats: year=1993 40% (1/8 years)
[2026-08-15 03:27:39] [I20_R5 seed4 gpu1] pixel stats: year=1993 42% (1/8 years)
[2026-08-15 03:27:39] [I20_R5 seed4 gpu1] pixel stats: year=1993 44% (1/8 years)
[2026-08-15 03:27:39] [I20_R5 seed4 gpu1] pixel stats: year=1993 46% (1/8 years)
[2026-08-15 03:27:39] [I20_R5 seed4 gpu1] pixel stats: year=1993 47% (1/8 years)
[2026-08-15 03:27:39] [I60_R5 seed1 gpu0] pixel stats: year=1993 42% (1/8 years)
[2026-08-15 03:27:39] [I20_R5 seed4 gpu1] pixel stats: year=1993 49% (1/8 years)
[2026-08-15 03:27:39] [I20_R5 seed4 gpu1] pixel stats: year=1993 51% (1/8 years)
[2026-08-15 03:27:40] [I20_R5 seed4 gpu1] pixel stats: year=1993 53% (1/8 years)
[2026-08-15 03:27:40] [I20_R5 seed4 gpu1] pixel stats: year=1993 54% (1/8 years)
[2026-08-15 03:27:40] [I20_R5 seed4 gpu1] pixel stats: year=1993 56% (1/8 years)
[2026-08-15 03:27:40] [I60_R5 seed1 gpu0] pixel stats: year=1993 44% (1/8 years)
[2026-08-15 03:27:40] [I20_R5 seed4 gpu1] pixel stats: year=1993 58% (1/8 years)
[2026-08-15 03:27:40] [I20_R5 seed4 gpu1] pixel stats: year=1993 60% (1/8 years)
[2026-08-15 03:27:40] [I20_R5 seed4 gpu1] pixel stats: year=1993 61% (1/8 years)
[2026-08-15 03:27:40] [I20_R5 seed4 gpu1] pixel stats: year=1993 63% (1/8 years)
[2026-08-15 03:27:40] [I60_R5 seed1 gpu0] pixel stats: year=1993 45% (1/8 years)
[2026-08-15 03:27:40] [I20_R5 seed4 gpu1] pixel stats: year=1993 65% (1/8 years)
[2026-08-15 03:27:40] [I20_R5 seed4 gpu1] pixel stats: year=1993 67% (1/8 years)
[2026-08-15 03:27:40] [I20_R5 seed4 gpu1] pixel stats: year=1993 68% (1/8 years)
[2026-08-15 03:27:40] [I20_R5 seed4 gpu1] pixel stats: year=1993 70% (1/8 years)
[2026-08-15 03:27:41] [I20_R5 seed4 gpu1] pixel stats: year=1993 72% (1/8 years)
[2026-08-15 03:27:41] [I60_R5 seed1 gpu0] pixel stats: year=1993 47% (1/8 years)
[2026-08-15 03:27:41] [I20_R5 seed4 gpu1] pixel stats: year=1993 74% (1/8 years)
[2026-08-15 03:27:41] [I20_R5 seed4 gpu1] pixel stats: year=1993 75% (1/8 years)
[2026-08-15 03:27:41] [I20_R5 seed4 gpu1] pixel stats: year=1993 77% (1/8 years)
[2026-08-15 03:27:41] [I20_R5 seed4 gpu1] pixel stats: year=1993 79% (1/8 years)
[2026-08-15 03:27:41] [I60_R5 seed1 gpu0] pixel stats: year=1993 49% (1/8 years)
[2026-08-15 03:27:41] [I20_R5 seed4 gpu1] pixel stats: year=1993 81% (1/8 years)
[2026-08-15 03:27:41] [I20_R5 seed4 gpu1] pixel stats: year=1993 82% (1/8 years)
[2026-08-15 03:27:41] [I20_R5 seed4 gpu1] pixel stats: year=1993 84% (1/8 years)
[2026-08-15 03:27:41] [I20_R5 seed4 gpu1] pixel stats: year=1993 86% (1/8 years)
[2026-08-15 03:27:41] [I20_R5 seed4 gpu1] pixel stats: year=1993 88% (1/8 years)
[2026-08-15 03:27:41] [I60_R5 seed1 gpu0] pixel stats: year=1993 51% (1/8 years)
[2026-08-15 03:27:41] [I20_R5 seed4 gpu1] pixel stats: year=1993 89% (1/8 years)
[2026-08-15 03:27:42] [I20_R5 seed4 gpu1] pixel stats: year=1993 91% (1/8 years)
[2026-08-15 03:27:42] [I20_R5 seed4 gpu1] pixel stats: year=1993 93% (1/8 years)
[2026-08-15 03:27:42] [I20_R5 seed4 gpu1] pixel stats: year=1993 95% (1/8 years)
[2026-08-15 03:27:42] [I60_R5 seed1 gpu0] pixel stats: year=1993 53% (1/8 years)
[2026-08-15 03:27:42] [I20_R5 seed4 gpu1] pixel stats: year=1993 96% (1/8 years)
[2026-08-15 03:27:42] [I20_R5 seed4 gpu1] pixel stats: year=1993 98% (1/8 years)
[2026-08-15 03:27:42] [I20_R5 seed4 gpu1] pixel stats: year=1993 100% (1/8 years)
[2026-08-15 03:27:42] [I20_R5 seed4 gpu1] pixel stats: year=1993 done (1/8 years)
[2026-08-15 03:27:42] [I20_R5 seed4 gpu1] pixel stats: year=1994 2% (2/8 years)
[2026-08-15 03:27:42] [I60_R5 seed1 gpu0] pixel stats: year=1993 54% (1/8 years)
[2026-08-15 03:27:42] [I20_R5 seed4 gpu1] pixel stats: year=1994 3% (2/8 years)
[2026-08-15 03:27:42] [I20_R5 seed4 gpu1] pixel stats: year=1994 5% (2/8 years)
[2026-08-15 03:27:42] [I20_R5 seed4 gpu1] pixel stats: year=1994 6% (2/8 years)
[2026-08-15 03:27:43] [I20_R5 seed4 gpu1] pixel stats: year=1994 8% (2/8 years)
[2026-08-15 03:27:43] [I20_R5 seed4 gpu1] pixel stats: year=1994 9% (2/8 years)
[2026-08-15 03:27:43] [I60_R5 seed1 gpu0] pixel stats: year=1993 56% (1/8 years)
[2026-08-15 03:27:43] [I20_R5 seed4 gpu1] pixel stats: year=1994 11% (2/8 years)
[2026-08-15 03:27:43] [I20_R5 seed4 gpu1] pixel stats: year=1994 13% (2/8 years)
[2026-08-15 03:27:43] [I20_R5 seed4 gpu1] pixel stats: year=1994 14% (2/8 years)
[2026-08-15 03:27:43] [I20_R5 seed4 gpu1] pixel stats: year=1994 16% (2/8 years)
[2026-08-15 03:27:43] [I60_R5 seed1 gpu0] pixel stats: year=1993 58% (1/8 years)
[2026-08-15 03:27:43] [I20_R5 seed4 gpu1] pixel stats: year=1994 17% (2/8 years)
[2026-08-15 03:27:43] [I20_R5 seed4 gpu1] pixel stats: year=1994 19% (2/8 years)
[2026-08-15 03:27:43] [I20_R5 seed4 gpu1] pixel stats: year=1994 21% (2/8 years)
[2026-08-15 03:27:43] [I20_R5 seed4 gpu1] pixel stats: year=1994 22% (2/8 years)
[2026-08-15 03:27:44] [I20_R5 seed4 gpu1] pixel stats: year=1994 24% (2/8 years)
[2026-08-15 03:27:44] [I60_R5 seed1 gpu0] pixel stats: year=1993 60% (1/8 years)
[2026-08-15 03:27:44] [I20_R5 seed4 gpu1] pixel stats: year=1994 25% (2/8 years)
[2026-08-15 03:27:44] [I20_R5 seed4 gpu1] pixel stats: year=1994 27% (2/8 years)
[2026-08-15 03:27:44] [I20_R5 seed4 gpu1] pixel stats: year=1994 28% (2/8 years)
[2026-08-15 03:27:44] [I20_R5 seed4 gpu1] pixel stats: year=1994 30% (2/8 years)
[2026-08-15 03:27:44] [I60_R5 seed1 gpu0] pixel stats: year=1993 62% (1/8 years)
[2026-08-15 03:27:44] [I20_R5 seed4 gpu1] pixel stats: year=1994 32% (2/8 years)
[2026-08-15 03:27:44] [I20_R5 seed4 gpu1] pixel stats: year=1994 33% (2/8 years)
[2026-08-15 03:27:44] [I20_R5 seed4 gpu1] pixel stats: year=1994 35% (2/8 years)
[2026-08-15 03:27:44] [I20_R5 seed4 gpu1] pixel stats: year=1994 36% (2/8 years)
[2026-08-15 03:27:44] [I20_R5 seed4 gpu1] pixel stats: year=1994 38% (2/8 years)
[2026-08-15 03:27:44] [I60_R5 seed1 gpu0] pixel stats: year=1993 64% (1/8 years)
[2026-08-15 03:27:44] [I20_R5 seed4 gpu1] pixel stats: year=1994 40% (2/8 years)
[2026-08-15 03:27:45] [I20_R5 seed4 gpu1] pixel stats: year=1994 41% (2/8 years)
[2026-08-15 03:27:45] [I20_R5 seed4 gpu1] pixel stats: year=1994 43% (2/8 years)
[2026-08-15 03:27:45] [I20_R5 seed4 gpu1] pixel stats: year=1994 44% (2/8 years)
[2026-08-15 03:27:45] [I60_R5 seed1 gpu0] pixel stats: year=1993 65% (1/8 years)
[2026-08-15 03:27:45] [I20_R5 seed4 gpu1] pixel stats: year=1994 46% (2/8 years)
[2026-08-15 03:27:45] [I20_R5 seed4 gpu1] pixel stats: year=1994 47% (2/8 years)
[2026-08-15 03:27:45] [I20_R5 seed4 gpu1] pixel stats: year=1994 49% (2/8 years)
[2026-08-15 03:27:45] [I20_R5 seed4 gpu1] pixel stats: year=1994 51% (2/8 years)
[2026-08-15 03:27:45] [I20_R5 seed4 gpu1] pixel stats: year=1994 52% (2/8 years)
[2026-08-15 03:27:45] [I60_R5 seed1 gpu0] pixel stats: year=1993 67% (1/8 years)
[2026-08-15 03:27:45] [I20_R5 seed4 gpu1] pixel stats: year=1994 54% (2/8 years)
[2026-08-15 03:27:45] [I20_R5 seed4 gpu1] pixel stats: year=1994 55% (2/8 years)
[2026-08-15 03:27:45] [I20_R5 seed4 gpu1] pixel stats: year=1994 57% (2/8 years)
[2026-08-15 03:27:46] [I20_R5 seed4 gpu1] pixel stats: year=1994 59% (2/8 years)
[2026-08-15 03:27:46] [I60_R5 seed1 gpu0] pixel stats: year=1993 69% (1/8 years)
[2026-08-15 03:27:46] [I20_R5 seed4 gpu1] pixel stats: year=1994 60% (2/8 years)
[2026-08-15 03:27:46] [I20_R5 seed4 gpu1] pixel stats: year=1994 62% (2/8 years)
[2026-08-15 03:27:46] [I20_R5 seed4 gpu1] pixel stats: year=1994 63% (2/8 years)
[2026-08-15 03:27:46] [I20_R5 seed4 gpu1] pixel stats: year=1994 65% (2/8 years)
[2026-08-15 03:27:46] [I20_R5 seed4 gpu1] pixel stats: year=1994 66% (2/8 years)
[2026-08-15 03:27:46] [I60_R5 seed1 gpu0] pixel stats: year=1993 71% (1/8 years)
[2026-08-15 03:27:46] [I20_R5 seed4 gpu1] pixel stats: year=1994 68% (2/8 years)
[2026-08-15 03:27:46] [I20_R5 seed4 gpu1] pixel stats: year=1994 70% (2/8 years)
[2026-08-15 03:27:46] [I20_R5 seed4 gpu1] pixel stats: year=1994 71% (2/8 years)
[2026-08-15 03:27:46] [I20_R5 seed4 gpu1] pixel stats: year=1994 73% (2/8 years)
[2026-08-15 03:27:47] [I20_R5 seed4 gpu1] pixel stats: year=1994 74% (2/8 years)
[2026-08-15 03:27:47] [I60_R5 seed1 gpu0] pixel stats: year=1993 73% (1/8 years)
[2026-08-15 03:27:47] [I20_R5 seed4 gpu1] pixel stats: year=1994 76% (2/8 years)
[2026-08-15 03:27:47] [I20_R5 seed4 gpu1] pixel stats: year=1994 78% (2/8 years)
[2026-08-15 03:27:47] [I20_R5 seed4 gpu1] pixel stats: year=1994 79% (2/8 years)
[2026-08-15 03:27:47] [I20_R5 seed4 gpu1] pixel stats: year=1994 81% (2/8 years)
[2026-08-15 03:27:47] [I60_R5 seed1 gpu0] pixel stats: year=1993 74% (1/8 years)
[2026-08-15 03:27:47] [I20_R5 seed4 gpu1] pixel stats: year=1994 82% (2/8 years)
[2026-08-15 03:27:47] [I20_R5 seed4 gpu1] pixel stats: year=1994 84% (2/8 years)
[2026-08-15 03:27:47] [I20_R5 seed4 gpu1] pixel stats: year=1994 85% (2/8 years)
[2026-08-15 03:27:47] [I20_R5 seed4 gpu1] pixel stats: year=1994 87% (2/8 years)
[2026-08-15 03:27:47] [I20_R5 seed4 gpu1] pixel stats: year=1994 89% (2/8 years)
[2026-08-15 03:27:47] [I60_R5 seed1 gpu0] pixel stats: year=1993 76% (1/8 years)
[2026-08-15 03:27:47] [I20_R5 seed4 gpu1] pixel stats: year=1994 90% (2/8 years)
[2026-08-15 03:27:48] [I20_R5 seed4 gpu1] pixel stats: year=1994 92% (2/8 years)
[2026-08-15 03:27:48] [I20_R5 seed4 gpu1] pixel stats: year=1994 93% (2/8 years)
[2026-08-15 03:27:48] [I20_R5 seed4 gpu1] pixel stats: year=1994 95% (2/8 years)
[2026-08-15 03:27:48] [I60_R5 seed1 gpu0] pixel stats: year=1993 78% (1/8 years)
[2026-08-15 03:27:48] [I20_R5 seed4 gpu1] pixel stats: year=1994 97% (2/8 years)
[2026-08-15 03:27:48] [I20_R5 seed4 gpu1] pixel stats: year=1994 98% (2/8 years)
[2026-08-15 03:27:48] [I20_R5 seed4 gpu1] pixel stats: year=1994 100% (2/8 years)
[2026-08-15 03:27:48] [I20_R5 seed4 gpu1] pixel stats: year=1994 100% (2/8 years)
[2026-08-15 03:27:48] [I20_R5 seed4 gpu1] pixel stats: year=1994 done (2/8 years)
[2026-08-15 03:27:48] [I20_R5 seed4 gpu1] pixel stats: year=1995 2% (3/8 years)
[2026-08-15 03:27:48] [I60_R5 seed1 gpu0] pixel stats: year=1993 80% (1/8 years)
[2026-08-15 03:27:48] [I20_R5 seed4 gpu1] pixel stats: year=1995 3% (3/8 years)
[2026-08-15 03:27:49] [I60_R5 seed1 gpu0] pixel stats: year=1993 82% (1/8 years)
[2026-08-15 03:27:49] [I60_R5 seed1 gpu0] pixel stats: year=1993 84% (1/8 years)
[2026-08-15 03:27:49] [I60_R5 seed1 gpu0] pixel stats: year=1993 85% (1/8 years)
[2026-08-15 03:27:50] [I60_R5 seed1 gpu0] pixel stats: year=1993 87% (1/8 years)
[2026-08-15 03:27:50] [I60_R5 seed1 gpu0] pixel stats: year=1993 89% (1/8 years)
[2026-08-15 03:27:51] [I60_R5 seed1 gpu0] pixel stats: year=1993 91% (1/8 years)
[2026-08-15 03:27:51] [I60_R5 seed1 gpu0] pixel stats: year=1993 93% (1/8 years)
[2026-08-15 03:27:51] [I60_R5 seed1 gpu0] pixel stats: year=1993 94% (1/8 years)
[2026-08-15 03:27:52] [I60_R5 seed1 gpu0] pixel stats: year=1993 96% (1/8 years)
[2026-08-15 03:27:52] [I60_R5 seed1 gpu0] pixel stats: year=1993 98% (1/8 years)
[2026-08-15 03:27:53] [I60_R5 seed1 gpu0] pixel stats: year=1993 100% (1/8 years)
[2026-08-15 03:27:53] [I60_R5 seed1 gpu0] pixel stats: year=1993 100% (1/8 years)
[2026-08-15 03:27:53] [I60_R5 seed1 gpu0] pixel stats: year=1993 done (1/8 years)
[2026-08-15 03:27:53] [I60_R5 seed1 gpu0] pixel stats: year=1994 2% (2/8 years)
[2026-08-15 03:27:53] [I60_R5 seed1 gpu0] pixel stats: year=1994 3% (2/8 years)
[2026-08-15 03:28:03] [I20_R5 seed4 gpu1] pixel stats: year=1995 5% (3/8 years)
[2026-08-15 03:28:37] [I20_R5 seed4 gpu1] pixel stats: year=1995 6% (3/8 years)
[2026-08-15 03:28:59] [I20_R5 seed4 gpu1] pixel stats: year=1995 8% (3/8 years)
[2026-08-15 03:29:13] [I20_R5 seed4 gpu1] pixel stats: year=1995 9% (3/8 years)
[2026-08-15 03:29:16] [I60_R5 seed1 gpu0] pixel stats: year=1994 5% (2/8 years)
[2026-08-15 03:29:26] [I20_R5 seed4 gpu1] pixel stats: year=1995 11% (3/8 years)
[2026-08-15 03:29:38] [I20_R5 seed4 gpu1] pixel stats: year=1995 12% (3/8 years)
[2026-08-15 03:29:44] [I20_R5 seed4 gpu1] pixel stats: year=1995 14% (3/8 years)
[2026-08-15 03:29:50] [I20_R5 seed4 gpu1] pixel stats: year=1995 15% (3/8 years)
[2026-08-15 03:29:53] [I20_R5 seed4 gpu1] pixel stats: year=1995 17% (3/8 years)
[2026-08-15 03:29:56] [I20_R5 seed4 gpu1] pixel stats: year=1995 18% (3/8 years)
[2026-08-15 03:29:59] [I20_R5 seed4 gpu1] pixel stats: year=1995 20% (3/8 years)
[2026-08-15 03:30:02] [I20_R5 seed4 gpu1] pixel stats: year=1995 21% (3/8 years)
[2026-08-15 03:30:04] [I20_R5 seed4 gpu1] pixel stats: year=1995 23% (3/8 years)
[2026-08-15 03:30:05] [I20_R5 seed4 gpu1] pixel stats: year=1995 24% (3/8 years)
[2026-08-15 03:30:07] [I20_R5 seed4 gpu1] pixel stats: year=1995 26% (3/8 years)
[2026-08-15 03:30:08] [I20_R5 seed4 gpu1] pixel stats: year=1995 27% (3/8 years)
[2026-08-15 03:30:10] [I20_R5 seed4 gpu1] pixel stats: year=1995 29% (3/8 years)
[2026-08-15 03:30:11] [I20_R5 seed4 gpu1] pixel stats: year=1995 30% (3/8 years)
[2026-08-15 03:30:12] [I20_R5 seed4 gpu1] pixel stats: year=1995 32% (3/8 years)
[2026-08-15 03:30:12] [I20_R5 seed4 gpu1] pixel stats: year=1995 33% (3/8 years)
[2026-08-15 03:30:13] [I20_R5 seed4 gpu1] pixel stats: year=1995 35% (3/8 years)
[2026-08-15 03:30:14] [I20_R5 seed4 gpu1] pixel stats: year=1995 36% (3/8 years)
[2026-08-15 03:30:14] [I20_R5 seed4 gpu1] pixel stats: year=1995 38% (3/8 years)
[2026-08-15 03:30:15] [I20_R5 seed4 gpu1] pixel stats: year=1995 40% (3/8 years)
[2026-08-15 03:30:15] [I20_R5 seed4 gpu1] pixel stats: year=1995 41% (3/8 years)
[2026-08-15 03:30:16] [I20_R5 seed4 gpu1] pixel stats: year=1995 43% (3/8 years)
[2026-08-15 03:30:16] [I20_R5 seed4 gpu1] pixel stats: year=1995 44% (3/8 years)
[2026-08-15 03:30:16] [I20_R5 seed4 gpu1] pixel stats: year=1995 46% (3/8 years)
[2026-08-15 03:30:17] [I20_R5 seed4 gpu1] pixel stats: year=1995 47% (3/8 years)
[2026-08-15 03:30:17] [I20_R5 seed4 gpu1] pixel stats: year=1995 49% (3/8 years)
[2026-08-15 03:30:17] [I20_R5 seed4 gpu1] pixel stats: year=1995 50% (3/8 years)
[2026-08-15 03:30:18] [I20_R5 seed4 gpu1] pixel stats: year=1995 52% (3/8 years)
[2026-08-15 03:30:18] [I20_R5 seed4 gpu1] pixel stats: year=1995 53% (3/8 years)
[2026-08-15 03:30:18] [I20_R5 seed4 gpu1] pixel stats: year=1995 55% (3/8 years)
[2026-08-15 03:30:18] [I20_R5 seed4 gpu1] pixel stats: year=1995 56% (3/8 years)
[2026-08-15 03:30:19] [I20_R5 seed4 gpu1] pixel stats: year=1995 58% (3/8 years)
[2026-08-15 03:30:19] [I20_R5 seed4 gpu1] pixel stats: year=1995 59% (3/8 years)
[2026-08-15 03:30:19] [I20_R5 seed4 gpu1] pixel stats: year=1995 61% (3/8 years)
[2026-08-15 03:30:19] [I20_R5 seed4 gpu1] pixel stats: year=1995 62% (3/8 years)
[2026-08-15 03:30:19] [I20_R5 seed4 gpu1] pixel stats: year=1995 64% (3/8 years)
[2026-08-15 03:30:19] [I20_R5 seed4 gpu1] pixel stats: year=1995 65% (3/8 years)
[2026-08-15 03:30:19] [I20_R5 seed4 gpu1] pixel stats: year=1995 67% (3/8 years)
[2026-08-15 03:30:20] [I20_R5 seed4 gpu1] pixel stats: year=1995 68% (3/8 years)
[2026-08-15 03:30:20] [I20_R5 seed4 gpu1] pixel stats: year=1995 70% (3/8 years)
[2026-08-15 03:30:20] [I20_R5 seed4 gpu1] pixel stats: year=1995 71% (3/8 years)
[2026-08-15 03:30:20] [I20_R5 seed4 gpu1] pixel stats: year=1995 73% (3/8 years)
[2026-08-15 03:30:20] [I20_R5 seed4 gpu1] pixel stats: year=1995 74% (3/8 years)
[2026-08-15 03:30:20] [I20_R5 seed4 gpu1] pixel stats: year=1995 76% (3/8 years)
[2026-08-15 03:30:20] [I20_R5 seed4 gpu1] pixel stats: year=1995 77% (3/8 years)
[2026-08-15 03:30:20] [I20_R5 seed4 gpu1] pixel stats: year=1995 79% (3/8 years)
[2026-08-15 03:30:20] [I20_R5 seed4 gpu1] pixel stats: year=1995 81% (3/8 years)
[2026-08-15 03:30:21] [I20_R5 seed4 gpu1] pixel stats: year=1995 82% (3/8 years)
[2026-08-15 03:30:21] [I20_R5 seed4 gpu1] pixel stats: year=1995 84% (3/8 years)
[2026-08-15 03:30:21] [I20_R5 seed4 gpu1] pixel stats: year=1995 85% (3/8 years)
[2026-08-15 03:30:21] [I20_R5 seed4 gpu1] pixel stats: year=1995 87% (3/8 years)
[2026-08-15 03:30:21] [I20_R5 seed4 gpu1] pixel stats: year=1995 88% (3/8 years)
[2026-08-15 03:30:21] [I20_R5 seed4 gpu1] pixel stats: year=1995 90% (3/8 years)
[2026-08-15 03:30:21] [I20_R5 seed4 gpu1] pixel stats: year=1995 91% (3/8 years)
[2026-08-15 03:30:21] [I20_R5 seed4 gpu1] pixel stats: year=1995 93% (3/8 years)
[2026-08-15 03:30:21] [I20_R5 seed4 gpu1] pixel stats: year=1995 94% (3/8 years)
[2026-08-15 03:30:21] [I20_R5 seed4 gpu1] pixel stats: year=1995 96% (3/8 years)
[2026-08-15 03:30:22] [I20_R5 seed4 gpu1] pixel stats: year=1995 97% (3/8 years)
[2026-08-15 03:30:22] [I20_R5 seed4 gpu1] pixel stats: year=1995 99% (3/8 years)
[2026-08-15 03:30:22] [I20_R5 seed4 gpu1] pixel stats: year=1995 100% (3/8 years)
[2026-08-15 03:30:22] [I20_R5 seed4 gpu1] pixel stats: year=1995 done (3/8 years)
[2026-08-15 03:30:31] [I60_R5 seed1 gpu0] pixel stats: year=1994 6% (2/8 years)
[2026-08-15 03:31:18] [I20_R5 seed4 gpu1] pixel stats: year=1996 1% (4/8 years)
[2026-08-15 03:31:40] [I60_R5 seed1 gpu0] pixel stats: year=1994 8% (2/8 years)
[2026-08-15 03:31:59] [I20_R5 seed4 gpu1] pixel stats: year=1996 3% (4/8 years)
[2026-08-15 03:32:31] [I20_R5 seed4 gpu1] pixel stats: year=1996 4% (4/8 years)
[2026-08-15 03:32:48] [I60_R5 seed1 gpu0] pixel stats: year=1994 10% (2/8 years)
[2026-08-15 03:32:56] [I20_R5 seed4 gpu1] pixel stats: year=1996 6% (4/8 years)
[2026-08-15 03:33:14] [I20_R5 seed4 gpu1] pixel stats: year=1996 7% (4/8 years)
[2026-08-15 03:33:28] [I20_R5 seed4 gpu1] pixel stats: year=1996 9% (4/8 years)
[2026-08-15 03:33:38] [I20_R5 seed4 gpu1] pixel stats: year=1996 10% (4/8 years)
[2026-08-15 03:33:47] [I20_R5 seed4 gpu1] pixel stats: year=1996 11% (4/8 years)
[2026-08-15 03:33:52] [I60_R5 seed1 gpu0] pixel stats: year=1994 11% (2/8 years)
[2026-08-15 03:33:53] [I20_R5 seed4 gpu1] pixel stats: year=1996 13% (4/8 years)
[2026-08-15 03:33:59] [I20_R5 seed4 gpu1] pixel stats: year=1996 14% (4/8 years)
[2026-08-15 03:34:04] [I20_R5 seed4 gpu1] pixel stats: year=1996 16% (4/8 years)
[2026-08-15 03:34:07] [I20_R5 seed4 gpu1] pixel stats: year=1996 17% (4/8 years)
[2026-08-15 03:34:10] [I20_R5 seed4 gpu1] pixel stats: year=1996 18% (4/8 years)
[2026-08-15 03:34:13] [I20_R5 seed4 gpu1] pixel stats: year=1996 20% (4/8 years)
[2026-08-15 03:34:15] [I20_R5 seed4 gpu1] pixel stats: year=1996 21% (4/8 years)
[2026-08-15 03:34:17] [I20_R5 seed4 gpu1] pixel stats: year=1996 23% (4/8 years)
[2026-08-15 03:34:19] [I20_R5 seed4 gpu1] pixel stats: year=1996 24% (4/8 years)
[2026-08-15 03:34:20] [I20_R5 seed4 gpu1] pixel stats: year=1996 26% (4/8 years)
[2026-08-15 03:34:22] [I20_R5 seed4 gpu1] pixel stats: year=1996 27% (4/8 years)
[2026-08-15 03:34:23] [I20_R5 seed4 gpu1] pixel stats: year=1996 28% (4/8 years)
[2026-08-15 03:34:24] [I20_R5 seed4 gpu1] pixel stats: year=1996 30% (4/8 years)
[2026-08-15 03:34:25] [I20_R5 seed4 gpu1] pixel stats: year=1996 31% (4/8 years)
[2026-08-15 03:34:26] [I20_R5 seed4 gpu1] pixel stats: year=1996 33% (4/8 years)
[2026-08-15 03:34:26] [I20_R5 seed4 gpu1] pixel stats: year=1996 34% (4/8 years)
[2026-08-15 03:34:27] [I20_R5 seed4 gpu1] pixel stats: year=1996 36% (4/8 years)
[2026-08-15 03:34:27] [I20_R5 seed4 gpu1] pixel stats: year=1996 37% (4/8 years)
[2026-08-15 03:34:28] [I20_R5 seed4 gpu1] pixel stats: year=1996 38% (4/8 years)
[2026-08-15 03:34:28] [I20_R5 seed4 gpu1] pixel stats: year=1996 40% (4/8 years)
[2026-08-15 03:34:29] [I20_R5 seed4 gpu1] pixel stats: year=1996 41% (4/8 years)
[2026-08-15 03:34:29] [I20_R5 seed4 gpu1] pixel stats: year=1996 43% (4/8 years)
[2026-08-15 03:34:29] [I20_R5 seed4 gpu1] pixel stats: year=1996 44% (4/8 years)
[2026-08-15 03:34:30] [I20_R5 seed4 gpu1] pixel stats: year=1996 45% (4/8 years)
[2026-08-15 03:34:30] [I20_R5 seed4 gpu1] pixel stats: year=1996 47% (4/8 years)
[2026-08-15 03:34:30] [I20_R5 seed4 gpu1] pixel stats: year=1996 48% (4/8 years)
[2026-08-15 03:34:31] [I20_R5 seed4 gpu1] pixel stats: year=1996 50% (4/8 years)
[2026-08-15 03:34:31] [I20_R5 seed4 gpu1] pixel stats: year=1996 51% (4/8 years)
[2026-08-15 03:34:31] [I20_R5 seed4 gpu1] pixel stats: year=1996 53% (4/8 years)
[2026-08-15 03:34:31] [I20_R5 seed4 gpu1] pixel stats: year=1996 54% (4/8 years)
[2026-08-15 03:34:32] [I20_R5 seed4 gpu1] pixel stats: year=1996 55% (4/8 years)
[2026-08-15 03:34:32] [I20_R5 seed4 gpu1] pixel stats: year=1996 57% (4/8 years)
[2026-08-15 03:34:32] [I20_R5 seed4 gpu1] pixel stats: year=1996 58% (4/8 years)
[2026-08-15 03:34:32] [I20_R5 seed4 gpu1] pixel stats: year=1996 60% (4/8 years)
[2026-08-15 03:34:32] [I20_R5 seed4 gpu1] pixel stats: year=1996 61% (4/8 years)
[2026-08-15 03:34:33] [I20_R5 seed4 gpu1] pixel stats: year=1996 63% (4/8 years)
[2026-08-15 03:34:33] [I20_R5 seed4 gpu1] pixel stats: year=1996 64% (4/8 years)
[2026-08-15 03:34:33] [I20_R5 seed4 gpu1] pixel stats: year=1996 65% (4/8 years)
[2026-08-15 03:34:33] [I20_R5 seed4 gpu1] pixel stats: year=1996 67% (4/8 years)
[2026-08-15 03:34:33] [I20_R5 seed4 gpu1] pixel stats: year=1996 68% (4/8 years)
[2026-08-15 03:34:33] [I20_R5 seed4 gpu1] pixel stats: year=1996 70% (4/8 years)
[2026-08-15 03:34:33] [I20_R5 seed4 gpu1] pixel stats: year=1996 71% (4/8 years)
[2026-08-15 03:34:33] [I20_R5 seed4 gpu1] pixel stats: year=1996 73% (4/8 years)
[2026-08-15 03:34:33] [I20_R5 seed4 gpu1] pixel stats: year=1996 74% (4/8 years)
[2026-08-15 03:34:34] [I20_R5 seed4 gpu1] pixel stats: year=1996 75% (4/8 years)
[2026-08-15 03:34:34] [I20_R5 seed4 gpu1] pixel stats: year=1996 77% (4/8 years)
[2026-08-15 03:34:34] [I20_R5 seed4 gpu1] pixel stats: year=1996 78% (4/8 years)
[2026-08-15 03:34:34] [I20_R5 seed4 gpu1] pixel stats: year=1996 80% (4/8 years)
[2026-08-15 03:34:34] [I20_R5 seed4 gpu1] pixel stats: year=1996 81% (4/8 years)
[2026-08-15 03:34:34] [I20_R5 seed4 gpu1] pixel stats: year=1996 82% (4/8 years)
[2026-08-15 03:34:34] [I20_R5 seed4 gpu1] pixel stats: year=1996 84% (4/8 years)
[2026-08-15 03:34:34] [I20_R5 seed4 gpu1] pixel stats: year=1996 85% (4/8 years)
[2026-08-15 03:34:34] [I20_R5 seed4 gpu1] pixel stats: year=1996 87% (4/8 years)
[2026-08-15 03:34:34] [I20_R5 seed4 gpu1] pixel stats: year=1996 88% (4/8 years)
[2026-08-15 03:34:35] [I20_R5 seed4 gpu1] pixel stats: year=1996 90% (4/8 years)
[2026-08-15 03:34:35] [I20_R5 seed4 gpu1] pixel stats: year=1996 91% (4/8 years)
[2026-08-15 03:34:35] [I20_R5 seed4 gpu1] pixel stats: year=1996 92% (4/8 years)
[2026-08-15 03:34:35] [I20_R5 seed4 gpu1] pixel stats: year=1996 94% (4/8 years)
[2026-08-15 03:34:35] [I20_R5 seed4 gpu1] pixel stats: year=1996 95% (4/8 years)
[2026-08-15 03:34:35] [I20_R5 seed4 gpu1] pixel stats: year=1996 97% (4/8 years)
[2026-08-15 03:34:35] [I20_R5 seed4 gpu1] pixel stats: year=1996 98% (4/8 years)
[2026-08-15 03:34:35] [I20_R5 seed4 gpu1] pixel stats: year=1996 100% (4/8 years)
[2026-08-15 03:34:35] [I20_R5 seed4 gpu1] pixel stats: year=1996 100% (4/8 years)
[2026-08-15 03:34:35] [I20_R5 seed4 gpu1] pixel stats: year=1996 done (4/8 years)
[2026-08-15 03:34:53] [I60_R5 seed1 gpu0] pixel stats: year=1994 13% (2/8 years)
[2026-08-15 03:36:28] [I20_R5 seed4 gpu1] pixel stats: year=1997 1% (5/8 years)
[2026-08-15 03:36:55] [I60_R5 seed1 gpu0] pixel stats: year=1994 14% (2/8 years)
[2026-08-15 03:38:19] [I20_R5 seed4 gpu1] pixel stats: year=1997 3% (5/8 years)
[2026-08-15 03:38:44] [I60_R5 seed1 gpu0] pixel stats: year=1994 16% (2/8 years)
[2026-08-15 03:38:54] [I20_R5 seed4 gpu1] pixel stats: year=1997 4% (5/8 years)
[2026-08-15 03:39:19] [I20_R5 seed4 gpu1] pixel stats: year=1997 5% (5/8 years)
[2026-08-15 03:39:35] [I60_R5 seed1 gpu0] pixel stats: year=1994 18% (2/8 years)
[2026-08-15 03:39:38] [I20_R5 seed4 gpu1] pixel stats: year=1997 7% (5/8 years)
[2026-08-15 03:39:56] [I20_R5 seed4 gpu1] pixel stats: year=1997 8% (5/8 years)
[2026-08-15 03:40:07] [I20_R5 seed4 gpu1] pixel stats: year=1997 9% (5/8 years)
[2026-08-15 03:40:17] [I20_R5 seed4 gpu1] pixel stats: year=1997 11% (5/8 years)
[2026-08-15 03:40:24] [I60_R5 seed1 gpu0] pixel stats: year=1994 19% (2/8 years)
[2026-08-15 03:40:24] [I20_R5 seed4 gpu1] pixel stats: year=1997 12% (5/8 years)
[2026-08-15 03:40:30] [I20_R5 seed4 gpu1] pixel stats: year=1997 14% (5/8 years)
[2026-08-15 03:40:35] [I20_R5 seed4 gpu1] pixel stats: year=1997 15% (5/8 years)
[2026-08-15 03:40:39] [I20_R5 seed4 gpu1] pixel stats: year=1997 16% (5/8 years)
[2026-08-15 03:40:43] [I20_R5 seed4 gpu1] pixel stats: year=1997 18% (5/8 years)
[2026-08-15 03:40:46] [I20_R5 seed4 gpu1] pixel stats: year=1997 19% (5/8 years)
[2026-08-15 03:40:49] [I20_R5 seed4 gpu1] pixel stats: year=1997 20% (5/8 years)
[2026-08-15 03:40:51] [I20_R5 seed4 gpu1] pixel stats: year=1997 22% (5/8 years)
[2026-08-15 03:40:53] [I20_R5 seed4 gpu1] pixel stats: year=1997 23% (5/8 years)
[2026-08-15 03:40:55] [I20_R5 seed4 gpu1] pixel stats: year=1997 24% (5/8 years)
[2026-08-15 03:40:57] [I20_R5 seed4 gpu1] pixel stats: year=1997 26% (5/8 years)
[2026-08-15 03:40:58] [I20_R5 seed4 gpu1] pixel stats: year=1997 27% (5/8 years)
[2026-08-15 03:40:59] [I20_R5 seed4 gpu1] pixel stats: year=1997 28% (5/8 years)
[2026-08-15 03:41:00] [I20_R5 seed4 gpu1] pixel stats: year=1997 30% (5/8 years)
[2026-08-15 03:41:02] [I20_R5 seed4 gpu1] pixel stats: year=1997 31% (5/8 years)
[2026-08-15 03:41:03] [I20_R5 seed4 gpu1] pixel stats: year=1997 32% (5/8 years)
[2026-08-15 03:41:03] [I20_R5 seed4 gpu1] pixel stats: year=1997 34% (5/8 years)
[2026-08-15 03:41:04] [I20_R5 seed4 gpu1] pixel stats: year=1997 35% (5/8 years)
[2026-08-15 03:41:05] [I20_R5 seed4 gpu1] pixel stats: year=1997 37% (5/8 years)
[2026-08-15 03:41:05] [I20_R5 seed4 gpu1] pixel stats: year=1997 38% (5/8 years)
[2026-08-15 03:41:05] [I20_R5 seed4 gpu1] pixel stats: year=1997 39% (5/8 years)
[2026-08-15 03:41:06] [I20_R5 seed4 gpu1] pixel stats: year=1997 41% (5/8 years)
[2026-08-15 03:41:06] [I20_R5 seed4 gpu1] pixel stats: year=1997 42% (5/8 years)
[2026-08-15 03:41:07] [I20_R5 seed4 gpu1] pixel stats: year=1997 43% (5/8 years)
[2026-08-15 03:41:07] [I20_R5 seed4 gpu1] pixel stats: year=1997 45% (5/8 years)
[2026-08-15 03:41:07] [I20_R5 seed4 gpu1] pixel stats: year=1997 46% (5/8 years)
[2026-08-15 03:41:08] [I20_R5 seed4 gpu1] pixel stats: year=1997 47% (5/8 years)
[2026-08-15 03:41:08] [I20_R5 seed4 gpu1] pixel stats: year=1997 49% (5/8 years)
[2026-08-15 03:41:08] [I20_R5 seed4 gpu1] pixel stats: year=1997 50% (5/8 years)
[2026-08-15 03:41:09] [I20_R5 seed4 gpu1] pixel stats: year=1997 51% (5/8 years)
[2026-08-15 03:41:09] [I20_R5 seed4 gpu1] pixel stats: year=1997 53% (5/8 years)
[2026-08-15 03:41:09] [I20_R5 seed4 gpu1] pixel stats: year=1997 54% (5/8 years)
[2026-08-15 03:41:09] [I20_R5 seed4 gpu1] pixel stats: year=1997 55% (5/8 years)
[2026-08-15 03:41:09] [I20_R5 seed4 gpu1] pixel stats: year=1997 57% (5/8 years)
[2026-08-15 03:41:09] [I20_R5 seed4 gpu1] pixel stats: year=1997 58% (5/8 years)
[2026-08-15 03:41:10] [I20_R5 seed4 gpu1] pixel stats: year=1997 60% (5/8 years)
[2026-08-15 03:41:10] [I20_R5 seed4 gpu1] pixel stats: year=1997 61% (5/8 years)
[2026-08-15 03:41:10] [I20_R5 seed4 gpu1] pixel stats: year=1997 62% (5/8 years)
[2026-08-15 03:41:10] [I20_R5 seed4 gpu1] pixel stats: year=1997 64% (5/8 years)
[2026-08-15 03:41:10] [I20_R5 seed4 gpu1] pixel stats: year=1997 65% (5/8 years)
[2026-08-15 03:41:10] [I20_R5 seed4 gpu1] pixel stats: year=1997 66% (5/8 years)
[2026-08-15 03:41:10] [I20_R5 seed4 gpu1] pixel stats: year=1997 68% (5/8 years)
[2026-08-15 03:41:10] [I60_R5 seed1 gpu0] pixel stats: year=1994 21% (2/8 years)
[2026-08-15 03:41:10] [I20_R5 seed4 gpu1] pixel stats: year=1997 69% (5/8 years)
[2026-08-15 03:41:11] [I20_R5 seed4 gpu1] pixel stats: year=1997 70% (5/8 years)
[2026-08-15 03:41:11] [I20_R5 seed4 gpu1] pixel stats: year=1997 72% (5/8 years)
[2026-08-15 03:41:11] [I20_R5 seed4 gpu1] pixel stats: year=1997 73% (5/8 years)
[2026-08-15 03:41:11] [I20_R5 seed4 gpu1] pixel stats: year=1997 74% (5/8 years)
[2026-08-15 03:41:11] [I20_R5 seed4 gpu1] pixel stats: year=1997 76% (5/8 years)
[2026-08-15 03:41:11] [I20_R5 seed4 gpu1] pixel stats: year=1997 77% (5/8 years)
[2026-08-15 03:41:11] [I20_R5 seed4 gpu1] pixel stats: year=1997 78% (5/8 years)
[2026-08-15 03:41:11] [I20_R5 seed4 gpu1] pixel stats: year=1997 80% (5/8 years)
[2026-08-15 03:41:11] [I20_R5 seed4 gpu1] pixel stats: year=1997 81% (5/8 years)
[2026-08-15 03:41:12] [I20_R5 seed4 gpu1] pixel stats: year=1997 83% (5/8 years)
[2026-08-15 03:41:12] [I20_R5 seed4 gpu1] pixel stats: year=1997 84% (5/8 years)
[2026-08-15 03:41:12] [I20_R5 seed4 gpu1] pixel stats: year=1997 85% (5/8 years)
[2026-08-15 03:41:12] [I20_R5 seed4 gpu1] pixel stats: year=1997 87% (5/8 years)
[2026-08-15 03:41:12] [I20_R5 seed4 gpu1] pixel stats: year=1997 88% (5/8 years)
[2026-08-15 03:41:12] [I20_R5 seed4 gpu1] pixel stats: year=1997 89% (5/8 years)
[2026-08-15 03:41:12] [I20_R5 seed4 gpu1] pixel stats: year=1997 91% (5/8 years)
[2026-08-15 03:41:12] [I20_R5 seed4 gpu1] pixel stats: year=1997 92% (5/8 years)
[2026-08-15 03:41:12] [I20_R5 seed4 gpu1] pixel stats: year=1997 93% (5/8 years)
[2026-08-15 03:41:12] [I20_R5 seed4 gpu1] pixel stats: year=1997 95% (5/8 years)
[2026-08-15 03:41:13] [I20_R5 seed4 gpu1] pixel stats: year=1997 96% (5/8 years)
[2026-08-15 03:41:13] [I20_R5 seed4 gpu1] pixel stats: year=1997 97% (5/8 years)
[2026-08-15 03:41:13] [I20_R5 seed4 gpu1] pixel stats: year=1997 99% (5/8 years)
[2026-08-15 03:41:13] [I20_R5 seed4 gpu1] pixel stats: year=1997 100% (5/8 years)
[2026-08-15 03:41:13] [I20_R5 seed4 gpu1] pixel stats: year=1997 done (5/8 years)
[2026-08-15 03:41:50] [I60_R5 seed1 gpu0] pixel stats: year=1994 22% (2/8 years)
[2026-08-15 03:42:10] [I20_R5 seed4 gpu1] pixel stats: year=1998 1% (6/8 years)
[2026-08-15 03:42:29] [I60_R5 seed1 gpu0] pixel stats: year=1994 24% (2/8 years)
[2026-08-15 03:42:53] [I20_R5 seed4 gpu1] pixel stats: year=1998 3% (6/8 years)
[2026-08-15 03:43:04] [I60_R5 seed1 gpu0] pixel stats: year=1994 26% (2/8 years)
[2026-08-15 03:43:28] [I20_R5 seed4 gpu1] pixel stats: year=1998 4% (6/8 years)
[2026-08-15 03:43:37] [I60_R5 seed1 gpu0] pixel stats: year=1994 27% (2/8 years)
[2026-08-15 03:43:54] [I20_R5 seed4 gpu1] pixel stats: year=1998 5% (6/8 years)
[2026-08-15 03:44:08] [I60_R5 seed1 gpu0] pixel stats: year=1994 29% (2/8 years)
[2026-08-15 03:44:14] [I20_R5 seed4 gpu1] pixel stats: year=1998 7% (6/8 years)
[2026-08-15 03:44:31] [I20_R5 seed4 gpu1] pixel stats: year=1998 8% (6/8 years)
[2026-08-15 03:44:37] [I60_R5 seed1 gpu0] pixel stats: year=1994 30% (2/8 years)
[2026-08-15 03:44:43] [I20_R5 seed4 gpu1] pixel stats: year=1998 9% (6/8 years)
[2026-08-15 03:44:54] [I20_R5 seed4 gpu1] pixel stats: year=1998 11% (6/8 years)
[2026-08-15 03:45:02] [I20_R5 seed4 gpu1] pixel stats: year=1998 12% (6/8 years)
[2026-08-15 03:45:04] [I60_R5 seed1 gpu0] pixel stats: year=1994 32% (2/8 years)
[2026-08-15 03:45:08] [I20_R5 seed4 gpu1] pixel stats: year=1998 13% (6/8 years)
[2026-08-15 03:45:14] [I20_R5 seed4 gpu1] pixel stats: year=1998 15% (6/8 years)
[2026-08-15 03:45:19] [I20_R5 seed4 gpu1] pixel stats: year=1998 16% (6/8 years)
[2026-08-15 03:45:23] [I20_R5 seed4 gpu1] pixel stats: year=1998 17% (6/8 years)
[2026-08-15 03:45:26] [I20_R5 seed4 gpu1] pixel stats: year=1998 19% (6/8 years)
[2026-08-15 03:45:29] [I20_R5 seed4 gpu1] pixel stats: year=1998 20% (6/8 years)
[2026-08-15 03:45:32] [I20_R5 seed4 gpu1] pixel stats: year=1998 21% (6/8 years)
[2026-08-15 03:45:32] [I60_R5 seed1 gpu0] pixel stats: year=1994 34% (2/8 years)
[2026-08-15 03:45:34] [I20_R5 seed4 gpu1] pixel stats: year=1998 23% (6/8 years)
[2026-08-15 03:45:36] [I20_R5 seed4 gpu1] pixel stats: year=1998 24% (6/8 years)
[2026-08-15 03:45:38] [I20_R5 seed4 gpu1] pixel stats: year=1998 25% (6/8 years)
[2026-08-15 03:45:39] [I20_R5 seed4 gpu1] pixel stats: year=1998 27% (6/8 years)
[2026-08-15 03:45:40] [I20_R5 seed4 gpu1] pixel stats: year=1998 28% (6/8 years)
[2026-08-15 03:45:42] [I20_R5 seed4 gpu1] pixel stats: year=1998 29% (6/8 years)
[2026-08-15 03:45:43] [I20_R5 seed4 gpu1] pixel stats: year=1998 31% (6/8 years)
[2026-08-15 03:45:43] [I20_R5 seed4 gpu1] pixel stats: year=1998 32% (6/8 years)
[2026-08-15 03:45:45] [I20_R5 seed4 gpu1] pixel stats: year=1998 33% (6/8 years)
[2026-08-15 03:45:45] [I20_R5 seed4 gpu1] pixel stats: year=1998 35% (6/8 years)
[2026-08-15 03:45:46] [I20_R5 seed4 gpu1] pixel stats: year=1998 36% (6/8 years)
[2026-08-15 03:45:47] [I20_R5 seed4 gpu1] pixel stats: year=1998 37% (6/8 years)
[2026-08-15 03:45:47] [I20_R5 seed4 gpu1] pixel stats: year=1998 39% (6/8 years)
[2026-08-15 03:45:48] [I20_R5 seed4 gpu1] pixel stats: year=1998 40% (6/8 years)
[2026-08-15 03:45:48] [I20_R5 seed4 gpu1] pixel stats: year=1998 41% (6/8 years)
[2026-08-15 03:45:49] [I20_R5 seed4 gpu1] pixel stats: year=1998 43% (6/8 years)
[2026-08-15 03:45:49] [I20_R5 seed4 gpu1] pixel stats: year=1998 44% (6/8 years)
[2026-08-15 03:45:49] [I20_R5 seed4 gpu1] pixel stats: year=1998 45% (6/8 years)
[2026-08-15 03:45:50] [I20_R5 seed4 gpu1] pixel stats: year=1998 47% (6/8 years)
[2026-08-15 03:45:50] [I20_R5 seed4 gpu1] pixel stats: year=1998 48% (6/8 years)
[2026-08-15 03:45:50] [I20_R5 seed4 gpu1] pixel stats: year=1998 49% (6/8 years)
[2026-08-15 03:45:50] [I20_R5 seed4 gpu1] pixel stats: year=1998 50% (6/8 years)
[2026-08-15 03:45:51] [I20_R5 seed4 gpu1] pixel stats: year=1998 52% (6/8 years)
[2026-08-15 03:45:51] [I20_R5 seed4 gpu1] pixel stats: year=1998 53% (6/8 years)
[2026-08-15 03:45:51] [I20_R5 seed4 gpu1] pixel stats: year=1998 54% (6/8 years)
[2026-08-15 03:45:51] [I20_R5 seed4 gpu1] pixel stats: year=1998 56% (6/8 years)
[2026-08-15 03:45:52] [I20_R5 seed4 gpu1] pixel stats: year=1998 57% (6/8 years)
[2026-08-15 03:45:52] [I20_R5 seed4 gpu1] pixel stats: year=1998 58% (6/8 years)
[2026-08-15 03:45:52] [I20_R5 seed4 gpu1] pixel stats: year=1998 60% (6/8 years)
[2026-08-15 03:45:52] [I20_R5 seed4 gpu1] pixel stats: year=1998 61% (6/8 years)
[2026-08-15 03:45:53] [I20_R5 seed4 gpu1] pixel stats: year=1998 62% (6/8 years)
[2026-08-15 03:45:53] [I20_R5 seed4 gpu1] pixel stats: year=1998 64% (6/8 years)
[2026-08-15 03:45:53] [I20_R5 seed4 gpu1] pixel stats: year=1998 65% (6/8 years)
[2026-08-15 03:45:53] [I20_R5 seed4 gpu1] pixel stats: year=1998 66% (6/8 years)
[2026-08-15 03:45:53] [I20_R5 seed4 gpu1] pixel stats: year=1998 68% (6/8 years)
[2026-08-15 03:45:54] [I20_R5 seed4 gpu1] pixel stats: year=1998 69% (6/8 years)
[2026-08-15 03:45:54] [I20_R5 seed4 gpu1] pixel stats: year=1998 70% (6/8 years)
[2026-08-15 03:45:54] [I20_R5 seed4 gpu1] pixel stats: year=1998 72% (6/8 years)
[2026-08-15 03:45:54] [I20_R5 seed4 gpu1] pixel stats: year=1998 73% (6/8 years)
[2026-08-15 03:45:54] [I20_R5 seed4 gpu1] pixel stats: year=1998 74% (6/8 years)
[2026-08-15 03:45:54] [I20_R5 seed4 gpu1] pixel stats: year=1998 76% (6/8 years)
[2026-08-15 03:45:54] [I20_R5 seed4 gpu1] pixel stats: year=1998 77% (6/8 years)
[2026-08-15 03:45:54] [I20_R5 seed4 gpu1] pixel stats: year=1998 78% (6/8 years)
[2026-08-15 03:45:54] [I20_R5 seed4 gpu1] pixel stats: year=1998 80% (6/8 years)
[2026-08-15 03:45:55] [I20_R5 seed4 gpu1] pixel stats: year=1998 81% (6/8 years)
[2026-08-15 03:45:55] [I20_R5 seed4 gpu1] pixel stats: year=1998 82% (6/8 years)
[2026-08-15 03:45:55] [I20_R5 seed4 gpu1] pixel stats: year=1998 84% (6/8 years)
[2026-08-15 03:45:55] [I20_R5 seed4 gpu1] pixel stats: year=1998 85% (6/8 years)
[2026-08-15 03:45:55] [I20_R5 seed4 gpu1] pixel stats: year=1998 86% (6/8 years)
[2026-08-15 03:45:55] [I20_R5 seed4 gpu1] pixel stats: year=1998 88% (6/8 years)
[2026-08-15 03:45:55] [I20_R5 seed4 gpu1] pixel stats: year=1998 89% (6/8 years)
[2026-08-15 03:45:55] [I20_R5 seed4 gpu1] pixel stats: year=1998 90% (6/8 years)
[2026-08-15 03:45:55] [I60_R5 seed1 gpu0] pixel stats: year=1994 35% (2/8 years)
[2026-08-15 03:45:55] [I20_R5 seed4 gpu1] pixel stats: year=1998 92% (6/8 years)
[2026-08-15 03:45:56] [I20_R5 seed4 gpu1] pixel stats: year=1998 93% (6/8 years)
[2026-08-15 03:45:56] [I20_R5 seed4 gpu1] pixel stats: year=1998 94% (6/8 years)
[2026-08-15 03:45:56] [I20_R5 seed4 gpu1] pixel stats: year=1998 96% (6/8 years)
[2026-08-15 03:45:56] [I20_R5 seed4 gpu1] pixel stats: year=1998 97% (6/8 years)
[2026-08-15 03:45:56] [I20_R5 seed4 gpu1] pixel stats: year=1998 98% (6/8 years)
[2026-08-15 03:45:56] [I20_R5 seed4 gpu1] pixel stats: year=1998 100% (6/8 years)
[2026-08-15 03:45:56] [I20_R5 seed4 gpu1] pixel stats: year=1998 100% (6/8 years)
[2026-08-15 03:45:56] [I20_R5 seed4 gpu1] pixel stats: year=1998 done (6/8 years)
[2026-08-15 03:46:15] [I60_R5 seed1 gpu0] pixel stats: year=1994 37% (2/8 years)
[2026-08-15 03:46:33] [I60_R5 seed1 gpu0] pixel stats: year=1994 38% (2/8 years)
[2026-08-15 03:46:51] [I60_R5 seed1 gpu0] pixel stats: year=1994 40% (2/8 years)
[2026-08-15 03:46:58] [I20_R5 seed4 gpu1] pixel stats: year=1999 1% (7/8 years)
[2026-08-15 03:47:08] [I60_R5 seed1 gpu0] pixel stats: year=1994 42% (2/8 years)
[2026-08-15 03:47:23] [I60_R5 seed1 gpu0] pixel stats: year=1994 43% (2/8 years)
[2026-08-15 03:47:36] [I60_R5 seed1 gpu0] pixel stats: year=1994 45% (2/8 years)
[2026-08-15 03:47:45] [I20_R5 seed4 gpu1] pixel stats: year=1999 3% (7/8 years)
[2026-08-15 03:47:48] [I60_R5 seed1 gpu0] pixel stats: year=1994 46% (2/8 years)
[2026-08-15 03:47:59] [I60_R5 seed1 gpu0] pixel stats: year=1994 48% (2/8 years)
[2026-08-15 03:48:10] [I60_R5 seed1 gpu0] pixel stats: year=1994 50% (2/8 years)
[2026-08-15 03:48:20] [I20_R5 seed4 gpu1] pixel stats: year=1999 4% (7/8 years)
[2026-08-15 03:48:20] [I60_R5 seed1 gpu0] pixel stats: year=1994 51% (2/8 years)
[2026-08-15 03:48:29] [I60_R5 seed1 gpu0] pixel stats: year=1994 53% (2/8 years)
[2026-08-15 03:48:38] [I60_R5 seed1 gpu0] pixel stats: year=1994 54% (2/8 years)
[2026-08-15 03:48:45] [I20_R5 seed4 gpu1] pixel stats: year=1999 6% (7/8 years)
[2026-08-15 03:48:47] [I60_R5 seed1 gpu0] pixel stats: year=1994 56% (2/8 years)
[2026-08-15 03:48:53] [I60_R5 seed1 gpu0] pixel stats: year=1994 58% (2/8 years)
[2026-08-15 03:49:00] [I60_R5 seed1 gpu0] pixel stats: year=1994 59% (2/8 years)
[2026-08-15 03:49:05] [I20_R5 seed4 gpu1] pixel stats: year=1999 7% (7/8 years)
[2026-08-15 03:49:05] [I60_R5 seed1 gpu0] pixel stats: year=1994 61% (2/8 years)
[2026-08-15 03:49:11] [I60_R5 seed1 gpu0] pixel stats: year=1994 62% (2/8 years)
[2026-08-15 03:49:17] [I60_R5 seed1 gpu0] pixel stats: year=1994 64% (2/8 years)
[2026-08-15 03:49:19] [I20_R5 seed4 gpu1] pixel stats: year=1999 9% (7/8 years)
[2026-08-15 03:49:22] [I60_R5 seed1 gpu0] pixel stats: year=1994 66% (2/8 years)
[2026-08-15 03:49:26] [I60_R5 seed1 gpu0] pixel stats: year=1994 67% (2/8 years)
[2026-08-15 03:49:30] [I60_R5 seed1 gpu0] pixel stats: year=1994 69% (2/8 years)
[2026-08-15 03:49:30] [I20_R5 seed4 gpu1] pixel stats: year=1999 10% (7/8 years)
[2026-08-15 03:49:34] [I60_R5 seed1 gpu0] pixel stats: year=1994 70% (2/8 years)
[2026-08-15 03:49:37] [I60_R5 seed1 gpu0] pixel stats: year=1994 72% (2/8 years)
[2026-08-15 03:49:39] [I20_R5 seed4 gpu1] pixel stats: year=1999 11% (7/8 years)
[2026-08-15 03:49:41] [I60_R5 seed1 gpu0] pixel stats: year=1994 74% (2/8 years)
[2026-08-15 03:49:44] [I60_R5 seed1 gpu0] pixel stats: year=1994 75% (2/8 years)
[2026-08-15 03:49:45] [I20_R5 seed4 gpu1] pixel stats: year=1999 13% (7/8 years)
[2026-08-15 03:49:47] [I60_R5 seed1 gpu0] pixel stats: year=1994 77% (2/8 years)
[2026-08-15 03:49:50] [I60_R5 seed1 gpu0] pixel stats: year=1994 78% (2/8 years)
[2026-08-15 03:49:51] [I20_R5 seed4 gpu1] pixel stats: year=1999 14% (7/8 years)
[2026-08-15 03:49:53] [I60_R5 seed1 gpu0] pixel stats: year=1994 80% (2/8 years)
[2026-08-15 03:49:55] [I60_R5 seed1 gpu0] pixel stats: year=1994 82% (2/8 years)
[2026-08-15 03:49:55] [I20_R5 seed4 gpu1] pixel stats: year=1999 16% (7/8 years)
[2026-08-15 03:49:57] [I60_R5 seed1 gpu0] pixel stats: year=1994 83% (2/8 years)
[2026-08-15 03:49:59] [I60_R5 seed1 gpu0] pixel stats: year=1994 85% (2/8 years)
[2026-08-15 03:49:59] [I20_R5 seed4 gpu1] pixel stats: year=1999 17% (7/8 years)
[2026-08-15 03:50:01] [I60_R5 seed1 gpu0] pixel stats: year=1994 86% (2/8 years)
[2026-08-15 03:50:02] [I60_R5 seed1 gpu0] pixel stats: year=1994 88% (2/8 years)
[2026-08-15 03:50:02] [I20_R5 seed4 gpu1] pixel stats: year=1999 19% (7/8 years)
[2026-08-15 03:50:04] [I60_R5 seed1 gpu0] pixel stats: year=1994 90% (2/8 years)
[2026-08-15 03:50:05] [I20_R5 seed4 gpu1] pixel stats: year=1999 20% (7/8 years)
[2026-08-15 03:50:05] [I60_R5 seed1 gpu0] pixel stats: year=1994 91% (2/8 years)
[2026-08-15 03:50:06] [I60_R5 seed1 gpu0] pixel stats: year=1994 93% (2/8 years)
[2026-08-15 03:50:07] [I20_R5 seed4 gpu1] pixel stats: year=1999 21% (7/8 years)
[2026-08-15 03:50:07] [I60_R5 seed1 gpu0] pixel stats: year=1994 94% (2/8 years)
[2026-08-15 03:50:09] [I20_R5 seed4 gpu1] pixel stats: year=1999 23% (7/8 years)
[2026-08-15 03:50:09] [I60_R5 seed1 gpu0] pixel stats: year=1994 96% (2/8 years)
[2026-08-15 03:50:10] [I60_R5 seed1 gpu0] pixel stats: year=1994 98% (2/8 years)
[2026-08-15 03:50:10] [I20_R5 seed4 gpu1] pixel stats: year=1999 24% (7/8 years)
[2026-08-15 03:50:11] [I60_R5 seed1 gpu0] pixel stats: year=1994 99% (2/8 years)
[2026-08-15 03:50:11] [I20_R5 seed4 gpu1] pixel stats: year=1999 26% (7/8 years)
[2026-08-15 03:50:12] [I60_R5 seed1 gpu0] pixel stats: year=1994 100% (2/8 years)
[2026-08-15 03:50:12] [I60_R5 seed1 gpu0] pixel stats: year=1994 done (2/8 years)
[2026-08-15 03:50:12] [I20_R5 seed4 gpu1] pixel stats: year=1999 27% (7/8 years)
[2026-08-15 03:50:14] [I20_R5 seed4 gpu1] pixel stats: year=1999 29% (7/8 years)
[2026-08-15 03:50:15] [I20_R5 seed4 gpu1] pixel stats: year=1999 30% (7/8 years)
[2026-08-15 03:50:16] [I20_R5 seed4 gpu1] pixel stats: year=1999 31% (7/8 years)
[2026-08-15 03:50:17] [I20_R5 seed4 gpu1] pixel stats: year=1999 33% (7/8 years)
[2026-08-15 03:50:19] [I20_R5 seed4 gpu1] pixel stats: year=1999 34% (7/8 years)
[2026-08-15 03:50:20] [I20_R5 seed4 gpu1] pixel stats: year=1999 36% (7/8 years)
[2026-08-15 03:50:20] [I20_R5 seed4 gpu1] pixel stats: year=1999 37% (7/8 years)
[2026-08-15 03:50:22] [I20_R5 seed4 gpu1] pixel stats: year=1999 39% (7/8 years)
[2026-08-15 03:50:22] [I20_R5 seed4 gpu1] pixel stats: year=1999 40% (7/8 years)
[2026-08-15 03:50:23] [I20_R5 seed4 gpu1] pixel stats: year=1999 41% (7/8 years)
[2026-08-15 03:50:23] [I20_R5 seed4 gpu1] pixel stats: year=1999 43% (7/8 years)
[2026-08-15 03:50:24] [I20_R5 seed4 gpu1] pixel stats: year=1999 44% (7/8 years)
[2026-08-15 03:50:24] [I20_R5 seed4 gpu1] pixel stats: year=1999 46% (7/8 years)
[2026-08-15 03:50:24] [I20_R5 seed4 gpu1] pixel stats: year=1999 47% (7/8 years)
[2026-08-15 03:50:25] [I20_R5 seed4 gpu1] pixel stats: year=1999 49% (7/8 years)
[2026-08-15 03:50:26] [I20_R5 seed4 gpu1] pixel stats: year=1999 50% (7/8 years)
[2026-08-15 03:50:26] [I20_R5 seed4 gpu1] pixel stats: year=1999 51% (7/8 years)
[2026-08-15 03:50:27] [I20_R5 seed4 gpu1] pixel stats: year=1999 53% (7/8 years)
[2026-08-15 03:50:27] [I20_R5 seed4 gpu1] pixel stats: year=1999 54% (7/8 years)
[2026-08-15 03:50:28] [I20_R5 seed4 gpu1] pixel stats: year=1999 56% (7/8 years)
[2026-08-15 03:50:28] [I20_R5 seed4 gpu1] pixel stats: year=1999 57% (7/8 years)
[2026-08-15 03:50:28] [I20_R5 seed4 gpu1] pixel stats: year=1999 59% (7/8 years)
[2026-08-15 03:50:29] [I20_R5 seed4 gpu1] pixel stats: year=1999 60% (7/8 years)
[2026-08-15 03:50:29] [I20_R5 seed4 gpu1] pixel stats: year=1999 61% (7/8 years)
[2026-08-15 03:50:29] [I20_R5 seed4 gpu1] pixel stats: year=1999 63% (7/8 years)
[2026-08-15 03:50:29] [I20_R5 seed4 gpu1] pixel stats: year=1999 64% (7/8 years)
[2026-08-15 03:50:29] [I20_R5 seed4 gpu1] pixel stats: year=1999 66% (7/8 years)
[2026-08-15 03:50:30] [I20_R5 seed4 gpu1] pixel stats: year=1999 67% (7/8 years)
[2026-08-15 03:50:30] [I20_R5 seed4 gpu1] pixel stats: year=1999 69% (7/8 years)
[2026-08-15 03:50:30] [I20_R5 seed4 gpu1] pixel stats: year=1999 70% (7/8 years)
[2026-08-15 03:50:31] [I20_R5 seed4 gpu1] pixel stats: year=1999 71% (7/8 years)
[2026-08-15 03:50:31] [I20_R5 seed4 gpu1] pixel stats: year=1999 73% (7/8 years)
[2026-08-15 03:50:31] [I20_R5 seed4 gpu1] pixel stats: year=1999 74% (7/8 years)
[2026-08-15 03:50:31] [I20_R5 seed4 gpu1] pixel stats: year=1999 76% (7/8 years)
[2026-08-15 03:50:31] [I20_R5 seed4 gpu1] pixel stats: year=1999 77% (7/8 years)
[2026-08-15 03:50:32] [I20_R5 seed4 gpu1] pixel stats: year=1999 79% (7/8 years)
[2026-08-15 03:50:32] [I20_R5 seed4 gpu1] pixel stats: year=1999 80% (7/8 years)
[2026-08-15 03:50:32] [I20_R5 seed4 gpu1] pixel stats: year=1999 81% (7/8 years)
[2026-08-15 03:50:32] [I20_R5 seed4 gpu1] pixel stats: year=1999 83% (7/8 years)
[2026-08-15 03:50:32] [I20_R5 seed4 gpu1] pixel stats: year=1999 84% (7/8 years)
[2026-08-15 03:50:32] [I20_R5 seed4 gpu1] pixel stats: year=1999 86% (7/8 years)
[2026-08-15 03:50:32] [I20_R5 seed4 gpu1] pixel stats: year=1999 87% (7/8 years)
[2026-08-15 03:50:32] [I20_R5 seed4 gpu1] pixel stats: year=1999 89% (7/8 years)
[2026-08-15 03:50:33] [I20_R5 seed4 gpu1] pixel stats: year=1999 90% (7/8 years)
[2026-08-15 03:50:33] [I20_R5 seed4 gpu1] pixel stats: year=1999 91% (7/8 years)
[2026-08-15 03:50:33] [I20_R5 seed4 gpu1] pixel stats: year=1999 93% (7/8 years)
[2026-08-15 03:50:33] [I20_R5 seed4 gpu1] pixel stats: year=1999 94% (7/8 years)
[2026-08-15 03:50:33] [I20_R5 seed4 gpu1] pixel stats: year=1999 96% (7/8 years)
[2026-08-15 03:50:34] [I20_R5 seed4 gpu1] pixel stats: year=1999 97% (7/8 years)
[2026-08-15 03:50:34] [I20_R5 seed4 gpu1] pixel stats: year=1999 99% (7/8 years)
[2026-08-15 03:50:34] [I20_R5 seed4 gpu1] pixel stats: year=1999 100% (7/8 years)
[2026-08-15 03:50:34] [I20_R5 seed4 gpu1] pixel stats: year=1999 100% (7/8 years)
[2026-08-15 03:50:34] [I20_R5 seed4 gpu1] pixel stats: year=1999 done (7/8 years)
[2026-08-15 03:50:58] [I60_R5 seed1 gpu0] pixel stats: year=1995 2% (3/8 years)
[2026-08-15 03:51:42] [I60_R5 seed1 gpu0] pixel stats: year=1995 3% (3/8 years)
[2026-08-15 03:52:25] [I60_R5 seed1 gpu0] pixel stats: year=1995 5% (3/8 years)
[2026-08-15 03:52:30] [I20_R5 seed4 gpu1] pixel stats: year=2000 1% (8/8 years)
