[2026-08-15 03:04:06] ============================================================
[2026-08-15 03:04:06] 03_train_cnn
[2026-08-15 03:04:06] Conda: 5020_env
[2026-08-15 03:04:06] Python: /home/zkb/rpt-re/scripts/py/03_train_cnn.py
[2026-08-15 03:04:06] Args:  --paper-cross --all-seeds --gpu-ids 0,1,2,3 --batch-size 256 --reserve-gib 16
[2026-08-15 03:04:06] Log:   /home/zkb/rpt-re/logs/03_train_cnn/03_train_cnn_20260815_030404.log
[2026-08-15 03:04:06] ============================================================
[2026-08-15 03:04:06] starting python
[2026-08-15 03:04:10] pending jobs=25 configs=[(20, 5), (60, 5), (5, 20), (60, 20), (5, 60), (20, 60)] seeds=[0, 1, 2, 3, 4]
[2026-08-15 03:04:10] nvidia-smi=[(0, 48494, 0), (1, 48496, 0), (2, 48464, 0), (3, 48496, 0)]
[2026-08-15 03:04:10] parallel jobs=25 n_conc=23 gpu_free=[(0, 48494), (1, 48496), (2, 48464), (3, 48496)] gpu_slots=44 per_gpu_slots=[11, 11, 11, 11] jobs_per_gpu_max=32 batch_size=256 ram_diag={'source': 'memory_budget', 'avail_gib': 248.0, 'total_gib': 377.5, 'reserve_gib': 16.0, 'budget_gib': 232.0, 'mem_per_worker_gib': 10.0, 'mem_cap': 23, 'cpu_cap': 112, 'swap_percent': 100.0, 'n_tasks': 25, 'resolved_workers': 23}
[2026-08-15 03:04:10] acquire gpu=1 need_mib=8192 active={0: 0, 1: 1, 2: 0, 3: 0} remaining={0: 48494, 1: 40304, 2: 48464, 3: 48496}
[2026-08-15 03:04:10] [I20_R5 seed0 gpu1] start
[2026-08-15 03:04:10] acquire gpu=3 need_mib=8192 active={0: 0, 1: 1, 2: 0, 3: 1} remaining={0: 48494, 1: 40304, 2: 48464, 3: 40304}
[2026-08-15 03:04:10] [I20_R5 seed1 gpu3] start
[2026-08-15 03:04:10] acquire gpu=0 need_mib=8192 active={0: 1, 1: 1, 2: 0, 3: 1} remaining={0: 40302, 1: 40304, 2: 48464, 3: 40304}
[2026-08-15 03:04:10] [I20_R5 seed2 gpu0] start
[2026-08-15 03:04:10] acquire gpu=2 need_mib=8192 active={0: 1, 1: 1, 2: 1, 3: 1} remaining={0: 40302, 1: 40304, 2: 40272, 3: 40304}
[2026-08-15 03:04:10] [I20_R5 seed3 gpu2] start
[2026-08-15 03:04:10] acquire gpu=1 need_mib=8192 active={0: 1, 1: 2, 2: 1, 3: 1} remaining={0: 40302, 1: 32112, 2: 40272, 3: 40304}
[2026-08-15 03:04:10] [I20_R5 seed4 gpu1] start
[2026-08-15 03:04:10] acquire gpu=3 need_mib=16384 active={0: 1, 1: 2, 2: 1, 3: 2} remaining={0: 40302, 1: 32112, 2: 40272, 3: 23920}
[2026-08-15 03:04:10] [I60_R5 seed0 gpu3] start
[2026-08-15 03:04:10] acquire gpu=0 need_mib=16384 active={0: 2, 1: 2, 2: 1, 3: 2} remaining={0: 23918, 1: 32112, 2: 40272, 3: 23920}
[2026-08-15 03:04:10] [I60_R5 seed1 gpu0] start
[2026-08-15 03:04:10] acquire gpu=2 need_mib=16384 active={0: 2, 1: 2, 2: 2, 3: 2} remaining={0: 23918, 1: 32112, 2: 23888, 3: 23920}
[2026-08-15 03:04:10] [I60_R5 seed2 gpu2] start
[2026-08-15 03:04:10] acquire gpu=1 need_mib=16384 active={0: 2, 1: 3, 2: 2, 3: 2} remaining={0: 23918, 1: 15728, 2: 23888, 3: 23920}
[2026-08-15 03:04:10] acquire gpu=3 need_mib=16384 active={0: 2, 1: 3, 2: 2, 3: 3} remaining={0: 23918, 1: 15728, 2: 23888, 3: 7536}
[2026-08-15 03:04:10] [I60_R5 seed3 gpu1] start
[2026-08-15 03:04:10] [I60_R5 seed4 gpu3] start
[2026-08-15 03:04:10] acquire gpu=0 need_mib=4096 active={0: 3, 1: 3, 2: 2, 3: 3} remaining={0: 19822, 1: 15728, 2: 23888, 3: 7536}
[2026-08-15 03:04:10] [I5_R20 seed0 gpu0] start
[2026-08-15 03:04:10] acquire gpu=2 need_mib=4096 active={0: 3, 1: 3, 2: 3, 3: 3} remaining={0: 19822, 1: 15728, 2: 19792, 3: 7536}
[2026-08-15 03:04:10] [I5_R20 seed1 gpu2] start
[2026-08-15 03:04:10] acquire gpu=0 need_mib=4096 active={0: 4, 1: 3, 2: 3, 3: 3} remaining={0: 15726, 1: 15728, 2: 19792, 3: 7536}
[2026-08-15 03:04:10] [I5_R20 seed2 gpu0] start
[2026-08-15 03:04:10] acquire gpu=2 need_mib=4096 active={0: 4, 1: 3, 2: 4, 3: 3} remaining={0: 15726, 1: 15728, 2: 15696, 3: 7536}
[2026-08-15 03:04:10] acquire gpu=1 need_mib=4096 active={0: 4, 1: 4, 2: 4, 3: 3} remaining={0: 15726, 1: 11632, 2: 15696, 3: 7536}
[2026-08-15 03:04:10] [I5_R20 seed3 gpu2] start
[2026-08-15 03:04:10] [I5_R20 seed4 gpu1] start
[2026-08-15 03:04:10] acquire gpu=0 need_mib=4096 active={0: 5, 1: 4, 2: 4, 3: 3} remaining={0: 11630, 1: 11632, 2: 15696, 3: 7536}
[2026-08-15 03:04:10] acquire gpu=2 need_mib=4096 active={0: 5, 1: 4, 2: 5, 3: 3} remaining={0: 11630, 1: 11632, 2: 11600, 3: 7536}
[2026-08-15 03:04:10] [I5_R60 seed1 gpu2] start
[2026-08-15 03:04:10] acquire gpu=1 need_mib=4096 active={0: 5, 1: 5, 2: 5, 3: 3} remaining={0: 11630, 1: 7536, 2: 11600, 3: 7536}
[2026-08-15 03:04:10] [I5_R60 seed0 gpu0] start[I5_R60 seed2 gpu1] start
[2026-08-15 03:04:10] 
[2026-08-15 03:04:10] acquire gpu=0 need_mib=4096 active={0: 6, 1: 5, 2: 5, 3: 3} remaining={0: 7534, 1: 7536, 2: 11600, 3: 7536}
[2026-08-15 03:04:10] [I5_R60 seed3 gpu0] start
[2026-08-15 03:04:10] acquire gpu=2 need_mib=4096 active={0: 6, 1: 5, 2: 6, 3: 3} remaining={0: 7534, 1: 7536, 2: 7504, 3: 7536}
[2026-08-15 03:04:10] [I5_R60 seed4 gpu2] start
[2026-08-15 03:04:13] [I5_R60 seed4 gpu2] pending jobs=1 configs=[(5, 60)] seeds=[4]
[2026-08-15 03:04:13] [I20_R5 seed0 gpu1] pending jobs=1 configs=[(20, 5)] seeds=[0]
[2026-08-15 03:04:13] [I20_R5 seed2 gpu0] pending jobs=1 configs=[(20, 5)] seeds=[2]
[2026-08-15 03:04:13] [I20_R5 seed4 gpu1] pending jobs=1 configs=[(20, 5)] seeds=[4]
[2026-08-15 03:04:13] [I60_R5 seed1 gpu0] pending jobs=1 configs=[(60, 5)] seeds=[1]
[2026-08-15 03:04:13] [I5_R60 seed3 gpu0] pending jobs=1 configs=[(5, 60)] seeds=[3]
[2026-08-15 03:04:13] [I5_R20 seed1 gpu2] pending jobs=1 configs=[(5, 20)] seeds=[1]
[2026-08-15 03:04:14] [I5_R60 seed0 gpu0] pending jobs=1 configs=[(5, 60)] seeds=[0]
[2026-08-15 03:04:14] [I5_R60 seed1 gpu2] pending jobs=1 configs=[(5, 60)] seeds=[1]
[2026-08-15 03:04:14] [I5_R20 seed0 gpu0] pending jobs=1 configs=[(5, 20)] seeds=[0]
[2026-08-15 03:04:14] [I5_R20 seed3 gpu2] pending jobs=1 configs=[(5, 20)] seeds=[3]
[2026-08-15 03:04:14] [I60_R5 seed3 gpu1] pending jobs=1 configs=[(60, 5)] seeds=[3]
[2026-08-15 03:04:14] [I60_R5 seed4 gpu3] pending jobs=1 configs=[(60, 5)] seeds=[4]
[2026-08-15 03:04:14] [I60_R5 seed2 gpu2] pending jobs=1 configs=[(60, 5)] seeds=[2]
[2026-08-15 03:04:14] [I60_R5 seed0 gpu3] pending jobs=1 configs=[(60, 5)] seeds=[0]
[2026-08-15 03:04:14] [I5_R20 seed2 gpu0] pending jobs=1 configs=[(5, 20)] seeds=[2]
[2026-08-15 03:04:14] [I20_R5 seed3 gpu2] pending jobs=1 configs=[(20, 5)] seeds=[3]
[2026-08-15 03:04:14] [I20_R5 seed1 gpu3] pending jobs=1 configs=[(20, 5)] seeds=[1]
[2026-08-15 03:04:14] [I5_R60 seed2 gpu1] pending jobs=1 configs=[(5, 60)] seeds=[2]
[2026-08-15 03:04:14] [I5_R20 seed4 gpu1] pending jobs=1 configs=[(5, 20)] seeds=[4]
[2026-08-15 03:04:15] [I5_R60 seed0 gpu0] I5/R60 freq=quarter split_seed=0 samples train=169536 val=72659 test=502487
[2026-08-15 03:04:16] [I5_R60 seed3 gpu0] I5/R60 freq=quarter split_seed=0 samples train=169536 val=72659 test=502487
[2026-08-15 03:04:16] [I5_R60 seed1 gpu2] I5/R60 freq=quarter split_seed=0 samples train=169536 val=72659 test=502487
[2026-08-15 03:04:16] [I5_R60 seed4 gpu2] I5/R60 freq=quarter split_seed=0 samples train=169536 val=72659 test=502487
[2026-08-15 03:04:16] [I5_R60 seed2 gpu1] I5/R60 freq=quarter split_seed=0 samples train=169536 val=72659 test=502487
[2026-08-15 03:04:20] [I5_R20 seed1 gpu2] I5/R20 freq=month split_seed=0 samples train=515671 val=221003 test=1524334
[2026-08-15 03:04:20] [I5_R20 seed4 gpu1] I5/R20 freq=month split_seed=0 samples train=515671 val=221003 test=1524334
[2026-08-15 03:04:21] [I5_R20 seed0 gpu0] I5/R20 freq=month split_seed=0 samples train=515671 val=221003 test=1524334
[2026-08-15 03:04:21] [I5_R20 seed2 gpu0] I5/R20 freq=month split_seed=0 samples train=515671 val=221003 test=1524334
[2026-08-15 03:04:21] [I5_R20 seed3 gpu2] I5/R20 freq=month split_seed=0 samples train=515671 val=221003 test=1524334
[2026-08-15 03:04:29] [I5_R60 seed0 gpu0] pixel_mean=47.982940 pixel_std=99.665878
[2026-08-15 03:04:29] [I5_R60 seed3 gpu0] pixel_mean=47.982940 pixel_std=99.665878
[2026-08-15 03:04:29] [I5_R60 seed1 gpu2] pixel_mean=47.982940 pixel_std=99.665878
[2026-08-15 03:04:29] [I5_R60 seed4 gpu2] pixel_mean=47.982940 pixel_std=99.665878
[2026-08-15 03:04:29] [I5_R60 seed2 gpu1] pixel_mean=47.982940 pixel_std=99.665878
[2026-08-15 03:04:29] [I5_R60 seed0 gpu0] I5_R60 train_seed=0
[2026-08-15 03:04:29] [I5_R60 seed3 gpu0] I5_R60 train_seed=3
[2026-08-15 03:04:29] [I5_R60 seed4 gpu2] I5_R60 train_seed=4
[2026-08-15 03:04:29] [I5_R60 seed1 gpu2] I5_R60 train_seed=1
[2026-08-15 03:04:29] [I5_R60 seed2 gpu1] I5_R60 train_seed=2
[2026-08-15 03:04:30] [I5_R60 seed3 gpu0] model I5 flatten=15360 params=155138
[2026-08-15 03:04:30] [I5_R60 seed4 gpu2] model I5 flatten=15360 params=155138
[2026-08-15 03:04:30] [I5_R60 seed0 gpu0] model I5 flatten=15360 params=155138
[2026-08-15 03:04:30] [I5_R60 seed1 gpu2] model I5 flatten=15360 params=155138
[2026-08-15 03:04:30] [I5_R60 seed2 gpu1] model I5 flatten=15360 params=155138
[2026-08-15 03:04:35] [I5_R60 seed3 gpu0] epoch=1 train_loss=0.998013 val_loss=0.720520
[2026-08-15 03:04:35] [I5_R60 seed3 gpu0] new best epoch=1 val_loss=0.720520 -> /data/kaibiao/data/projects/rpt-re/processed/us/models/I5_R60/seed3/best.pt
[2026-08-15 03:04:36] [I5_R60 seed2 gpu1] epoch=1 train_loss=1.008819 val_loss=0.730802
[2026-08-15 03:04:36] [I5_R60 seed2 gpu1] new best epoch=1 val_loss=0.730802 -> /data/kaibiao/data/projects/rpt-re/processed/us/models/I5_R60/seed2/best.pt
[2026-08-15 03:04:36] [I5_R60 seed4 gpu2] epoch=1 train_loss=1.020560 val_loss=0.729245
[2026-08-15 03:04:36] [I5_R60 seed4 gpu2] new best epoch=1 val_loss=0.729245 -> /data/kaibiao/data/projects/rpt-re/processed/us/models/I5_R60/seed4/best.pt
[2026-08-15 03:04:37] [I5_R60 seed1 gpu2] epoch=1 train_loss=1.014214 val_loss=0.724909
[2026-08-15 03:04:37] [I5_R60 seed1 gpu2] new best epoch=1 val_loss=0.724909 -> /data/kaibiao/data/projects/rpt-re/processed/us/models/I5_R60/seed1/best.pt
[2026-08-15 03:04:37] [I5_R60 seed0 gpu0] epoch=1 train_loss=1.018134 val_loss=0.726817
[2026-08-15 03:04:37] [I5_R60 seed0 gpu0] new best epoch=1 val_loss=0.726817 -> /data/kaibiao/data/projects/rpt-re/processed/us/models/I5_R60/seed0/best.pt
[2026-08-15 03:04:39] [I5_R60 seed3 gpu0] epoch=2 train_loss=0.934026 val_loss=0.711770
[2026-08-15 03:04:39] [I5_R60 seed3 gpu0] new best epoch=2 val_loss=0.711770 -> /data/kaibiao/data/projects/rpt-re/processed/us/models/I5_R60/seed3/best.pt
[2026-08-15 03:04:39] [I5_R60 seed2 gpu1] epoch=2 train_loss=0.945956 val_loss=0.713759
[2026-08-15 03:04:39] [I5_R60 seed2 gpu1] new best epoch=2 val_loss=0.713759 -> /data/kaibiao/data/projects/rpt-re/processed/us/models/I5_R60/seed2/best.pt
[2026-08-15 03:04:40] [I5_R60 seed4 gpu2] epoch=2 train_loss=0.956645 val_loss=0.715237
[2026-08-15 03:04:40] [I5_R60 seed4 gpu2] new best epoch=2 val_loss=0.715237 -> /data/kaibiao/data/projects/rpt-re/processed/us/models/I5_R60/seed4/best.pt
[2026-08-15 03:04:40] [I5_R60 seed1 gpu2] epoch=2 train_loss=0.946531 val_loss=0.714283
[2026-08-15 03:04:40] [I5_R60 seed1 gpu2] new best epoch=2 val_loss=0.714283 -> /data/kaibiao/data/projects/rpt-re/processed/us/models/I5_R60/seed1/best.pt
[2026-08-15 03:04:41] [I5_R60 seed0 gpu0] epoch=2 train_loss=0.952655 val_loss=0.718455
[2026-08-15 03:04:41] [I5_R60 seed0 gpu0] new best epoch=2 val_loss=0.718455 -> /data/kaibiao/data/projects/rpt-re/processed/us/models/I5_R60/seed0/best.pt
[2026-08-15 03:04:43] [I5_R60 seed2 gpu1] epoch=3 train_loss=0.902342 val_loss=0.706521
[2026-08-15 03:04:43] [I5_R60 seed2 gpu1] new best epoch=3 val_loss=0.706521 -> /data/kaibiao/data/projects/rpt-re/processed/us/models/I5_R60/seed2/best.pt
[2026-08-15 03:04:43] [I5_R60 seed3 gpu0] epoch=3 train_loss=0.893500 val_loss=0.703706
[2026-08-15 03:04:43] [I5_R60 seed3 gpu0] new best epoch=3 val_loss=0.703706 -> /data/kaibiao/data/projects/rpt-re/processed/us/models/I5_R60/seed3/best.pt
[2026-08-15 03:04:43] [I5_R60 seed4 gpu2] epoch=3 train_loss=0.912660 val_loss=0.707247
[2026-08-15 03:04:43] [I5_R60 seed4 gpu2] new best epoch=3 val_loss=0.707247 -> /data/kaibiao/data/projects/rpt-re/processed/us/models/I5_R60/seed4/best.pt
[2026-08-15 03:04:44] [I5_R60 seed1 gpu2] epoch=3 train_loss=0.905485 val_loss=0.707357
[2026-08-15 03:04:44] [I5_R60 seed1 gpu2] new best epoch=3 val_loss=0.707357 -> /data/kaibiao/data/projects/rpt-re/processed/us/models/I5_R60/seed1/best.pt
[2026-08-15 03:04:45] [I5_R60 seed0 gpu0] epoch=3 train_loss=0.905431 val_loss=0.710108
[2026-08-15 03:04:45] [I5_R60 seed0 gpu0] new best epoch=3 val_loss=0.710108 -> /data/kaibiao/data/projects/rpt-re/processed/us/models/I5_R60/seed0/best.pt
[2026-08-15 03:04:46] [I5_R60 seed2 gpu1] epoch=4 train_loss=0.868918 val_loss=0.709447
[2026-08-15 03:04:46] [I5_R60 seed3 gpu0] epoch=4 train_loss=0.859429 val_loss=0.703923
[2026-08-15 03:04:47] [I5_R60 seed4 gpu2] epoch=4 train_loss=0.878054 val_loss=0.701538
[2026-08-15 03:04:47] [I5_R60 seed4 gpu2] new best epoch=4 val_loss=0.701538 -> /data/kaibiao/data/projects/rpt-re/processed/us/models/I5_R60/seed4/best.pt
[2026-08-15 03:04:48] [I5_R60 seed1 gpu2] epoch=4 train_loss=0.871255 val_loss=0.703192
[2026-08-15 03:04:48] [I5_R60 seed1 gpu2] new best epoch=4 val_loss=0.703192 -> /data/kaibiao/data/projects/rpt-re/processed/us/models/I5_R60/seed1/best.pt
[2026-08-15 03:04:49] [I5_R60 seed0 gpu0] epoch=4 train_loss=0.873373 val_loss=0.704790
[2026-08-15 03:04:49] [I5_R60 seed0 gpu0] new best epoch=4 val_loss=0.704790 -> /data/kaibiao/data/projects/rpt-re/processed/us/models/I5_R60/seed0/best.pt
[2026-08-15 03:04:49] [I5_R60 seed2 gpu1] epoch=5 train_loss=0.843528 val_loss=0.697540
[2026-08-15 03:04:49] [I5_R60 seed2 gpu1] new best epoch=5 val_loss=0.697540 -> /data/kaibiao/data/projects/rpt-re/processed/us/models/I5_R60/seed2/best.pt
[2026-08-15 03:04:50] [I5_R60 seed3 gpu0] epoch=5 train_loss=0.833973 val_loss=0.697177
[2026-08-15 03:04:50] [I5_R60 seed3 gpu0] new best epoch=5 val_loss=0.697177 -> /data/kaibiao/data/projects/rpt-re/processed/us/models/I5_R60/seed3/best.pt
[2026-08-15 03:04:50] [I5_R60 seed4 gpu2] epoch=5 train_loss=0.849524 val_loss=0.698979
[2026-08-15 03:04:50] [I5_R60 seed4 gpu2] new best epoch=5 val_loss=0.698979 -> /data/kaibiao/data/projects/rpt-re/processed/us/models/I5_R60/seed4/best.pt
[2026-08-15 03:04:52] [I5_R60 seed1 gpu2] epoch=5 train_loss=0.842890 val_loss=0.699435
[2026-08-15 03:04:52] [I5_R60 seed1 gpu2] new best epoch=5 val_loss=0.699435 -> /data/kaibiao/data/projects/rpt-re/processed/us/models/I5_R60/seed1/best.pt
[2026-08-15 03:04:52] [I5_R60 seed2 gpu1] epoch=6 train_loss=0.822810 val_loss=0.695394
[2026-08-15 03:04:52] [I5_R60 seed2 gpu1] new best epoch=6 val_loss=0.695394 -> /data/kaibiao/data/projects/rpt-re/processed/us/models/I5_R60/seed2/best.pt
[2026-08-15 03:04:53] [I5_R60 seed0 gpu0] epoch=5 train_loss=0.845437 val_loss=0.699450
[2026-08-15 03:04:53] [I5_R60 seed0 gpu0] new best epoch=5 val_loss=0.699450 -> /data/kaibiao/data/projects/rpt-re/processed/us/models/I5_R60/seed0/best.pt
[2026-08-15 03:04:53] [I5_R60 seed3 gpu0] epoch=6 train_loss=0.813192 val_loss=0.697050
[2026-08-15 03:04:53] [I5_R60 seed3 gpu0] new best epoch=6 val_loss=0.697050 -> /data/kaibiao/data/projects/rpt-re/processed/us/models/I5_R60/seed3/best.pt
[2026-08-15 03:04:54] [I5_R60 seed4 gpu2] epoch=6 train_loss=0.828473 val_loss=0.696644
[2026-08-15 03:04:54] [I5_R60 seed4 gpu2] new best epoch=6 val_loss=0.696644 -> /data/kaibiao/data/projects/rpt-re/processed/us/models/I5_R60/seed4/best.pt
[2026-08-15 03:04:55] [I5_R20 seed1 gpu2] pixel_mean=47.861166 pixel_std=99.568600
[2026-08-15 03:04:55] [I5_R20 seed4 gpu1] pixel_mean=47.861166 pixel_std=99.568600
[2026-08-15 03:04:55] [I5_R20 seed0 gpu0] pixel_mean=47.861166 pixel_std=99.568600
[2026-08-15 03:04:55] [I5_R20 seed2 gpu0] pixel_mean=47.861166 pixel_std=99.568600
[2026-08-15 03:04:56] [I5_R20 seed3 gpu2] pixel_mean=47.861166 pixel_std=99.568600
[2026-08-15 03:04:56] [I5_R20 seed0 gpu0] I5_R20 train_seed=0
[2026-08-15 03:04:56] [I5_R20 seed4 gpu1] I5_R20 train_seed=4
[2026-08-15 03:04:56] [I5_R20 seed1 gpu2] I5_R20 train_seed=1
[2026-08-15 03:04:56] [I5_R20 seed2 gpu0] I5_R20 train_seed=2
[2026-08-15 03:04:56] [I5_R20 seed3 gpu2] I5_R20 train_seed=3
[2026-08-15 03:04:56] [I5_R60 seed1 gpu2] epoch=6 train_loss=0.822595 val_loss=0.696661
[2026-08-15 03:04:56] [I5_R60 seed2 gpu1] epoch=7 train_loss=0.803144 val_loss=0.694608
[2026-08-15 03:04:56] [I5_R60 seed1 gpu2] new best epoch=6 val_loss=0.696661 -> /data/kaibiao/data/projects/rpt-re/processed/us/models/I5_R60/seed1/best.pt
[2026-08-15 03:04:56] [I5_R60 seed2 gpu1] new best epoch=7 val_loss=0.694608 -> /data/kaibiao/data/projects/rpt-re/processed/us/models/I5_R60/seed2/best.pt
[2026-08-15 03:04:56] [I5_R60 seed0 gpu0] epoch=6 train_loss=0.825462 val_loss=0.698246
[2026-08-15 03:04:56] [I5_R60 seed0 gpu0] new best epoch=6 val_loss=0.698246 -> /data/kaibiao/data/projects/rpt-re/processed/us/models/I5_R60/seed0/best.pt
[2026-08-15 03:04:56] [I5_R20 seed4 gpu1] model I5 flatten=15360 params=155138
[2026-08-15 03:04:56] [I5_R20 seed0 gpu0] model I5 flatten=15360 params=155138
[2026-08-15 03:04:57] [I5_R20 seed1 gpu2] model I5 flatten=15360 params=155138
[2026-08-15 03:04:57] [I5_R20 seed2 gpu0] model I5 flatten=15360 params=155138
[2026-08-15 03:04:57] [I5_R20 seed3 gpu2] model I5 flatten=15360 params=155138
[2026-08-15 03:04:57] [I5_R60 seed3 gpu0] epoch=7 train_loss=0.797579 val_loss=0.694022
[2026-08-15 03:04:57] [I5_R60 seed3 gpu0] new best epoch=7 val_loss=0.694022 -> /data/kaibiao/data/projects/rpt-re/processed/us/models/I5_R60/seed3/best.pt
[2026-08-15 03:04:57] [I5_R60 seed4 gpu2] epoch=7 train_loss=0.807859 val_loss=0.694895
[2026-08-15 03:04:57] [I5_R60 seed4 gpu2] new best epoch=7 val_loss=0.694895 -> /data/kaibiao/data/projects/rpt-re/processed/us/models/I5_R60/seed4/best.pt
[2026-08-15 03:04:59] [I5_R60 seed2 gpu1] epoch=8 train_loss=0.787651 val_loss=0.694740
[2026-08-15 03:05:00] [I5_R60 seed1 gpu2] epoch=7 train_loss=0.801112 val_loss=0.695163
[2026-08-15 03:05:00] [I5_R60 seed1 gpu2] new best epoch=7 val_loss=0.695163 -> /data/kaibiao/data/projects/rpt-re/processed/us/models/I5_R60/seed1/best.pt
[2026-08-15 03:05:00] [I5_R60 seed0 gpu0] epoch=7 train_loss=0.807210 val_loss=0.695833
[2026-08-15 03:05:00] [I5_R60 seed0 gpu0] new best epoch=7 val_loss=0.695833 -> /data/kaibiao/data/projects/rpt-re/processed/us/models/I5_R60/seed0/best.pt
[2026-08-15 03:05:00] [I5_R60 seed3 gpu0] epoch=8 train_loss=0.783854 val_loss=0.692781
[2026-08-15 03:05:00] [I5_R60 seed3 gpu0] new best epoch=8 val_loss=0.692781 -> /data/kaibiao/data/projects/rpt-re/processed/us/models/I5_R60/seed3/best.pt
[2026-08-15 03:05:01] [I5_R60 seed4 gpu2] epoch=8 train_loss=0.790299 val_loss=0.696794
[2026-08-15 03:05:02] [I5_R60 seed2 gpu1] epoch=9 train_loss=0.773309 val_loss=0.692627
[2026-08-15 03:05:02] [I5_R60 seed2 gpu1] new best epoch=9 val_loss=0.692627 -> /data/kaibiao/data/projects/rpt-re/processed/us/models/I5_R60/seed2/best.pt
[2026-08-15 03:05:03] [I5_R60 seed0 gpu0] epoch=8 train_loss=0.794459 val_loss=0.695961
[2026-08-15 03:05:03] [I5_R60 seed1 gpu2] epoch=8 train_loss=0.787071 val_loss=0.693896
[2026-08-15 03:05:03] [I5_R60 seed1 gpu2] new best epoch=8 val_loss=0.693896 -> /data/kaibiao/data/projects/rpt-re/processed/us/models/I5_R60/seed1/best.pt
[2026-08-15 03:05:04] [I5_R60 seed3 gpu0] epoch=9 train_loss=0.770609 val_loss=0.692925
[2026-08-15 03:05:04] [I5_R60 seed4 gpu2] epoch=9 train_loss=0.778052 val_loss=0.694126
[2026-08-15 03:05:04] [I5_R60 seed4 gpu2] new best epoch=9 val_loss=0.694126 -> /data/kaibiao/data/projects/rpt-re/processed/us/models/I5_R60/seed4/best.pt
[2026-08-15 03:05:05] [I5_R60 seed2 gpu1] epoch=10 train_loss=0.762442 val_loss=0.691718
[2026-08-15 03:05:05] [I5_R60 seed2 gpu1] new best epoch=10 val_loss=0.691718 -> /data/kaibiao/data/projects/rpt-re/processed/us/models/I5_R60/seed2/best.pt
[2026-08-15 03:05:07] [I5_R60 seed0 gpu0] epoch=9 train_loss=0.778484 val_loss=0.694301
[2026-08-15 03:05:07] [I5_R60 seed0 gpu0] new best epoch=9 val_loss=0.694301 -> /data/kaibiao/data/projects/rpt-re/processed/us/models/I5_R60/seed0/best.pt
[2026-08-15 03:05:07] [I5_R60 seed1 gpu2] epoch=9 train_loss=0.773276 val_loss=0.692976
[2026-08-15 03:05:07] [I5_R60 seed1 gpu2] new best epoch=9 val_loss=0.692976 -> /data/kaibiao/data/projects/rpt-re/processed/us/models/I5_R60/seed1/best.pt
[2026-08-15 03:05:07] [I5_R60 seed3 gpu0] epoch=10 train_loss=0.763102 val_loss=0.691951
[2026-08-15 03:05:07] [I5_R60 seed3 gpu0] new best epoch=10 val_loss=0.691951 -> /data/kaibiao/data/projects/rpt-re/processed/us/models/I5_R60/seed3/best.pt
[2026-08-15 03:05:08] [I5_R60 seed4 gpu2] epoch=10 train_loss=0.765830 val_loss=0.692391
[2026-08-15 03:05:08] [I5_R60 seed4 gpu2] new best epoch=10 val_loss=0.692391 -> /data/kaibiao/data/projects/rpt-re/processed/us/models/I5_R60/seed4/best.pt
[2026-08-15 03:05:08] [I5_R60 seed2 gpu1] epoch=11 train_loss=0.753924 val_loss=0.693596
[2026-08-15 03:05:10] [I5_R60 seed0 gpu0] epoch=10 train_loss=0.769080 val_loss=0.692828
[2026-08-15 03:05:10] [I5_R60 seed0 gpu0] new best epoch=10 val_loss=0.692828 -> /data/kaibiao/data/projects/rpt-re/processed/us/models/I5_R60/seed0/best.pt
[2026-08-15 03:05:10] [I5_R60 seed1 gpu2] epoch=10 train_loss=0.763650 val_loss=0.692500
[2026-08-15 03:05:10] [I5_R60 seed1 gpu2] new best epoch=10 val_loss=0.692500 -> /data/kaibiao/data/projects/rpt-re/processed/us/models/I5_R60/seed1/best.pt
[2026-08-15 03:05:11] [I5_R60 seed3 gpu0] epoch=11 train_loss=0.753504 val_loss=0.691299
[2026-08-15 03:05:11] [I5_R60 seed3 gpu0] new best epoch=11 val_loss=0.691299 -> /data/kaibiao/data/projects/rpt-re/processed/us/models/I5_R60/seed3/best.pt
[2026-08-15 03:05:11] [I5_R60 seed2 gpu1] epoch=12 train_loss=0.746871 val_loss=0.691414
[2026-08-15 03:05:11] [I5_R60 seed2 gpu1] new best epoch=12 val_loss=0.691414 -> /data/kaibiao/data/projects/rpt-re/processed/us/models/I5_R60/seed2/best.pt
[2026-08-15 03:05:11] [I5_R60 seed4 gpu2] epoch=11 train_loss=0.756189 val_loss=0.693386
[2026-08-15 03:05:13] [I5_R60 seed0 gpu0] epoch=11 train_loss=0.759117 val_loss=0.692757
[2026-08-15 03:05:13] [I5_R60 seed0 gpu0] new best epoch=11 val_loss=0.692757 -> /data/kaibiao/data/projects/rpt-re/processed/us/models/I5_R60/seed0/best.pt
[2026-08-15 03:05:13] [I5_R60 seed2 gpu1] epoch=13 train_loss=0.740233 val_loss=0.690669
[2026-08-15 03:05:13] [I5_R60 seed2 gpu1] new best epoch=13 val_loss=0.690669 -> /data/kaibiao/data/projects/rpt-re/processed/us/models/I5_R60/seed2/best.pt
[2026-08-15 03:05:14] [I5_R60 seed1 gpu2] epoch=11 train_loss=0.754574 val_loss=0.692758
[2026-08-15 03:05:14] [I5_R60 seed3 gpu0] epoch=12 train_loss=0.745115 val_loss=0.690577
[2026-08-15 03:05:14] [I5_R60 seed3 gpu0] new best epoch=12 val_loss=0.690577 -> /data/kaibiao/data/projects/rpt-re/processed/us/models/I5_R60/seed3/best.pt
[2026-08-15 03:05:14] [I5_R60 seed4 gpu2] epoch=12 train_loss=0.748836 val_loss=0.694246
[2026-08-15 03:05:14] [I5_R60 seed4 gpu2] early stop at epoch=12 best_epoch=10
[2026-08-15 03:05:14] [I5_R60 seed4 gpu2] training done best_epoch=10 val_loss=0.692391
[2026-08-15 03:05:17] [I60_R5 seed1 gpu0] I60/R5 freq=week split_seed=0 samples train=2191368 val=939158 test=6542415
[2026-08-15 03:05:17] [I60_R5 seed3 gpu1] I60/R5 freq=week split_seed=0 samples train=2191368 val=939158 test=6542415
[2026-08-15 03:05:17] [I5_R60 seed0 gpu0] epoch=12 train_loss=0.750274 val_loss=0.694134
[2026-08-15 03:05:17] [I60_R5 seed2 gpu2] I60/R5 freq=week split_seed=0 samples train=2191368 val=939158 test=6542415
[2026-08-15 03:05:17] [I5_R60 seed2 gpu1] epoch=14 train_loss=0.734497 val_loss=0.690193
[2026-08-15 03:05:17] [I5_R60 seed2 gpu1] new best epoch=14 val_loss=0.690193 -> /data/kaibiao/data/projects/rpt-re/processed/us/models/I5_R60/seed2/best.pt
[2026-08-15 03:05:17] [I20_R5 seed1 gpu3] I20/R5 freq=week split_seed=0 samples train=2229869 val=955659 test=6619772
[2026-08-15 03:05:17] [I5_R60 seed1 gpu2] epoch=12 train_loss=0.745922 val_loss=0.691082
[2026-08-15 03:05:17] [I5_R60 seed1 gpu2] new best epoch=12 val_loss=0.691082 -> /data/kaibiao/data/projects/rpt-re/processed/us/models/I5_R60/seed1/best.pt
[2026-08-15 03:05:18] [I20_R5 seed4 gpu1] I20/R5 freq=week split_seed=0 samples train=2229869 val=955659 test=6619772
[2026-08-15 03:05:18] [I20_R5 seed2 gpu0] I20/R5 freq=week split_seed=0 samples train=2229869 val=955659 test=6619772
[2026-08-15 03:05:18] [I60_R5 seed0 gpu3] I60/R5 freq=week split_seed=0 samples train=2191368 val=939158 test=6542415
[2026-08-15 03:05:18] [I20_R5 seed3 gpu2] I20/R5 freq=week split_seed=0 samples train=2229869 val=955659 test=6619772
[2026-08-15 03:05:18] [I5_R60 seed3 gpu0] epoch=13 train_loss=0.738322 val_loss=0.690606
[2026-08-15 03:05:19] [I60_R5 seed4 gpu3] I60/R5 freq=week split_seed=0 samples train=2191368 val=939158 test=6542415
[2026-08-15 03:05:20] [I5_R60 seed2 gpu1] epoch=15 train_loss=0.726987 val_loss=0.690175
[2026-08-15 03:05:20] [I5_R60 seed2 gpu1] new best epoch=15 val_loss=0.690175 -> /data/kaibiao/data/projects/rpt-re/processed/us/models/I5_R60/seed2/best.pt
[2026-08-15 03:05:20] [I20_R5 seed0 gpu1] I20/R5 freq=week split_seed=0 samples train=2229869 val=955659 test=6619772
[2026-08-15 03:05:20] [I5_R60 seed0 gpu0] epoch=13 train_loss=0.743287 val_loss=0.691633
[2026-08-15 03:05:20] [I5_R60 seed0 gpu0] new best epoch=13 val_loss=0.691633 -> /data/kaibiao/data/projects/rpt-re/processed/us/models/I5_R60/seed0/best.pt
[2026-08-15 03:05:21] [I5_R60 seed1 gpu2] epoch=13 train_loss=0.741393 val_loss=0.690728
[2026-08-15 03:05:21] [I5_R60 seed1 gpu2] new best epoch=13 val_loss=0.690728 -> /data/kaibiao/data/projects/rpt-re/processed/us/models/I5_R60/seed1/best.pt
[2026-08-15 03:05:21] [I5_R60 seed4 gpu2] saved OOS predictions n=502487 -> /data/kaibiao/data/projects/rpt-re/processed/us/models/I5_R60/seed4_pred.feather
[2026-08-15 03:05:21] [I5_R60 seed3 gpu0] epoch=14 train_loss=0.732664 val_loss=0.690704
[2026-08-15 03:05:21] [I5_R60 seed3 gpu0] early stop at epoch=14 best_epoch=12
[2026-08-15 03:05:21] [I5_R60 seed3 gpu0] training done best_epoch=12 val_loss=0.690577
[2026-08-15 03:05:22] [I5_R60 seed4 gpu2] done
[2026-08-15 03:05:22] acquire gpu=2 need_mib=8192 active={0: 6, 1: 5, 2: 6, 3: 3} remaining={0: 7534, 1: 7536, 2: 3408, 3: 7536}
[2026-08-15 03:05:22] [I20_R60 seed3 gpu2] start
[2026-08-15 03:05:23] [I5_R60 seed2 gpu1] epoch=16 train_loss=0.725089 val_loss=0.689993
[2026-08-15 03:05:23] [I5_R60 seed2 gpu1] new best epoch=16 val_loss=0.689993 -> /data/kaibiao/data/projects/rpt-re/processed/us/models/I5_R60/seed2/best.pt
[2026-08-15 03:05:23] [I5_R60 seed0 gpu0] epoch=14 train_loss=0.736252 val_loss=0.691774
[2026-08-15 03:05:24] [I20_R60 seed3 gpu2] pending jobs=1 configs=[(20, 60)] seeds=[3]
[2026-08-15 03:05:24] [I5_R60 seed1 gpu2] epoch=14 train_loss=0.732489 val_loss=0.690699
[2026-08-15 03:05:24] [I5_R60 seed1 gpu2] new best epoch=14 val_loss=0.690699 -> /data/kaibiao/data/projects/rpt-re/processed/us/models/I5_R60/seed1/best.pt
[2026-08-15 03:05:26] [I20_R60 seed3 gpu2] I20/R60 freq=quarter split_seed=0 samples train=167682 val=71864 test=499097
[2026-08-15 03:05:26] [I5_R60 seed0 gpu0] epoch=15 train_loss=0.732541 val_loss=0.690852
[2026-08-15 03:05:26] [I5_R60 seed0 gpu0] new best epoch=15 val_loss=0.690852 -> /data/kaibiao/data/projects/rpt-re/processed/us/models/I5_R60/seed0/best.pt
[2026-08-15 03:05:27] [I5_R60 seed2 gpu1] epoch=17 train_loss=0.720740 val_loss=0.692976
[2026-08-15 03:05:27] [I5_R60 seed3 gpu0] saved OOS predictions n=502487 -> /data/kaibiao/data/projects/rpt-re/processed/us/models/I5_R60/seed3_pred.feather
[2026-08-15 03:05:28] [I5_R60 seed1 gpu2] epoch=15 train_loss=0.728723 val_loss=0.690193
[2026-08-15 03:05:28] [I5_R60 seed1 gpu2] new best epoch=15 val_loss=0.690193 -> /data/kaibiao/data/projects/rpt-re/processed/us/models/I5_R60/seed1/best.pt
[2026-08-15 03:05:28] [I5_R60 seed3 gpu0] done
[2026-08-15 03:05:28] acquire gpu=0 need_mib=8192 active={0: 6, 1: 5, 2: 6, 3: 3} remaining={0: 3438, 1: 7536, 2: 3408, 3: 7536}
[2026-08-15 03:05:28] [I20_R60 seed4 gpu0] start
[2026-08-15 03:05:29] [I5_R60 seed0 gpu0] epoch=16 train_loss=0.726132 val_loss=0.690357
[2026-08-15 03:05:30] [I5_R60 seed0 gpu0] new best epoch=16 val_loss=0.690357 -> /data/kaibiao/data/projects/rpt-re/processed/us/models/I5_R60/seed0/best.pt
[2026-08-15 03:05:30] [I5_R60 seed2 gpu1] epoch=18 train_loss=0.718029 val_loss=0.691441
[2026-08-15 03:05:30] [I5_R60 seed2 gpu1] early stop at epoch=18 best_epoch=16
[2026-08-15 03:05:30] [I5_R60 seed2 gpu1] training done best_epoch=16 val_loss=0.689993
[2026-08-15 03:05:30] [I20_R60 seed4 gpu0] pending jobs=1 configs=[(20, 60)] seeds=[4]
[2026-08-15 03:05:31] [I5_R60 seed1 gpu2] epoch=16 train_loss=0.724348 val_loss=0.690227
[2026-08-15 03:05:32] [I20_R60 seed4 gpu0] I20/R60 freq=quarter split_seed=0 samples train=167682 val=71864 test=499097
[2026-08-15 03:05:33] [I5_R60 seed0 gpu0] epoch=17 train_loss=0.722263 val_loss=0.690221
[2026-08-15 03:05:33] [I5_R60 seed0 gpu0] new best epoch=17 val_loss=0.690221 -> /data/kaibiao/data/projects/rpt-re/processed/us/models/I5_R60/seed0/best.pt
[2026-08-15 03:05:35] [I5_R60 seed2 gpu1] saved OOS predictions n=502487 -> /data/kaibiao/data/projects/rpt-re/processed/us/models/I5_R60/seed2_pred.feather
[2026-08-15 03:05:36] [I5_R60 seed1 gpu2] epoch=17 train_loss=0.719651 val_loss=0.690239
[2026-08-15 03:05:36] [I5_R60 seed1 gpu2] early stop at epoch=17 best_epoch=15
[2026-08-15 03:05:36] [I5_R60 seed1 gpu2] training done best_epoch=15 val_loss=0.690193
[2026-08-15 03:05:36] [I5_R60 seed2 gpu1] done
[2026-08-15 03:05:36] acquire gpu=1 need_mib=8192 active={0: 6, 1: 5, 2: 6, 3: 3} remaining={0: 3438, 1: 3440, 2: 3408, 3: 7536}
[2026-08-15 03:05:36] [I20_R60 seed0 gpu1] start
[2026-08-15 03:05:37] [I5_R60 seed0 gpu0] epoch=18 train_loss=0.720255 val_loss=0.690654
[2026-08-15 03:05:39] [I20_R60 seed0 gpu1] pending jobs=1 configs=[(20, 60)] seeds=[0]
[2026-08-15 03:05:40] [I20_R60 seed0 gpu1] I20/R60 freq=quarter split_seed=0 samples train=167682 val=71864 test=499097
[2026-08-15 03:05:43] [I5_R60 seed0 gpu0] epoch=19 train_loss=0.716183 val_loss=0.689857
[2026-08-15 03:05:43] [I5_R60 seed0 gpu0] new best epoch=19 val_loss=0.689857 -> /data/kaibiao/data/projects/rpt-re/processed/us/models/I5_R60/seed0/best.pt
[2026-08-15 03:05:44] [I5_R60 seed1 gpu2] saved OOS predictions n=502487 -> /data/kaibiao/data/projects/rpt-re/processed/us/models/I5_R60/seed1_pred.feather
[2026-08-15 03:05:45] [I5_R20 seed1 gpu2] epoch=1 train_loss=0.958679 val_loss=0.705935
[2026-08-15 03:05:45] [I5_R20 seed1 gpu2] new best epoch=1 val_loss=0.705935 -> /data/kaibiao/data/projects/rpt-re/processed/us/models/I5_R20/seed1/best.pt
[2026-08-15 03:05:45] [I5_R20 seed3 gpu2] epoch=1 train_loss=0.938804 val_loss=0.705953
[2026-08-15 03:05:45] [I5_R20 seed3 gpu2] new best epoch=1 val_loss=0.705953 -> /data/kaibiao/data/projects/rpt-re/processed/us/models/I5_R20/seed3/best.pt
[2026-08-15 03:05:45] [I5_R60 seed1 gpu2] done
[2026-08-15 03:05:45] [I5_R20 seed4 gpu1] epoch=1 train_loss=0.964014 val_loss=0.706731
[2026-08-15 03:05:45] [I5_R20 seed4 gpu1] new best epoch=1 val_loss=0.706731 -> /data/kaibiao/data/projects/rpt-re/processed/us/models/I5_R20/seed4/best.pt
[2026-08-15 03:05:47] [I5_R60 seed0 gpu0] epoch=20 train_loss=0.712370 val_loss=0.690285
[2026-08-15 03:05:48] [I5_R20 seed2 gpu0] epoch=1 train_loss=0.951966 val_loss=0.705397
[2026-08-15 03:05:48] [I5_R20 seed2 gpu0] new best epoch=1 val_loss=0.705397 -> /data/kaibiao/data/projects/rpt-re/processed/us/models/I5_R20/seed2/best.pt
[2026-08-15 03:05:48] [I5_R20 seed0 gpu0] epoch=1 train_loss=0.958662 val_loss=0.705829
[2026-08-15 03:05:48] [I5_R20 seed0 gpu0] new best epoch=1 val_loss=0.705829 -> /data/kaibiao/data/projects/rpt-re/processed/us/models/I5_R20/seed0/best.pt
[2026-08-15 03:05:52] [I5_R60 seed0 gpu0] epoch=21 train_loss=0.710256 val_loss=0.689577
[2026-08-15 03:05:52] [I5_R60 seed0 gpu0] new best epoch=21 val_loss=0.689577 -> /data/kaibiao/data/projects/rpt-re/processed/us/models/I5_R60/seed0/best.pt
[2026-08-15 03:05:56] [I5_R20 seed3 gpu2] epoch=2 train_loss=0.837730 val_loss=0.697039
[2026-08-15 03:05:56] [I5_R20 seed3 gpu2] new best epoch=2 val_loss=0.697039 -> /data/kaibiao/data/projects/rpt-re/processed/us/models/I5_R20/seed3/best.pt
[2026-08-15 03:05:57] [I5_R20 seed1 gpu2] epoch=2 train_loss=0.847592 val_loss=0.695384
[2026-08-15 03:05:57] [I5_R20 seed1 gpu2] new best epoch=2 val_loss=0.695384 -> /data/kaibiao/data/projects/rpt-re/processed/us/models/I5_R20/seed1/best.pt
[2026-08-15 03:05:57] [I5_R20 seed4 gpu1] epoch=2 train_loss=0.851421 val_loss=0.696863
[2026-08-15 03:05:57] [I5_R20 seed4 gpu1] new best epoch=2 val_loss=0.696863 -> /data/kaibiao/data/projects/rpt-re/processed/us/models/I5_R20/seed4/best.pt
[2026-08-15 03:05:57] [I5_R60 seed0 gpu0] epoch=22 train_loss=0.707419 val_loss=0.689606
[2026-08-15 03:06:01] [I5_R20 seed0 gpu0] epoch=2 train_loss=0.851207 val_loss=0.696250
[2026-08-15 03:06:01] [I5_R20 seed0 gpu0] new best epoch=2 val_loss=0.696250 -> /data/kaibiao/data/projects/rpt-re/processed/us/models/I5_R20/seed0/best.pt
[2026-08-15 03:06:01] [I5_R60 seed0 gpu0] epoch=23 train_loss=0.706650 val_loss=0.689769
[2026-08-15 03:06:01] [I5_R60 seed0 gpu0] early stop at epoch=23 best_epoch=21
[2026-08-15 03:06:01] [I5_R20 seed2 gpu0] epoch=2 train_loss=0.844315 val_loss=0.695349
[2026-08-15 03:06:01] [I5_R60 seed0 gpu0] training done best_epoch=21 val_loss=0.689577
[2026-08-15 03:06:01] [I5_R20 seed2 gpu0] new best epoch=2 val_loss=0.695349 -> /data/kaibiao/data/projects/rpt-re/processed/us/models/I5_R20/seed2/best.pt
[2026-08-15 03:06:08] [I5_R20 seed3 gpu2] epoch=3 train_loss=0.785584 val_loss=0.692376
[2026-08-15 03:06:08] [I5_R20 seed3 gpu2] new best epoch=3 val_loss=0.692376 -> /data/kaibiao/data/projects/rpt-re/processed/us/models/I5_R20/seed3/best.pt
[2026-08-15 03:06:08] [I5_R20 seed4 gpu1] epoch=3 train_loss=0.793038 val_loss=0.693183
[2026-08-15 03:06:08] [I5_R20 seed4 gpu1] new best epoch=3 val_loss=0.693183 -> /data/kaibiao/data/projects/rpt-re/processed/us/models/I5_R20/seed4/best.pt
[2026-08-15 03:06:09] [I5_R20 seed1 gpu2] epoch=3 train_loss=0.789464 val_loss=0.691706
[2026-08-15 03:06:09] [I5_R20 seed1 gpu2] new best epoch=3 val_loss=0.691706 -> /data/kaibiao/data/projects/rpt-re/processed/us/models/I5_R20/seed1/best.pt
[2026-08-15 03:06:10] [I5_R60 seed0 gpu0] saved OOS predictions n=502487 -> /data/kaibiao/data/projects/rpt-re/processed/us/models/I5_R60/seed0_pred.feather
[2026-08-15 03:06:11] [I5_R60 seed0 gpu0] done
[2026-08-15 03:06:13] [I5_R20 seed0 gpu0] epoch=3 train_loss=0.793016 val_loss=0.692571
[2026-08-15 03:06:13] [I5_R20 seed0 gpu0] new best epoch=3 val_loss=0.692571 -> /data/kaibiao/data/projects/rpt-re/processed/us/models/I5_R20/seed0/best.pt
[2026-08-15 03:06:13] [I5_R20 seed2 gpu0] epoch=3 train_loss=0.786896 val_loss=0.692169
[2026-08-15 03:06:13] [I5_R20 seed2 gpu0] new best epoch=3 val_loss=0.692169 -> /data/kaibiao/data/projects/rpt-re/processed/us/models/I5_R20/seed2/best.pt
[2026-08-15 03:06:20] [I5_R20 seed3 gpu2] epoch=4 train_loss=0.754443 val_loss=0.690141
[2026-08-15 03:06:20] [I5_R20 seed3 gpu2] new best epoch=4 val_loss=0.690141 -> /data/kaibiao/data/projects/rpt-re/processed/us/models/I5_R20/seed3/best.pt
[2026-08-15 03:06:20] [I5_R20 seed4 gpu1] epoch=4 train_loss=0.758441 val_loss=0.690800
[2026-08-15 03:06:21] [I5_R20 seed4 gpu1] new best epoch=4 val_loss=0.690800 -> /data/kaibiao/data/projects/rpt-re/processed/us/models/I5_R20/seed4/best.pt
[2026-08-15 03:06:21] [I5_R20 seed1 gpu2] epoch=4 train_loss=0.756447 val_loss=0.690364
[2026-08-15 03:06:21] [I5_R20 seed1 gpu2] new best epoch=4 val_loss=0.690364 -> /data/kaibiao/data/projects/rpt-re/processed/us/models/I5_R20/seed1/best.pt
[2026-08-15 03:06:25] [I5_R20 seed0 gpu0] epoch=4 train_loss=0.759642 val_loss=0.690540
[2026-08-15 03:06:25] [I5_R20 seed0 gpu0] new best epoch=4 val_loss=0.690540 -> /data/kaibiao/data/projects/rpt-re/processed/us/models/I5_R20/seed0/best.pt
[2026-08-15 03:06:25] [I5_R20 seed2 gpu0] epoch=4 train_loss=0.754539 val_loss=0.690520
[2026-08-15 03:06:25] [I5_R20 seed2 gpu0] new best epoch=4 val_loss=0.690520 -> /data/kaibiao/data/projects/rpt-re/processed/us/models/I5_R20/seed2/best.pt
[2026-08-15 03:06:31] [I5_R20 seed3 gpu2] epoch=5 train_loss=0.733961 val_loss=0.689914
[2026-08-15 03:06:31] [I5_R20 seed3 gpu2] new best epoch=5 val_loss=0.689914 -> /data/kaibiao/data/projects/rpt-re/processed/us/models/I5_R20/seed3/best.pt
[2026-08-15 03:06:32] [I5_R20 seed4 gpu1] epoch=5 train_loss=0.736814 val_loss=0.689894
[2026-08-15 03:06:32] [I5_R20 seed4 gpu1] new best epoch=5 val_loss=0.689894 -> /data/kaibiao/data/projects/rpt-re/processed/us/models/I5_R20/seed4/best.pt
[2026-08-15 03:06:33] [I5_R20 seed1 gpu2] epoch=5 train_loss=0.734250 val_loss=0.689463
[2026-08-15 03:06:33] [I5_R20 seed1 gpu2] new best epoch=5 val_loss=0.689463 -> /data/kaibiao/data/projects/rpt-re/processed/us/models/I5_R20/seed1/best.pt
[2026-08-15 03:06:36] [I5_R20 seed0 gpu0] epoch=5 train_loss=0.738263 val_loss=0.690666
[2026-08-15 03:06:37] [I5_R20 seed2 gpu0] epoch=5 train_loss=0.734936 val_loss=0.690139
[2026-08-15 03:06:37] [I5_R20 seed2 gpu0] new best epoch=5 val_loss=0.690139 -> /data/kaibiao/data/projects/rpt-re/processed/us/models/I5_R20/seed2/best.pt
[2026-08-15 03:06:43] [I5_R20 seed3 gpu2] epoch=6 train_loss=0.721451 val_loss=0.689048
[2026-08-15 03:06:43] [I5_R20 seed3 gpu2] new best epoch=6 val_loss=0.689048 -> /data/kaibiao/data/projects/rpt-re/processed/us/models/I5_R20/seed3/best.pt
[2026-08-15 03:06:44] [I5_R20 seed4 gpu1] epoch=6 train_loss=0.721938 val_loss=0.689069
[2026-08-15 03:06:44] [I5_R20 seed4 gpu1] new best epoch=6 val_loss=0.689069 -> /data/kaibiao/data/projects/rpt-re/processed/us/models/I5_R20/seed4/best.pt
[2026-08-15 03:06:46] [I5_R20 seed1 gpu2] epoch=6 train_loss=0.721013 val_loss=0.689138
[2026-08-15 03:06:46] [I5_R20 seed1 gpu2] new best epoch=6 val_loss=0.689138 -> /data/kaibiao/data/projects/rpt-re/processed/us/models/I5_R20/seed1/best.pt
[2026-08-15 03:06:48] [I5_R20 seed0 gpu0] epoch=6 train_loss=0.723034 val_loss=0.689222
[2026-08-15 03:06:48] [I5_R20 seed0 gpu0] new best epoch=6 val_loss=0.689222 -> /data/kaibiao/data/projects/rpt-re/processed/us/models/I5_R20/seed0/best.pt
[2026-08-15 03:06:49] [I5_R20 seed2 gpu0] epoch=6 train_loss=0.722012 val_loss=0.690209
[2026-08-15 03:06:55] [I5_R20 seed3 gpu2] epoch=7 train_loss=0.712835 val_loss=0.689170
[2026-08-15 03:06:56] [I5_R20 seed4 gpu1] epoch=7 train_loss=0.712656 val_loss=0.688637
[2026-08-15 03:06:56] [I5_R20 seed4 gpu1] new best epoch=7 val_loss=0.688637 -> /data/kaibiao/data/projects/rpt-re/processed/us/models/I5_R20/seed4/best.pt
[2026-08-15 03:06:58] [I5_R20 seed1 gpu2] epoch=7 train_loss=0.712703 val_loss=0.689000
[2026-08-15 03:06:58] [I5_R20 seed1 gpu2] new best epoch=7 val_loss=0.689000 -> /data/kaibiao/data/projects/rpt-re/processed/us/models/I5_R20/seed1/best.pt
[2026-08-15 03:07:00] [I5_R20 seed0 gpu0] epoch=7 train_loss=0.713830 val_loss=0.689484
[2026-08-15 03:07:01] [I5_R20 seed2 gpu0] epoch=7 train_loss=0.712159 val_loss=0.690487
[2026-08-15 03:07:01] [I5_R20 seed2 gpu0] early stop at epoch=7 best_epoch=5
[2026-08-15 03:07:02] [I5_R20 seed2 gpu0] training done best_epoch=5 val_loss=0.690139
[2026-08-15 03:07:06] [I5_R20 seed3 gpu2] epoch=8 train_loss=0.706628 val_loss=0.690801
[2026-08-15 03:07:06] [I5_R20 seed3 gpu2] early stop at epoch=8 best_epoch=6
[2026-08-15 03:07:06] [I5_R20 seed3 gpu2] training done best_epoch=6 val_loss=0.689048
[2026-08-15 03:07:07] [I5_R20 seed4 gpu1] epoch=8 train_loss=0.705839 val_loss=0.689162
[2026-08-15 03:07:09] [I5_R20 seed1 gpu2] epoch=8 train_loss=0.706424 val_loss=0.688616
[2026-08-15 03:07:09] [I5_R20 seed1 gpu2] new best epoch=8 val_loss=0.688616 -> /data/kaibiao/data/projects/rpt-re/processed/us/models/I5_R20/seed1/best.pt
[2026-08-15 03:07:11] [I5_R20 seed0 gpu0] epoch=8 train_loss=0.707332 val_loss=0.691578
[2026-08-15 03:07:11] [I5_R20 seed0 gpu0] early stop at epoch=8 best_epoch=6
[2026-08-15 03:07:11] [I5_R20 seed0 gpu0] training done best_epoch=6 val_loss=0.689222
[2026-08-15 03:07:20] [I5_R20 seed4 gpu1] epoch=9 train_loss=0.701316 val_loss=0.688688
[2026-08-15 03:07:20] [I5_R20 seed4 gpu1] early stop at epoch=9 best_epoch=7
[2026-08-15 03:07:20] [I5_R20 seed4 gpu1] training done best_epoch=7 val_loss=0.688637
[2026-08-15 03:07:20] [I5_R20 seed1 gpu2] epoch=9 train_loss=0.702423 val_loss=0.688442
[2026-08-15 03:07:20] [I5_R20 seed1 gpu2] new best epoch=9 val_loss=0.688442 -> /data/kaibiao/data/projects/rpt-re/processed/us/models/I5_R20/seed1/best.pt
[2026-08-15 03:07:31] [I5_R20 seed1 gpu2] epoch=10 train_loss=0.698742 val_loss=0.688457
[2026-08-15 03:07:43] [I5_R20 seed1 gpu2] epoch=11 train_loss=0.696262 val_loss=0.688377
[2026-08-15 03:07:43] [I5_R20 seed1 gpu2] new best epoch=11 val_loss=0.688377 -> /data/kaibiao/data/projects/rpt-re/processed/us/models/I5_R20/seed1/best.pt
[2026-08-15 03:07:54] [I5_R20 seed1 gpu2] epoch=12 train_loss=0.694853 val_loss=0.689202
[2026-08-15 03:08:05] [I5_R20 seed1 gpu2] epoch=13 train_loss=0.693290 val_loss=0.688160
[2026-08-15 03:08:05] [I5_R20 seed1 gpu2] new best epoch=13 val_loss=0.688160 -> /data/kaibiao/data/projects/rpt-re/processed/us/models/I5_R20/seed1/best.pt
[2026-08-15 03:08:16] [I5_R20 seed1 gpu2] epoch=14 train_loss=0.691725 val_loss=0.688146
[2026-08-15 03:08:16] [I5_R20 seed1 gpu2] new best epoch=14 val_loss=0.688146 -> /data/kaibiao/data/projects/rpt-re/processed/us/models/I5_R20/seed1/best.pt
[2026-08-15 03:08:28] [I5_R20 seed1 gpu2] epoch=15 train_loss=0.691313 val_loss=0.690804
[2026-08-15 03:08:29] [I5_R20 seed4 gpu1] saved OOS predictions n=1524334 -> /data/kaibiao/data/projects/rpt-re/processed/us/models/I5_R20/seed4_pred.feather
[2026-08-15 03:08:29] [I5_R20 seed2 gpu0] saved OOS predictions n=1524334 -> /data/kaibiao/data/projects/rpt-re/processed/us/models/I5_R20/seed2_pred.feather
[2026-08-15 03:08:29] [I5_R20 seed0 gpu0] saved OOS predictions n=1524334 -> /data/kaibiao/data/projects/rpt-re/processed/us/models/I5_R20/seed0_pred.feather
[2026-08-15 03:08:30] [I5_R20 seed3 gpu2] saved OOS predictions n=1524334 -> /data/kaibiao/data/projects/rpt-re/processed/us/models/I5_R20/seed3_pred.feather
[2026-08-15 03:08:30] [I5_R20 seed4 gpu1] done
[2026-08-15 03:08:30] [I5_R20 seed2 gpu0] done
[2026-08-15 03:08:30] acquire gpu=0 need_mib=8192 active={0: 5, 1: 4, 2: 5, 3: 3} remaining={0: 3438, 1: 7536, 2: 7504, 3: 7536}
[2026-08-15 03:08:30] [I20_R60 seed2 gpu0] start
[2026-08-15 03:08:31] [I5_R20 seed0 gpu0] done
[2026-08-15 03:08:31] [I5_R20 seed3 gpu2] done
[2026-08-15 03:08:31] acquire gpu=2 need_mib=8192 active={0: 4, 1: 4, 2: 5, 3: 3} remaining={0: 7534, 1: 7536, 2: 3408, 3: 7536}
[2026-08-15 03:08:31] [I20_R60 seed1 gpu2] start
[2026-08-15 03:08:32] [I20_R60 seed2 gpu0] pending jobs=1 configs=[(20, 60)] seeds=[2]
[2026-08-15 03:08:33] [I20_R60 seed1 gpu2] pending jobs=1 configs=[(20, 60)] seeds=[1]
[2026-08-15 03:08:37] [I20_R60 seed1 gpu2] I20/R60 freq=quarter split_seed=0 samples train=167682 val=71864 test=499097
[2026-08-15 03:08:37] [I20_R60 seed2 gpu0] I20/R60 freq=quarter split_seed=0 samples train=167682 val=71864 test=499097
[2026-08-15 03:08:39] [I5_R20 seed1 gpu2] epoch=16 train_loss=0.690387 val_loss=0.688028
[2026-08-15 03:08:39] [I5_R20 seed1 gpu2] new best epoch=16 val_loss=0.688028 -> /data/kaibiao/data/projects/rpt-re/processed/us/models/I5_R20/seed1/best.pt
[2026-08-15 03:08:50] [I5_R20 seed1 gpu2] epoch=17 train_loss=0.689967 val_loss=0.687861
[2026-08-15 03:08:50] [I5_R20 seed1 gpu2] new best epoch=17 val_loss=0.687861 -> /data/kaibiao/data/projects/rpt-re/processed/us/models/I5_R20/seed1/best.pt
[2026-08-15 03:09:01] [I5_R20 seed1 gpu2] epoch=18 train_loss=0.689237 val_loss=0.687818
[2026-08-15 03:09:01] [I5_R20 seed1 gpu2] new best epoch=18 val_loss=0.687818 -> /data/kaibiao/data/projects/rpt-re/processed/us/models/I5_R20/seed1/best.pt
[2026-08-15 03:09:13] [I5_R20 seed1 gpu2] epoch=19 train_loss=0.689094 val_loss=0.689506
[2026-08-15 03:09:24] [I5_R20 seed1 gpu2] epoch=20 train_loss=0.688747 val_loss=0.688337
[2026-08-15 03:09:24] [I5_R20 seed1 gpu2] early stop at epoch=20 best_epoch=18
[2026-08-15 03:09:24] [I5_R20 seed1 gpu2] training done best_epoch=18 val_loss=0.687818
[2026-08-15 03:09:25] [I20_R60 seed3 gpu2] pixel_mean=25.699031 pixel_std=76.764657
[2026-08-15 03:09:25] [I20_R60 seed4 gpu0] pixel_mean=25.699031 pixel_std=76.764657
[2026-08-15 03:09:25] [I20_R60 seed0 gpu1] pixel_mean=25.699031 pixel_std=76.764657
[2026-08-15 03:09:25] [I20_R60 seed1 gpu2] pixel_mean=25.699031 pixel_std=76.764657
[2026-08-15 03:09:25] [I20_R60 seed2 gpu0] pixel_mean=25.699031 pixel_std=76.764657
[2026-08-15 03:09:25] [I20_R60 seed3 gpu2] I20_R60 train_seed=3
[2026-08-15 03:09:25] [I20_R60 seed0 gpu1] I20_R60 train_seed=0
[2026-08-15 03:09:25] [I20_R60 seed4 gpu0] I20_R60 train_seed=4
[2026-08-15 03:09:25] [I20_R60 seed1 gpu2] I20_R60 train_seed=1
[2026-08-15 03:09:25] [I20_R60 seed2 gpu0] I20_R60 train_seed=2
[2026-08-15 03:09:26] [I20_R60 seed3 gpu2] model I20 flatten=46080 params=708866
[2026-08-15 03:09:26] [I20_R60 seed1 gpu2] model I20 flatten=46080 params=708866
[2026-08-15 03:09:26] [I20_R60 seed2 gpu0] model I20 flatten=46080 params=708866
[2026-08-15 03:09:26] [I20_R60 seed4 gpu0] model I20 flatten=46080 params=708866
[2026-08-15 03:09:26] [I20_R60 seed0 gpu1] model I20 flatten=46080 params=708866
[2026-08-15 03:09:41] [I5_R20 seed1 gpu2] saved OOS predictions n=1524334 -> /data/kaibiao/data/projects/rpt-re/processed/us/models/I5_R20/seed1_pred.feather
[2026-08-15 03:09:43] [I5_R20 seed1 gpu2] done
[2026-08-15 03:09:51] [I20_R60 seed0 gpu1] epoch=1 train_loss=1.020525 val_loss=0.773179
[2026-08-15 03:09:51] [I20_R60 seed0 gpu1] new best epoch=1 val_loss=0.773179 -> /data/kaibiao/data/projects/rpt-re/processed/us/models/I20_R60/seed0/best.pt
[2026-08-15 03:09:56] [I20_R60 seed3 gpu2] epoch=1 train_loss=1.007032 val_loss=0.738400
[2026-08-15 03:09:56] [I20_R60 seed3 gpu2] new best epoch=1 val_loss=0.738400 -> /data/kaibiao/data/projects/rpt-re/processed/us/models/I20_R60/seed3/best.pt
[2026-08-15 03:09:56] [I20_R60 seed2 gpu0] epoch=1 train_loss=1.009300 val_loss=0.760634
[2026-08-15 03:09:56] [I20_R60 seed2 gpu0] new best epoch=1 val_loss=0.760634 -> /data/kaibiao/data/projects/rpt-re/processed/us/models/I20_R60/seed2/best.pt
[2026-08-15 03:09:57] [I20_R60 seed1 gpu2] epoch=1 train_loss=1.015245 val_loss=0.745670
[2026-08-15 03:09:57] [I20_R60 seed1 gpu2] new best epoch=1 val_loss=0.745670 -> /data/kaibiao/data/projects/rpt-re/processed/us/models/I20_R60/seed1/best.pt
[2026-08-15 03:09:57] [I20_R60 seed4 gpu0] epoch=1 train_loss=1.014878 val_loss=0.767839
[2026-08-15 03:09:57] [I20_R60 seed4 gpu0] new best epoch=1 val_loss=0.767839 -> /data/kaibiao/data/projects/rpt-re/processed/us/models/I20_R60/seed4/best.pt
[2026-08-15 03:10:02] [I20_R60 seed0 gpu1] epoch=2 train_loss=0.955798 val_loss=0.729264
[2026-08-15 03:10:02] [I20_R60 seed0 gpu1] new best epoch=2 val_loss=0.729264 -> /data/kaibiao/data/projects/rpt-re/processed/us/models/I20_R60/seed0/best.pt
[2026-08-15 03:10:14] [I20_R60 seed0 gpu1] epoch=3 train_loss=0.913224 val_loss=0.738662
[2026-08-15 03:10:15] [I20_R60 seed2 gpu0] epoch=2 train_loss=0.947532 val_loss=0.732566
[2026-08-15 03:10:15] [I20_R60 seed2 gpu0] new best epoch=2 val_loss=0.732566 -> /data/kaibiao/data/projects/rpt-re/processed/us/models/I20_R60/seed2/best.pt
[2026-08-15 03:10:16] [I20_R60 seed3 gpu2] epoch=2 train_loss=0.948241 val_loss=0.737756
[2026-08-15 03:10:16] [I20_R60 seed3 gpu2] new best epoch=2 val_loss=0.737756 -> /data/kaibiao/data/projects/rpt-re/processed/us/models/I20_R60/seed3/best.pt
[2026-08-15 03:10:16] [I20_R60 seed1 gpu2] epoch=2 train_loss=0.952529 val_loss=0.726921
[2026-08-15 03:10:16] [I20_R60 seed1 gpu2] new best epoch=2 val_loss=0.726921 -> /data/kaibiao/data/projects/rpt-re/processed/us/models/I20_R60/seed1/best.pt
[2026-08-15 03:10:17] [I20_R60 seed4 gpu0] epoch=2 train_loss=0.958453 val_loss=0.733981
[2026-08-15 03:10:17] [I20_R60 seed4 gpu0] new best epoch=2 val_loss=0.733981 -> /data/kaibiao/data/projects/rpt-re/processed/us/models/I20_R60/seed4/best.pt
[2026-08-15 03:10:25] [I20_R60 seed0 gpu1] epoch=4 train_loss=0.879647 val_loss=0.713698
[2026-08-15 03:10:25] [I20_R60 seed0 gpu1] new best epoch=4 val_loss=0.713698 -> /data/kaibiao/data/projects/rpt-re/processed/us/models/I20_R60/seed0/best.pt
[2026-08-15 03:10:35] [I20_R60 seed2 gpu0] epoch=3 train_loss=0.909043 val_loss=0.737882
[2026-08-15 03:10:36] [I20_R60 seed3 gpu2] epoch=3 train_loss=0.904643 val_loss=0.748615
[2026-08-15 03:10:36] [I20_R60 seed0 gpu1] epoch=5 train_loss=0.850217 val_loss=0.707548
[2026-08-15 03:10:36] [I20_R60 seed0 gpu1] new best epoch=5 val_loss=0.707548 -> /data/kaibiao/data/projects/rpt-re/processed/us/models/I20_R60/seed0/best.pt
[2026-08-15 03:10:36] [I20_R60 seed4 gpu0] epoch=3 train_loss=0.913611 val_loss=0.717259
[2026-08-15 03:10:37] [I20_R60 seed4 gpu0] new best epoch=3 val_loss=0.717259 -> /data/kaibiao/data/projects/rpt-re/processed/us/models/I20_R60/seed4/best.pt
[2026-08-15 03:10:37] [I20_R60 seed1 gpu2] epoch=3 train_loss=0.912154 val_loss=0.725146
[2026-08-15 03:10:37] [I20_R60 seed1 gpu2] new best epoch=3 val_loss=0.725146 -> /data/kaibiao/data/projects/rpt-re/processed/us/models/I20_R60/seed1/best.pt
[2026-08-15 03:10:47] [I20_R60 seed0 gpu1] epoch=6 train_loss=0.823722 val_loss=0.703621
[2026-08-15 03:10:47] [I20_R60 seed0 gpu1] new best epoch=6 val_loss=0.703621 -> /data/kaibiao/data/projects/rpt-re/processed/us/models/I20_R60/seed0/best.pt
[2026-08-15 03:10:54] [I20_R60 seed2 gpu0] epoch=4 train_loss=0.875207 val_loss=0.709766
[2026-08-15 03:10:54] [I20_R60 seed2 gpu0] new best epoch=4 val_loss=0.709766 -> /data/kaibiao/data/projects/rpt-re/processed/us/models/I20_R60/seed2/best.pt
[2026-08-15 03:10:56] [I20_R60 seed3 gpu2] epoch=4 train_loss=0.875205 val_loss=0.720732
[2026-08-15 03:10:56] [I20_R60 seed3 gpu2] new best epoch=4 val_loss=0.720732 -> /data/kaibiao/data/projects/rpt-re/processed/us/models/I20_R60/seed3/best.pt
[2026-08-15 03:10:56] [I20_R60 seed4 gpu0] epoch=4 train_loss=0.882696 val_loss=0.714996
[2026-08-15 03:10:56] [I20_R60 seed4 gpu0] new best epoch=4 val_loss=0.714996 -> /data/kaibiao/data/projects/rpt-re/processed/us/models/I20_R60/seed4/best.pt
[2026-08-15 03:10:56] [I20_R60 seed1 gpu2] epoch=4 train_loss=0.883132 val_loss=0.712855
[2026-08-15 03:10:56] [I20_R60 seed1 gpu2] new best epoch=4 val_loss=0.712855 -> /data/kaibiao/data/projects/rpt-re/processed/us/models/I20_R60/seed1/best.pt
[2026-08-15 03:10:58] [I20_R60 seed0 gpu1] epoch=7 train_loss=0.806107 val_loss=0.713396
[2026-08-15 03:11:09] [I20_R60 seed0 gpu1] epoch=8 train_loss=0.789921 val_loss=0.732490
[2026-08-15 03:11:09] [I20_R60 seed0 gpu1] early stop at epoch=8 best_epoch=6
[2026-08-15 03:11:10] [I20_R60 seed0 gpu1] training done best_epoch=6 val_loss=0.703621
[2026-08-15 03:11:14] [I20_R60 seed2 gpu0] epoch=5 train_loss=0.846943 val_loss=0.715498
[2026-08-15 03:11:15] [I20_R60 seed3 gpu2] epoch=5 train_loss=0.845175 val_loss=0.722000
[2026-08-15 03:11:15] [I20_R60 seed4 gpu0] epoch=5 train_loss=0.855267 val_loss=0.704699
[2026-08-15 03:11:15] [I20_R60 seed4 gpu0] new best epoch=5 val_loss=0.704699 -> /data/kaibiao/data/projects/rpt-re/processed/us/models/I20_R60/seed4/best.pt
[2026-08-15 03:11:16] [I20_R60 seed1 gpu2] epoch=5 train_loss=0.854934 val_loss=0.708622
[2026-08-15 03:11:16] [I20_R60 seed1 gpu2] new best epoch=5 val_loss=0.708622 -> /data/kaibiao/data/projects/rpt-re/processed/us/models/I20_R60/seed1/best.pt
[2026-08-15 03:11:33] [I20_R60 seed2 gpu0] epoch=6 train_loss=0.823366 val_loss=0.699459
[2026-08-15 03:11:33] [I20_R60 seed2 gpu0] new best epoch=6 val_loss=0.699459 -> /data/kaibiao/data/projects/rpt-re/processed/us/models/I20_R60/seed2/best.pt
[2026-08-15 03:11:35] [I20_R60 seed3 gpu2] epoch=6 train_loss=0.822814 val_loss=0.707315
[2026-08-15 03:11:35] [I20_R60 seed3 gpu2] new best epoch=6 val_loss=0.707315 -> /data/kaibiao/data/projects/rpt-re/processed/us/models/I20_R60/seed3/best.pt
[2026-08-15 03:11:35] [I20_R60 seed4 gpu0] epoch=6 train_loss=0.831425 val_loss=0.706274
[2026-08-15 03:11:35] [I20_R60 seed1 gpu2] epoch=6 train_loss=0.831954 val_loss=0.707278
[2026-08-15 03:11:35] [I20_R60 seed1 gpu2] new best epoch=6 val_loss=0.707278 -> /data/kaibiao/data/projects/rpt-re/processed/us/models/I20_R60/seed1/best.pt
[2026-08-15 03:11:53] [I20_R60 seed2 gpu0] epoch=7 train_loss=0.803801 val_loss=0.720999
[2026-08-15 03:11:55] [I20_R60 seed3 gpu2] epoch=7 train_loss=0.802180 val_loss=0.722883
[2026-08-15 03:11:55] [I20_R60 seed1 gpu2] epoch=7 train_loss=0.813333 val_loss=0.703201
[2026-08-15 03:11:55] [I20_R60 seed1 gpu2] new best epoch=7 val_loss=0.703201 -> /data/kaibiao/data/projects/rpt-re/processed/us/models/I20_R60/seed1/best.pt
[2026-08-15 03:11:56] [I20_R60 seed4 gpu0] epoch=7 train_loss=0.811197 val_loss=0.725310
[2026-08-15 03:11:56] [I20_R60 seed4 gpu0] early stop at epoch=7 best_epoch=5
[2026-08-15 03:11:56] [I20_R60 seed4 gpu0] training done best_epoch=5 val_loss=0.704699
[2026-08-15 03:12:06] [I20_R60 seed0 gpu1] saved OOS predictions n=499097 -> /data/kaibiao/data/projects/rpt-re/processed/us/models/I20_R60/seed0_pred.feather
[2026-08-15 03:12:07] [I20_R60 seed0 gpu1] done
[2026-08-15 03:12:10] [I20_R60 seed2 gpu0] epoch=8 train_loss=0.787803 val_loss=0.710558
[2026-08-15 03:12:10] [I20_R60 seed2 gpu0] early stop at epoch=8 best_epoch=6
[2026-08-15 03:12:10] [I20_R60 seed2 gpu0] training done best_epoch=6 val_loss=0.699459
[2026-08-15 03:12:14] [I20_R60 seed3 gpu2] epoch=8 train_loss=0.785619 val_loss=0.698443
[2026-08-15 03:12:14] [I20_R60 seed3 gpu2] new best epoch=8 val_loss=0.698443 -> /data/kaibiao/data/projects/rpt-re/processed/us/models/I20_R60/seed3/best.pt
[2026-08-15 03:12:15] [I20_R60 seed1 gpu2] epoch=8 train_loss=0.795035 val_loss=0.709063
[2026-08-15 03:12:15] [I20_R60 seed4 gpu0] saved OOS predictions n=499097 -> /data/kaibiao/data/projects/rpt-re/processed/us/models/I20_R60/seed4_pred.feather
[2026-08-15 03:12:16] [I20_R60 seed4 gpu0] done
[2026-08-15 03:12:24] [I20_R60 seed2 gpu0] saved OOS predictions n=499097 -> /data/kaibiao/data/projects/rpt-re/processed/us/models/I20_R60/seed2_pred.feather
[2026-08-15 03:12:25] [I20_R60 seed2 gpu0] done
[2026-08-15 03:12:34] [I20_R60 seed3 gpu2] epoch=9 train_loss=0.772024 val_loss=0.696931
[2026-08-15 03:12:34] [I20_R60 seed3 gpu2] new best epoch=9 val_loss=0.696931 -> /data/kaibiao/data/projects/rpt-re/processed/us/models/I20_R60/seed3/best.pt
[2026-08-15 03:12:35] [I20_R60 seed1 gpu2] epoch=9 train_loss=0.779770 val_loss=0.703615
[2026-08-15 03:12:35] [I20_R60 seed1 gpu2] early stop at epoch=9 best_epoch=7
[2026-08-15 03:12:35] [I20_R60 seed1 gpu2] training done best_epoch=7 val_loss=0.703201
[2026-08-15 03:12:50] [I20_R60 seed3 gpu2] epoch=10 train_loss=0.760569 val_loss=0.705336
[2026-08-15 03:12:55] [I20_R60 seed1 gpu2] saved OOS predictions n=499097 -> /data/kaibiao/data/projects/rpt-re/processed/us/models/I20_R60/seed1_pred.feather
[2026-08-15 03:12:56] [I20_R60 seed1 gpu2] done
[2026-08-15 03:13:03] [I20_R60 seed3 gpu2] epoch=11 train_loss=0.748091 val_loss=0.708688
[2026-08-15 03:13:03] [I20_R60 seed3 gpu2] early stop at epoch=11 best_epoch=9
[2026-08-15 03:13:03] [I20_R60 seed3 gpu2] training done best_epoch=9 val_loss=0.696931
[2026-08-15 03:13:16] [I20_R60 seed3 gpu2] saved OOS predictions n=499097 -> /data/kaibiao/data/projects/rpt-re/processed/us/models/I20_R60/seed3_pred.feather
[2026-08-15 03:13:17] [I20_R60 seed3 gpu2] done
