[2026-08-14 12:13:52] ============================================================
[2026-08-14 12:13:52] 02_generate_images
[2026-08-14 12:13:52] Conda: 5020_env
[2026-08-14 12:13:52] Python: /home/zkb/rpt-re/scripts/py/02_generate_images.py
[2026-08-14 12:13:52] Args:  --reserve-gib 16
[2026-08-14 12:13:52] Log:   /home/zkb/rpt-re/logs/02_generate_images/02_generate_images_20260814_121351.log
[2026-08-14 12:13:52] ============================================================
[2026-08-14 12:13:52] starting python
[2026-08-14 12:13:53] ohlc=/data/kaibiao/data/projects/rpt-re/processed/ohlc_daily
[2026-08-14 12:13:53] features=/data/kaibiao/data/projects/rpt-re/processed/features
[2026-08-14 12:13:53] output=/data/kaibiao/data/projects/rpt-re/processed/images
[2026-08-14 12:13:53] calendar cache: /data/kaibiao/data/projects/rpt-re/processed/ohlc_calendar.parquet
[2026-08-14 12:13:53] images resume: skip=226 pending=29116 total=29342
[2026-08-14 12:13:53] window=5 as_of_dates=1360
[2026-08-14 12:13:53] window=20 as_of_dates=324
[2026-08-14 12:13:53] window=60 as_of_dates=108
[2026-08-14 12:13:53] workers=112 diag={'source': 'memory_budget', 'avail_gib': 199.7, 'total_gib': 377.5, 'reserve_gib': 16.0, 'budget_gib': 183.7, 'mem_per_worker_gib': 1.5, 'mem_cap': 122, 'cpu_cap': 112, 'swap_percent': 100.0, 'n_tasks': 29116, 'resolved_workers': 112}
[2026-08-14 12:13:53] starting workers n=112
[2026-08-14 12:13:54] progress   0.0%  stocks 1/29116  skip=226  worker=31 chunk=1/260
[2026-08-14 12:13:54] progress   0.1%  stocks 20/29116  skip=226  worker=34 chunk=1/260
[2026-08-14 12:13:54] progress   0.1%  stocks 40/29116  skip=226  worker=7 chunk=1/260
[2026-08-14 12:13:54] progress   0.2%  stocks 60/29116  skip=226  worker=29 chunk=8/260
[2026-08-14 12:13:55] progress   0.3%  stocks 80/29116  skip=226  worker=31 chunk=6/260
[2026-08-14 12:13:55] progress   0.3%  stocks 100/29116  skip=226  worker=106 chunk=1/260
[2026-08-14 12:13:55] progress   0.4%  stocks 120/29116  skip=226  worker=18 chunk=4/260
[2026-08-14 12:13:55] progress   0.5%  stocks 140/29116  skip=226  worker=79 chunk=2/260
[2026-08-14 12:13:55] progress   0.5%  stocks 160/29116  skip=226  worker=35 chunk=7/260
[2026-08-14 12:13:55] progress   0.6%  stocks 180/29116  skip=226  worker=15 chunk=3/260
[2026-08-14 12:13:55] progress   0.7%  stocks 200/29116  skip=226  worker=60 chunk=3/260
[2026-08-14 12:13:55] progress   0.8%  stocks 220/29116  skip=226  worker=29 chunk=22/260
[2026-08-14 12:13:56] progress   0.8%  stocks 240/29116  skip=226  worker=38 chunk=5/260
[2026-08-14 12:13:56] progress   0.9%  stocks 260/29116  skip=226  worker=103 chunk=1/260
[2026-08-14 12:13:56] progress   1.0%  stocks 280/29116  skip=226  worker=44 chunk=3/260
[2026-08-14 12:13:56] progress   1.0%  stocks 300/29116  skip=226  worker=67 chunk=4/260
[2026-08-14 12:13:56] progress   1.1%  stocks 320/29116  skip=226  worker=11 chunk=2/260
[2026-08-14 12:13:56] progress   1.2%  stocks 340/29116  skip=226  worker=64 chunk=3/260
[2026-08-14 12:13:56] progress   1.2%  stocks 360/29116  skip=226  worker=37 chunk=17/260
[2026-08-14 12:13:56] progress   1.3%  stocks 380/29116  skip=226  worker=20 chunk=11/260
[2026-08-14 12:13:57] progress   1.4%  stocks 400/29116  skip=226  worker=44 chunk=4/260
[2026-08-14 12:13:57] progress   1.4%  stocks 420/29116  skip=226  worker=111 chunk=2/259
[2026-08-14 12:13:57] progress   1.5%  stocks 440/29116  skip=226  worker=78 chunk=2/260
[2026-08-14 12:13:57] progress   1.6%  stocks 460/29116  skip=226  worker=25 chunk=1/260
[2026-08-14 12:13:57] progress   1.6%  stocks 480/29116  skip=226  worker=41 chunk=4/260
[2026-08-14 12:13:57] progress   1.7%  stocks 500/29116  skip=226  worker=40 chunk=13/260
[2026-08-14 12:13:57] progress   1.8%  stocks 520/29116  skip=226  worker=92 chunk=3/260
[2026-08-14 12:13:57] progress   1.9%  stocks 540/29116  skip=226  worker=103 chunk=3/260
[2026-08-14 12:13:58] progress   1.9%  stocks 560/29116  skip=226  worker=32 chunk=8/260
[2026-08-14 12:13:58] progress   2.0%  stocks 580/29116  skip=226  worker=44 chunk=9/260
[2026-08-14 12:13:58] progress   2.1%  stocks 600/29116  skip=226  worker=38 chunk=19/260
[2026-08-14 12:13:58] progress   2.1%  stocks 620/29116  skip=226  worker=38 chunk=20/260
[2026-08-14 12:13:58] progress   2.2%  stocks 640/29116  skip=226  worker=42 chunk=16/260
[2026-08-14 12:13:58] progress   2.3%  stocks 660/29116  skip=226  worker=101 chunk=5/260
[2026-08-14 12:13:58] progress   2.3%  stocks 680/29116  skip=226  worker=23 chunk=5/260
[2026-08-14 12:13:58] progress   2.4%  stocks 700/29116  skip=226  worker=30 chunk=6/260
[2026-08-14 12:13:59] progress   2.5%  stocks 720/29116  skip=226  worker=33 chunk=10/260
[2026-08-14 12:13:59] progress   2.5%  stocks 740/29116  skip=226  worker=75 chunk=7/260
[2026-08-14 12:13:59] progress   2.6%  stocks 760/29116  skip=226  worker=34 chunk=18/260
[2026-08-14 12:13:59] progress   2.7%  stocks 780/29116  skip=226  worker=82 chunk=6/260
[2026-08-14 12:13:59] progress   2.7%  stocks 800/29116  skip=226  worker=24 chunk=8/260
[2026-08-14 12:13:59] progress   2.8%  stocks 820/29116  skip=226  worker=30 chunk=8/260
[2026-08-14 12:13:59] progress   2.9%  stocks 840/29116  skip=226  worker=44 chunk=17/260
[2026-08-14 12:13:59] progress   3.0%  stocks 860/29116  skip=226  worker=16 chunk=10/260
[2026-08-14 12:14:00] progress   3.0%  stocks 880/29116  skip=226  worker=50 chunk=4/260
[2026-08-14 12:14:00] progress   3.1%  stocks 900/29116  skip=226  worker=98 chunk=5/260
[2026-08-14 12:14:00] progress   3.2%  stocks 920/29116  skip=226  worker=39 chunk=22/260
[2026-08-14 12:14:00] progress   3.2%  stocks 940/29116  skip=226  worker=35 chunk=29/260
[2026-08-14 12:14:00] progress   3.3%  stocks 960/29116  skip=226  worker=87 chunk=3/260
[2026-08-14 12:14:00] progress   3.4%  stocks 980/29116  skip=226  worker=3 chunk=5/260
[2026-08-14 12:14:00] progress   3.4%  stocks 1000/29116  skip=226  worker=19 chunk=17/260
[2026-08-14 12:14:00] progress   3.5%  stocks 1020/29116  skip=226  worker=31 chunk=22/260
[2026-08-14 12:14:00] progress   3.6%  stocks 1040/29116  skip=226  worker=31 chunk=23/260
[2026-08-14 12:14:00] progress   3.6%  stocks 1060/29116  skip=226  worker=62 chunk=8/260
[2026-08-14 12:14:01] progress   3.7%  stocks 1080/29116  skip=226  worker=27 chunk=14/260
[2026-08-14 12:14:01] progress   3.8%  stocks 1100/29116  skip=226  worker=42 chunk=22/260
[2026-08-14 12:14:01] progress   3.8%  stocks 1120/29116  skip=226  worker=53 chunk=6/260
[2026-08-14 12:14:01] progress   3.9%  stocks 1140/29116  skip=226  worker=29 chunk=35/260
[2026-08-14 12:14:01] progress   4.0%  stocks 1160/29116  skip=226  worker=35 chunk=36/260
[2026-08-14 12:14:01] progress   4.1%  stocks 1180/29116  skip=226  worker=33 chunk=17/260
[2026-08-14 12:14:01] progress   4.1%  stocks 1200/29116  skip=226  worker=37 chunk=32/260
[2026-08-14 12:14:01] progress   4.2%  stocks 1220/29116  skip=226  worker=30 chunk=26/260
[2026-08-14 12:14:01] progress   4.3%  stocks 1240/29116  skip=226  worker=4 chunk=8/260
[2026-08-14 12:14:02] progress   4.3%  stocks 1260/29116  skip=226  worker=37 chunk=36/260
[2026-08-14 12:14:02] progress   4.4%  stocks 1280/29116  skip=226  worker=30 chunk=31/260
[2026-08-14 12:14:02] progress   4.5%  stocks 1300/29116  skip=226  worker=20 chunk=26/260
[2026-08-14 12:14:02] progress   4.5%  stocks 1320/29116  skip=226  worker=37 chunk=40/260
[2026-08-14 12:14:02] progress   4.6%  stocks 1340/29116  skip=226  worker=1 chunk=11/260
[2026-08-14 12:14:02] progress   4.7%  stocks 1360/29116  skip=226  worker=22 chunk=33/260
[2026-08-14 12:14:02] progress   4.7%  stocks 1380/29116  skip=226  worker=111 chunk=6/259
[2026-08-14 12:14:02] progress   4.8%  stocks 1400/29116  skip=226  worker=89 chunk=4/260
[2026-08-14 12:14:02] progress   4.9%  stocks 1420/29116  skip=226  worker=22 chunk=34/260
[2026-08-14 12:14:02] progress   4.9%  stocks 1440/29116  skip=226  worker=33 chunk=31/260
[2026-08-14 12:14:03] progress   5.0%  stocks 1460/29116  skip=226  worker=39 chunk=29/260
[2026-08-14 12:14:03] progress   5.1%  stocks 1480/29116  skip=226  worker=87 chunk=6/260
[2026-08-14 12:14:03] progress   5.2%  stocks 1500/29116  skip=226  worker=18 chunk=14/260
[2026-08-14 12:14:03] progress   5.2%  stocks 1520/29116  skip=226  worker=42 chunk=26/260
[2026-08-14 12:14:03] progress   5.3%  stocks 1540/29116  skip=226  worker=66 chunk=10/260
[2026-08-14 12:14:04] progress   5.4%  stocks 1560/29116  skip=226  worker=42 chunk=28/260
[2026-08-14 12:14:04] progress   5.4%  stocks 1580/29116  skip=226  worker=92 chunk=7/260
[2026-08-14 12:14:04] progress   5.5%  stocks 1600/29116  skip=226  worker=99 chunk=8/260
[2026-08-14 12:14:04] progress   5.6%  stocks 1620/29116  skip=226  worker=38 chunk=38/260
[2026-08-14 12:14:04] progress   5.6%  stocks 1640/29116  skip=226  worker=51 chunk=7/260
[2026-08-14 12:14:04] progress   5.7%  stocks 1660/29116  skip=226  worker=61 chunk=8/260
[2026-08-14 12:14:04] progress   5.8%  stocks 1680/29116  skip=226  worker=41 chunk=14/260
[2026-08-14 12:14:04] progress   5.8%  stocks 1700/29116  skip=226  worker=14 chunk=21/260
[2026-08-14 12:14:05] progress   5.9%  stocks 1720/29116  skip=226  worker=17 chunk=30/260
[2026-08-14 12:14:05] progress   6.0%  stocks 1740/29116  skip=226  worker=39 chunk=33/260
[2026-08-14 12:14:05] progress   6.0%  stocks 1760/29116  skip=226  worker=53 chunk=8/260
[2026-08-14 12:14:05] progress   6.1%  stocks 1780/29116  skip=226  worker=36 chunk=39/260
[2026-08-14 12:14:05] progress   6.2%  stocks 1800/29116  skip=226  worker=32 chunk=69/260
[2026-08-14 12:14:05] progress   6.3%  stocks 1820/29116  skip=226  worker=29 chunk=60/260
[2026-08-14 12:14:05] progress   6.3%  stocks 1840/29116  skip=226  worker=16 chunk=17/260
[2026-08-14 12:14:05] progress   6.4%  stocks 1860/29116  skip=226  worker=90 chunk=14/260
[2026-08-14 12:14:05] progress   6.5%  stocks 1880/29116  skip=226  worker=104 chunk=8/260
[2026-08-14 12:14:05] progress   6.5%  stocks 1900/29116  skip=226  worker=29 chunk=62/260
[2026-08-14 12:14:05] progress   6.6%  stocks 1920/29116  skip=226  worker=45 chunk=51/260
[2026-08-14 12:14:06] progress   6.7%  stocks 1940/29116  skip=226  worker=53 chunk=9/260
[2026-08-14 12:14:06] progress   6.7%  stocks 1960/29116  skip=226  worker=8 chunk=17/260
[2026-08-14 12:14:06] progress   6.8%  stocks 1980/29116  skip=226  worker=34 chunk=55/260
[2026-08-14 12:14:06] progress   6.9%  stocks 2000/29116  skip=226  worker=22 chunk=39/260
[2026-08-14 12:14:06] progress   6.9%  stocks 2020/29116  skip=226  worker=83 chunk=12/260
[2026-08-14 12:14:06] progress   7.0%  stocks 2040/29116  skip=226  worker=13 chunk=25/260
[2026-08-14 12:14:06] progress   7.1%  stocks 2060/29116  skip=226  worker=5 chunk=13/260
[2026-08-14 12:14:06] progress   7.1%  stocks 2080/29116  skip=226  worker=22 chunk=41/260
[2026-08-14 12:14:06] progress   7.2%  stocks 2100/29116  skip=226  worker=64 chunk=7/260
[2026-08-14 12:14:06] progress   7.3%  stocks 2120/29116  skip=226  worker=88 chunk=11/260
[2026-08-14 12:14:06] progress   7.3%  stocks 2140/29116  skip=226  worker=38 chunk=64/260
[2026-08-14 12:14:07] progress   7.4%  stocks 2160/29116  skip=226  worker=100 chunk=12/260
[2026-08-14 12:14:07] progress   7.5%  stocks 2180/29116  skip=226  worker=33 chunk=54/260
[2026-08-14 12:14:07] progress   7.6%  stocks 2200/29116  skip=226  worker=58 chunk=11/260
[2026-08-14 12:14:07] progress   7.6%  stocks 2220/29116  skip=226  worker=29 chunk=77/260
[2026-08-14 12:14:07] progress   7.7%  stocks 2240/29116  skip=226  worker=8 chunk=20/260
[2026-08-14 12:14:07] progress   7.8%  stocks 2260/29116  skip=226  worker=98 chunk=13/260
[2026-08-14 12:14:07] progress   7.8%  stocks 2280/29116  skip=226  worker=42 chunk=47/260
[2026-08-14 12:14:07] progress   7.9%  stocks 2300/29116  skip=226  worker=3 chunk=11/260
[2026-08-14 12:14:07] progress   8.0%  stocks 2320/29116  skip=226  worker=45 chunk=57/260
[2026-08-14 12:14:07] progress   8.0%  stocks 2340/29116  skip=226  worker=25 chunk=15/260
[2026-08-14 12:14:08] progress   8.1%  stocks 2360/29116  skip=226  worker=49 chunk=11/260
[2026-08-14 12:14:08] progress   8.2%  stocks 2380/29116  skip=226  worker=73 chunk=15/260
[2026-08-14 12:14:08] progress   8.2%  stocks 2400/29116  skip=226  worker=15 chunk=19/260
[2026-08-14 12:14:08] progress   8.3%  stocks 2420/29116  skip=226  worker=54 chunk=14/260
[2026-08-14 12:14:08] progress   8.4%  stocks 2440/29116  skip=226  worker=46 chunk=54/260
[2026-08-14 12:14:08] progress   8.4%  stocks 2460/29116  skip=226  worker=90 chunk=18/260
[2026-08-14 12:14:08] progress   8.5%  stocks 2480/29116  skip=226  worker=94 chunk=11/260
[2026-08-14 12:14:09] progress   8.6%  stocks 2500/29116  skip=226  worker=30 chunk=56/260
[2026-08-14 12:14:09] progress   8.7%  stocks 2520/29116  skip=226  worker=47 chunk=12/260
[2026-08-14 12:14:09] progress   8.7%  stocks 2540/29116  skip=226  worker=39 chunk=56/260
[2026-08-14 12:14:09] progress   8.8%  stocks 2560/29116  skip=226  worker=46 chunk=60/260
[2026-08-14 12:14:09] progress   8.9%  stocks 2580/29116  skip=226  worker=45 chunk=69/260
[2026-08-14 12:14:09] progress   8.9%  stocks 2600/29116  skip=226  worker=43 chunk=40/260
[2026-08-14 12:14:09] progress   9.0%  stocks 2620/29116  skip=226  worker=26 chunk=25/260
[2026-08-14 12:14:10] progress   9.1%  stocks 2640/29116  skip=226  worker=31 chunk=49/260
[2026-08-14 12:14:10] progress   9.1%  stocks 2660/29116  skip=226  worker=45 chunk=74/260
[2026-08-14 12:14:10] progress   9.2%  stocks 2680/29116  skip=226  worker=28 chunk=27/260
[2026-08-14 12:14:10] progress   9.3%  stocks 2700/29116  skip=226  worker=19 chunk=34/260
[2026-08-14 12:14:10] progress   9.3%  stocks 2720/29116  skip=226  worker=41 chunk=41/260
[2026-08-14 12:14:10] progress   9.4%  stocks 2740/29116  skip=226  worker=42 chunk=60/260
[2026-08-14 12:14:10] progress   9.5%  stocks 2760/29116  skip=226  worker=27 chunk=30/260
[2026-08-14 12:14:11] progress   9.5%  stocks 2780/29116  skip=226  worker=42 chunk=63/260
[2026-08-14 12:14:11] progress   9.6%  stocks 2800/29116  skip=226  worker=31 chunk=58/260
[2026-08-14 12:14:11] progress   9.7%  stocks 2820/29116  skip=226  worker=31 chunk=59/260
[2026-08-14 12:14:11] progress   9.8%  stocks 2840/29116  skip=226  worker=46 chunk=63/260
[2026-08-14 12:14:11] progress   9.8%  stocks 2860/29116  skip=226  worker=68 chunk=13/260
[2026-08-14 12:14:11] progress   9.9%  stocks 2880/29116  skip=226  worker=24 chunk=29/260
[2026-08-14 12:14:11] progress  10.0%  stocks 2900/29116  skip=226  worker=26 chunk=36/260
[2026-08-14 12:14:11] progress  10.0%  stocks 2920/29116  skip=226  worker=12 chunk=25/260
[2026-08-14 12:14:11] progress  10.1%  stocks 2940/29116  skip=226  worker=46 chunk=71/260
[2026-08-14 12:14:12] progress  10.2%  stocks 2960/29116  skip=226  worker=75 chunk=18/260
[2026-08-14 12:14:12] progress  10.2%  stocks 2980/29116  skip=226  worker=16 chunk=28/260
[2026-08-14 12:14:12] progress  10.3%  stocks 3000/29116  skip=226  worker=42 chunk=77/260
[2026-08-14 12:14:12] progress  10.4%  stocks 3020/29116  skip=226  worker=23 chunk=35/260
[2026-08-14 12:14:12] progress  10.4%  stocks 3040/29116  skip=226  worker=33 chunk=99/260
[2026-08-14 12:14:12] progress  10.5%  stocks 3060/29116  skip=226  worker=16 chunk=29/260
[2026-08-14 12:14:12] progress  10.6%  stocks 3080/29116  skip=226  worker=88 chunk=16/260
[2026-08-14 12:14:12] progress  10.6%  stocks 3100/29116  skip=226  worker=33 chunk=104/260
[2026-08-14 12:14:13] progress  10.7%  stocks 3120/29116  skip=226  worker=41 chunk=48/260
[2026-08-14 12:14:13] progress  10.8%  stocks 3140/29116  skip=226  worker=107 chunk=19/260
[2026-08-14 12:14:13] progress  10.9%  stocks 3160/29116  skip=226  worker=45 chunk=100/260
[2026-08-14 12:14:13] progress  10.9%  stocks 3180/29116  skip=226  worker=41 chunk=52/260
[2026-08-14 12:14:13] progress  11.0%  stocks 3200/29116  skip=226  worker=103 chunk=13/260
[2026-08-14 12:14:13] progress  11.1%  stocks 3220/29116  skip=226  worker=41 chunk=55/260
[2026-08-14 12:14:13] progress  11.1%  stocks 3240/29116  skip=226  worker=34 chunk=96/260
[2026-08-14 12:14:14] progress  11.2%  stocks 3260/29116  skip=226  worker=105 chunk=20/260
[2026-08-14 12:14:14] progress  11.3%  stocks 3280/29116  skip=226  worker=77 chunk=24/260
[2026-08-14 12:14:14] progress  11.3%  stocks 3300/29116  skip=226  worker=25 chunk=48/260
[2026-08-14 12:14:14] progress  11.4%  stocks 3320/29116  skip=226  worker=45 chunk=113/260
[2026-08-14 12:14:14] progress  11.5%  stocks 3340/29116  skip=226  worker=13 chunk=36/260
[2026-08-14 12:14:14] progress  11.5%  stocks 3360/29116  skip=226  worker=96 chunk=18/260
[2026-08-14 12:14:14] progress  11.6%  stocks 3380/29116  skip=226  worker=89 chunk=13/260
[2026-08-14 12:14:14] progress  11.7%  stocks 3400/29116  skip=226  worker=31 chunk=80/260
[2026-08-14 12:14:15] progress  11.7%  stocks 3420/29116  skip=226  worker=97 chunk=15/260
[2026-08-14 12:14:15] progress  11.8%  stocks 3440/29116  skip=226  worker=44 chunk=52/260
[2026-08-14 12:14:15] progress  11.9%  stocks 3460/29116  skip=226  worker=31 chunk=84/260
[2026-08-14 12:14:15] progress  12.0%  stocks 3480/29116  skip=226  worker=19 chunk=48/260
[2026-08-14 12:14:15] progress  12.0%  stocks 3500/29116  skip=226  worker=30 chunk=85/260
[2026-08-14 12:14:15] progress  12.1%  stocks 3520/29116  skip=226  worker=30 chunk=87/260
[2026-08-14 12:14:15] progress  12.2%  stocks 3540/29116  skip=226  worker=11 chunk=33/260
[2026-08-14 12:14:15] progress  12.2%  stocks 3560/29116  skip=226  worker=34 chunk=121/260
[2026-08-14 12:14:16] progress  12.3%  stocks 3580/29116  skip=226  worker=91 chunk=22/260
[2026-08-14 12:14:16] progress  12.4%  stocks 3600/29116  skip=226  worker=46 chunk=99/260
[2026-08-14 12:14:16] progress  12.4%  stocks 3620/29116  skip=226  worker=34 chunk=126/260
[2026-08-14 12:14:16] progress  12.5%  stocks 3640/29116  skip=226  worker=82 chunk=19/260
[2026-08-14 12:14:16] progress  12.6%  stocks 3660/29116  skip=226  worker=2 chunk=29/260
[2026-08-14 12:14:16] progress  12.6%  stocks 3680/29116  skip=226  worker=80 chunk=17/260
[2026-08-14 12:14:16] progress  12.7%  stocks 3700/29116  skip=226  worker=32 chunk=148/260
[2026-08-14 12:14:17] progress  12.8%  stocks 3720/29116  skip=226  worker=45 chunk=140/260
[2026-08-14 12:14:17] progress  12.8%  stocks 3740/29116  skip=226  worker=111 chunk=18/259
[2026-08-14 12:14:17] progress  12.9%  stocks 3760/29116  skip=226  worker=23 chunk=55/260
[2026-08-14 12:14:17] progress  13.0%  stocks 3780/29116  skip=226  worker=107 chunk=21/260
[2026-08-14 12:14:17] progress  13.1%  stocks 3800/29116  skip=226  worker=68 chunk=18/260
[2026-08-14 12:14:17] progress  13.1%  stocks 3820/29116  skip=226  worker=44 chunk=63/260
[2026-08-14 12:14:17] progress  13.2%  stocks 3840/29116  skip=226  worker=43 chunk=74/260
[2026-08-14 12:14:17] progress  13.3%  stocks 3860/29116  skip=226  worker=44 chunk=67/260
[2026-08-14 12:14:18] progress  13.3%  stocks 3880/29116  skip=226  worker=82 chunk=21/260
[2026-08-14 12:14:18] progress  13.4%  stocks 3900/29116  skip=226  worker=18 chunk=42/260
[2026-08-14 12:14:18] progress  13.5%  stocks 3920/29116  skip=226  worker=24 chunk=55/260
[2026-08-14 12:14:18] progress  13.5%  stocks 3940/29116  skip=226  worker=38 chunk=111/260
[2026-08-14 12:14:18] progress  13.6%  stocks 3960/29116  skip=226  worker=32 chunk=175/260
[2026-08-14 12:14:18] progress  13.7%  stocks 3980/29116  skip=226  worker=109 chunk=34/259
[2026-08-14 12:14:18] progress  13.7%  stocks 4000/29116  skip=226  worker=42 chunk=95/260
[2026-08-14 12:14:19] progress  13.8%  stocks 4020/29116  skip=226  worker=109 chunk=36/259
[2026-08-14 12:14:19] progress  13.9%  stocks 4040/29116  skip=226  worker=97 chunk=16/260
[2026-08-14 12:14:19] progress  13.9%  stocks 4060/29116  skip=226  worker=23 chunk=65/260
[2026-08-14 12:14:19] progress  14.0%  stocks 4080/29116  skip=226  worker=42 chunk=100/260
[2026-08-14 12:14:19] progress  14.1%  stocks 4100/29116  skip=226  worker=43 chunk=82/260
[2026-08-14 12:14:19] progress  14.2%  stocks 4120/29116  skip=226  worker=25 chunk=76/260
[2026-08-14 12:14:19] progress  14.2%  stocks 4140/29116  skip=226  worker=37 chunk=139/260
[2026-08-14 12:14:19] progress  14.3%  stocks 4160/29116  skip=226  worker=37 chunk=141/260
[2026-08-14 12:14:20] progress  14.4%  stocks 4180/29116  skip=226  worker=44 chunk=86/260
[2026-08-14 12:14:20] progress  14.4%  stocks 4200/29116  skip=226  worker=34 chunk=145/260
[2026-08-14 12:14:20] progress  14.5%  stocks 4220/29116  skip=226  worker=44 chunk=90/260
[2026-08-14 12:14:20] progress  14.6%  stocks 4240/29116  skip=226  worker=37 chunk=147/260
[2026-08-14 12:14:20] progress  14.6%  stocks 4260/29116  skip=226  worker=23 chunk=72/260
[2026-08-14 12:14:20] progress  14.7%  stocks 4280/29116  skip=226  worker=47 chunk=15/260
[2026-08-14 12:14:20] progress  14.8%  stocks 4300/29116  skip=226  worker=22 chunk=76/260
[2026-08-14 12:14:21] progress  14.8%  stocks 4320/29116  skip=226  worker=79 chunk=19/260
[2026-08-14 12:14:21] progress  14.9%  stocks 4340/29116  skip=226  worker=30 chunk=132/260
[2026-08-14 12:14:21] progress  15.0%  stocks 4360/29116  skip=226  worker=30 chunk=134/260
[2026-08-14 12:14:21] progress  15.0%  stocks 4380/29116  skip=226  worker=44 chunk=105/260
[2026-08-14 12:14:21] progress  15.1%  stocks 4400/29116  skip=226  worker=33 chunk=132/260
[2026-08-14 12:14:21] progress  15.2%  stocks 4420/29116  skip=226  worker=30 chunk=137/260
[2026-08-14 12:14:21] progress  15.2%  stocks 4440/29116  skip=226  worker=26 chunk=61/260
[2026-08-14 12:14:22] progress  15.3%  stocks 4460/29116  skip=226  worker=102 chunk=29/260
[2026-08-14 12:14:22] progress  15.4%  stocks 4480/29116  skip=226  worker=95 chunk=22/260
[2026-08-14 12:14:22] progress  15.5%  stocks 4500/29116  skip=226  worker=42 chunk=127/260
[2026-08-14 12:14:22] progress  15.5%  stocks 4520/29116  skip=226  worker=26 chunk=67/260
[2026-08-14 12:14:22] progress  15.6%  stocks 4540/29116  skip=226  worker=97 chunk=18/260
[2026-08-14 12:14:22] progress  15.7%  stocks 4560/29116  skip=226  worker=98 chunk=22/260
[2026-08-14 12:14:23] progress  15.7%  stocks 4580/29116  skip=226  worker=30 chunk=153/260
[2026-08-14 12:14:23] progress  15.8%  stocks 4600/29116  skip=226  worker=6 chunk=38/260
[2026-08-14 12:14:23] progress  15.9%  stocks 4620/29116  skip=226  worker=30 chunk=159/260
[2026-08-14 12:14:23] progress  15.9%  stocks 4640/29116  skip=226  worker=28 chunk=61/260
[2026-08-14 12:14:23] progress  16.0%  stocks 4660/29116  skip=226  worker=42 chunk=129/260
[2026-08-14 12:14:24] progress  16.1%  stocks 4680/29116  skip=226  worker=42 chunk=131/260
[2026-08-14 12:14:24] progress  16.1%  stocks 4700/29116  skip=226  worker=75 chunk=25/260
[2026-08-14 12:14:24] progress  16.2%  stocks 4720/29116  skip=226  worker=25 chunk=107/260
[2026-08-14 12:14:24] progress  16.3%  stocks 4740/29116  skip=226  worker=38 chunk=125/260
[2026-08-14 12:14:24] progress  16.3%  stocks 4760/29116  skip=226  worker=25 chunk=108/260
[2026-08-14 12:14:24] progress  16.4%  stocks 4780/29116  skip=226  worker=26 chunk=87/260
[2026-08-14 12:14:24] progress  16.5%  stocks 4800/29116  skip=226  worker=38 chunk=132/260
[2026-08-14 12:14:25] progress  16.6%  stocks 4820/29116  skip=226  worker=30 chunk=169/260
[2026-08-14 12:14:25] progress  16.6%  stocks 4840/29116  skip=226  worker=87 chunk=24/260
[2026-08-14 12:14:25] progress  16.7%  stocks 4860/29116  skip=226  worker=41 chunk=78/260
[2026-08-14 12:14:25] progress  16.8%  stocks 4880/29116  skip=226  worker=105 chunk=28/260
[2026-08-14 12:14:25] progress  16.8%  stocks 4900/29116  skip=226  worker=78 chunk=26/260
[2026-08-14 12:14:26] progress  16.9%  stocks 4920/29116  skip=226  worker=28 chunk=84/260
[2026-08-14 12:14:26] progress  17.0%  stocks 4940/29116  skip=226  worker=14 chunk=55/260
[2026-08-14 12:14:26] progress  17.0%  stocks 4960/29116  skip=226  worker=12 chunk=45/260
[2026-08-14 12:14:26] progress  17.1%  stocks 4980/29116  skip=226  worker=16 chunk=49/260
[2026-08-14 12:14:26] progress  17.2%  stocks 5000/29116  skip=226  worker=18 chunk=56/260
[2026-08-14 12:14:27] progress  17.2%  stocks 5020/29116  skip=226  worker=29 chunk=110/260
[2026-08-14 12:14:27] progress  17.3%  stocks 5040/29116  skip=226  worker=9 chunk=36/260
[2026-08-14 12:14:27] progress  17.4%  stocks 5060/29116  skip=226  worker=35 chunk=111/260
[2026-08-14 12:14:27] progress  17.4%  stocks 5080/29116  skip=226  worker=44 chunk=124/260
[2026-08-14 12:14:28] progress  17.5%  stocks 5100/29116  skip=226  worker=83 chunk=29/260
[2026-08-14 12:14:28] progress  17.6%  stocks 5120/29116  skip=226  worker=42 chunk=151/260
[2026-08-14 12:14:28] progress  17.7%  stocks 5140/29116  skip=226  worker=45 chunk=163/260
[2026-08-14 12:14:29] progress  17.7%  stocks 5160/29116  skip=226  worker=81 chunk=28/260
[2026-08-14 12:14:29] progress  17.8%  stocks 5180/29116  skip=226  worker=49 chunk=21/260
[2026-08-14 12:14:29] progress  17.9%  stocks 5200/29116  skip=226  worker=35 chunk=118/260
[2026-08-14 12:14:29] progress  17.9%  stocks 5220/29116  skip=226  worker=60 chunk=31/260
[2026-08-14 12:14:30] progress  18.0%  stocks 5240/29116  skip=226  worker=45 chunk=169/260
[2026-08-14 12:14:30] progress  18.1%  stocks 5260/29116  skip=226  worker=39 chunk=131/260
[2026-08-14 12:14:30] progress  18.1%  stocks 5280/29116  skip=226  worker=32 chunk=243/260
[2026-08-14 12:14:30] progress  18.2%  stocks 5300/29116  skip=226  worker=79 chunk=25/260
[2026-08-14 12:14:30] progress  18.3%  stocks 5320/29116  skip=226  worker=44 chunk=133/260
[2026-08-14 12:14:30] progress  18.3%  stocks 5340/29116  skip=226  worker=23 chunk=95/260
[2026-08-14 12:14:30] progress  18.4%  stocks 5360/29116  skip=226  worker=26 chunk=107/260
[2026-08-14 12:14:31] progress  18.5%  stocks 5380/29116  skip=226  worker=109 chunk=43/259
[2026-08-14 12:14:31] progress  18.5%  stocks 5400/29116  skip=226  worker=32 chunk=253/260
[2026-08-14 12:14:31] progress  18.6%  stocks 5420/29116  skip=226  worker=17 chunk=70/260
[2026-08-14 12:14:31] progress  18.7%  stocks 5440/29116  skip=226  worker=37 chunk=171/260
[2026-08-14 12:14:32] progress  18.8%  stocks 5460/29116  skip=226  worker=32 chunk=256/260
[2026-08-14 12:14:32] progress  18.8%  stocks 5480/29116  skip=226  worker=32 chunk=257/260
[2026-08-14 12:14:32] progress  18.9%  stocks 5500/29116  skip=226  worker=28 chunk=102/260
[2026-08-14 12:14:32] progress  19.0%  stocks 5520/29116  skip=226  worker=30 chunk=184/260
[2026-08-14 12:14:33] progress  19.0%  stocks 5540/29116  skip=226  worker=44 chunk=140/260
[2026-08-14 12:14:33] progress  19.1%  stocks 5560/29116  skip=226  worker=44 chunk=144/260
[2026-08-14 12:14:33] progress  19.2%  stocks 5580/29116  skip=226  worker=23 chunk=100/260
[2026-08-14 12:14:34] progress  19.2%  stocks 5600/29116  skip=226  worker=34 chunk=198/260
[2026-08-14 12:14:34] progress  19.3%  stocks 5620/29116  skip=226  worker=50 chunk=20/260
[2026-08-14 12:14:35] progress  19.4%  stocks 5640/29116  skip=226  worker=30 chunk=186/260
[2026-08-14 12:14:35] progress  19.4%  stocks 5660/29116  skip=226  worker=107 chunk=31/260
[2026-08-14 12:14:35] progress  19.5%  stocks 5680/29116  skip=226  worker=35 chunk=138/260
[2026-08-14 12:14:35] progress  19.6%  stocks 5700/29116  skip=226  worker=31 chunk=109/260
[2026-08-14 12:14:36] progress  19.6%  stocks 5720/29116  skip=226  worker=34 chunk=206/260
[2026-08-14 12:14:36] progress  19.7%  stocks 5740/29116  skip=226  worker=35 chunk=145/260
[2026-08-14 12:14:36] progress  19.8%  stocks 5760/29116  skip=226  worker=24 chunk=76/260
[2026-08-14 12:14:36] progress  19.9%  stocks 5780/29116  skip=226  worker=28 chunk=110/260
[2026-08-14 12:14:37] progress  19.9%  stocks 5800/29116  skip=226  worker=105 chunk=34/260
[2026-08-14 12:14:37] progress  20.0%  stocks 5820/29116  skip=226  worker=42 chunk=191/260
[2026-08-14 12:14:37] progress  20.1%  stocks 5840/29116  skip=226  worker=41 chunk=93/260
[2026-08-14 12:14:37] progress  20.1%  stocks 5860/29116  skip=226  worker=41 chunk=96/260
[2026-08-14 12:14:38] progress  20.2%  stocks 5880/29116  skip=226  worker=106 chunk=28/260
[2026-08-14 12:14:38] progress  20.3%  stocks 5900/29116  skip=226  worker=13 chunk=62/260
[2026-08-14 12:14:38] progress  20.3%  stocks 5920/29116  skip=226  worker=16 chunk=57/260
[2026-08-14 12:14:39] progress  20.4%  stocks 5940/29116  skip=226  worker=16 chunk=58/260
[2026-08-14 12:14:39] progress  20.5%  stocks 5960/29116  skip=226  worker=103 chunk=30/260
[2026-08-14 12:14:39] progress  20.5%  stocks 5980/29116  skip=226  worker=29 chunk=126/260
[2026-08-14 12:14:40] progress  20.6%  stocks 6000/29116  skip=226  worker=17 chunk=76/260
[2026-08-14 12:14:40] progress  20.7%  stocks 6020/29116  skip=226  worker=18 chunk=64/260
[2026-08-14 12:14:40] progress  20.7%  stocks 6040/29116  skip=226  worker=37 chunk=206/260
[2026-08-14 12:14:40] progress  20.8%  stocks 6060/29116  skip=226  worker=34 chunk=221/260
[2026-08-14 12:14:40] progress  20.9%  stocks 6080/29116  skip=226  worker=75 chunk=31/260
[2026-08-14 12:14:40] progress  21.0%  stocks 6100/29116  skip=226  worker=8 chunk=46/260
[2026-08-14 12:14:41] progress  21.0%  stocks 6120/29116  skip=226  worker=34 chunk=227/260
[2026-08-14 12:14:41] progress  21.1%  stocks 6140/29116  skip=226  worker=15 chunk=51/260
[2026-08-14 12:14:41] progress  21.2%  stocks 6160/29116  skip=226  worker=30 chunk=204/260
[2026-08-14 12:14:41] progress  21.2%  stocks 6180/29116  skip=226  worker=39 chunk=150/260
[2026-08-14 12:14:41] progress  21.3%  stocks 6200/29116  skip=226  worker=14 chunk=74/260
[2026-08-14 12:14:41] progress  21.4%  stocks 6220/29116  skip=226  worker=38 chunk=171/260
[2026-08-14 12:14:42] progress  21.4%  stocks 6240/29116  skip=226  worker=25 chunk=134/260
[2026-08-14 12:14:42] progress  21.5%  stocks 6260/29116  skip=226  worker=39 chunk=155/260
[2026-08-14 12:14:42] progress  21.6%  stocks 6280/29116  skip=226  worker=39 chunk=159/260
[2026-08-14 12:14:42] progress  21.6%  stocks 6300/29116  skip=226  worker=12 chunk=62/260
[2026-08-14 12:14:43] progress  21.7%  stocks 6320/29116  skip=226  worker=41 chunk=110/260
[2026-08-14 12:14:43] progress  21.8%  stocks 6340/29116  skip=226  worker=28 chunk=124/260
[2026-08-14 12:14:43] progress  21.8%  stocks 6360/29116  skip=226  worker=41 chunk=119/260
[2026-08-14 12:14:44] progress  21.9%  stocks 6380/29116  skip=226  worker=81 chunk=36/260
[2026-08-14 12:14:44] progress  22.0%  stocks 6400/29116  skip=226  worker=50 chunk=23/260
[2026-08-14 12:14:44] progress  22.0%  stocks 6420/29116  skip=226  worker=11 chunk=59/260
[2026-08-14 12:14:45] progress  22.1%  stocks 6440/29116  skip=226  worker=31 chunk=118/260
[2026-08-14 12:14:45] progress  22.2%  stocks 6460/29116  skip=226  worker=45 chunk=210/260
[2026-08-14 12:14:45] progress  22.3%  stocks 6480/29116  skip=226  worker=28 chunk=127/260
[2026-08-14 12:14:45] progress  22.3%  stocks 6500/29116  skip=226  worker=34 chunk=246/260
[2026-08-14 12:14:45] progress  22.4%  stocks 6520/29116  skip=226  worker=50 chunk=24/260
[2026-08-14 12:14:46] progress  22.5%  stocks 6540/29116  skip=226  worker=42 chunk=209/260
[2026-08-14 12:14:46] progress  22.5%  stocks 6560/29116  skip=226  worker=39 chunk=174/260
[2026-08-14 12:14:46] progress  22.6%  stocks 6580/29116  skip=226  worker=80 chunk=32/260
[2026-08-14 12:14:46] progress  22.7%  stocks 6600/29116  skip=226  worker=42 chunk=214/260
[2026-08-14 12:14:47] progress  22.7%  stocks 6620/29116  skip=226  worker=31 chunk=128/260
[2026-08-14 12:14:47] progress  22.8%  stocks 6640/29116  skip=226  worker=38 chunk=185/260
[2026-08-14 12:14:47] progress  22.9%  stocks 6660/29116  skip=226  worker=23 chunk=115/260
[2026-08-14 12:14:47] progress  22.9%  stocks 6680/29116  skip=226  worker=31 chunk=134/260
[2026-08-14 12:14:48] progress  23.0%  stocks 6700/29116  skip=226  worker=94 chunk=26/260
[2026-08-14 12:14:48] progress  23.1%  stocks 6720/29116  skip=226  worker=108 chunk=45/259
[2026-08-14 12:14:48] progress  23.1%  stocks 6740/29116  skip=226  worker=47 chunk=25/260
[2026-08-14 12:14:48] progress  23.2%  stocks 6760/29116  skip=226  worker=82 chunk=34/260
[2026-08-14 12:14:49] progress  23.3%  stocks 6780/29116  skip=226  worker=86 chunk=31/260
[2026-08-14 12:14:50] progress  23.4%  stocks 6800/29116  skip=226  worker=82 chunk=35/260
[2026-08-14 12:14:50] progress  23.4%  stocks 6820/29116  skip=226  worker=37 chunk=217/260
[2026-08-14 12:14:50] progress  23.5%  stocks 6840/29116  skip=226  worker=14 chunk=82/260
[2026-08-14 12:14:50] progress  23.6%  stocks 6860/29116  skip=226  worker=27 chunk=94/260
[2026-08-14 12:14:51] progress  23.6%  stocks 6880/29116  skip=226  worker=12 chunk=69/260
[2026-08-14 12:14:51] progress  23.7%  stocks 6900/29116  skip=226  worker=30 chunk=223/260
[2026-08-14 12:14:51] progress  23.8%  stocks 6920/29116  skip=226  worker=15 chunk=74/260
[2026-08-14 12:14:52] progress  23.8%  stocks 6940/29116  skip=226  worker=22 chunk=104/260
[2026-08-14 12:14:52] progress  23.9%  stocks 6960/29116  skip=226  worker=80 chunk=35/260
[2026-08-14 12:14:52] progress  24.0%  stocks 6980/29116  skip=226  worker=42 chunk=222/260
[2026-08-14 12:14:52] progress  24.0%  stocks 7000/29116  skip=226  worker=41 chunk=152/260
[2026-08-14 12:14:53] progress  24.1%  stocks 7020/29116  skip=226  worker=41 chunk=153/260
[2026-08-14 12:14:53] progress  24.2%  stocks 7040/29116  skip=226  worker=16 chunk=74/260
[2026-08-14 12:14:53] progress  24.2%  stocks 7060/29116  skip=226  worker=66 chunk=37/260
[2026-08-14 12:14:54] progress  24.3%  stocks 7080/29116  skip=226  worker=75 chunk=40/260
[2026-08-14 12:14:54] progress  24.4%  stocks 7100/29116  skip=226  worker=96 chunk=42/260
[2026-08-14 12:14:55] progress  24.5%  stocks 7120/29116  skip=226  worker=52 chunk=33/260
[2026-08-14 12:14:55] progress  24.5%  stocks 7140/29116  skip=226  worker=37 chunk=224/260
[2026-08-14 12:14:55] progress  24.6%  stocks 7160/29116  skip=226  worker=94 chunk=33/260
[2026-08-14 12:14:55] progress  24.7%  stocks 7180/29116  skip=226  worker=25 chunk=153/260
[2026-08-14 12:14:55] progress  24.7%  stocks 7200/29116  skip=226  worker=107 chunk=44/260
[2026-08-14 12:14:55] progress  24.8%  stocks 7220/29116  skip=226  worker=27 chunk=112/260
[2026-08-14 12:14:56] progress  24.9%  stocks 7240/29116  skip=226  worker=42 chunk=231/260
[2026-08-14 12:14:56] progress  24.9%  stocks 7260/29116  skip=226  worker=23 chunk=121/260
[2026-08-14 12:14:56] progress  25.0%  stocks 7280/29116  skip=226  worker=12 chunk=74/260
[2026-08-14 12:14:56] progress  25.1%  stocks 7300/29116  skip=226  worker=50 chunk=29/260
[2026-08-14 12:14:57] progress  25.1%  stocks 7320/29116  skip=226  worker=30 chunk=232/260
[2026-08-14 12:14:57] progress  25.2%  stocks 7340/29116  skip=226  worker=16 chunk=77/260
[2026-08-14 12:14:57] progress  25.3%  stocks 7360/29116  skip=226  worker=28 chunk=159/260
[2026-08-14 12:14:57] progress  25.3%  stocks 7380/29116  skip=226  worker=31 chunk=154/260
[2026-08-14 12:14:58] progress  25.4%  stocks 7400/29116  skip=226  worker=38 chunk=218/260
[2026-08-14 12:14:58] progress  25.5%  stocks 7420/29116  skip=226  worker=80 chunk=38/260
[2026-08-14 12:14:58] progress  25.6%  stocks 7440/29116  skip=226  worker=42 chunk=238/260
[2026-08-14 12:14:58] progress  25.6%  stocks 7460/29116  skip=226  worker=37 chunk=243/260
[2026-08-14 12:14:59] progress  25.7%  stocks 7480/29116  skip=226  worker=110 chunk=50/259
[2026-08-14 12:14:59] progress  25.8%  stocks 7500/29116  skip=226  worker=27 chunk=117/260
[2026-08-14 12:14:59] progress  25.8%  stocks 7520/29116  skip=226  worker=110 chunk=51/259
[2026-08-14 12:15:00] progress  25.9%  stocks 7540/29116  skip=226  worker=101 chunk=37/260
[2026-08-14 12:15:00] progress  26.0%  stocks 7560/29116  skip=226  worker=33 chunk=203/260
[2026-08-14 12:15:00] progress  26.0%  stocks 7580/29116  skip=226  worker=100 chunk=37/260
[2026-08-14 12:15:00] progress  26.1%  stocks 7600/29116  skip=226  worker=65 chunk=33/260
[2026-08-14 12:15:01] progress  26.2%  stocks 7620/29116  skip=226  worker=80 chunk=39/260
[2026-08-14 12:15:01] progress  26.2%  stocks 7640/29116  skip=226  worker=90 chunk=53/260
[2026-08-14 12:15:01] progress  26.3%  stocks 7660/29116  skip=226  worker=37 chunk=259/260
[2026-08-14 12:15:02] progress  26.4%  stocks 7680/29116  skip=226  worker=15 chunk=86/260
[2026-08-14 12:15:02] progress  26.4%  stocks 7700/29116  skip=226  worker=78 chunk=47/260
[2026-08-14 12:15:02] progress  26.5%  stocks 7720/29116  skip=226  worker=104 chunk=46/260
[2026-08-14 12:15:03] progress  26.6%  stocks 7740/29116  skip=226  worker=19 chunk=100/260
[2026-08-14 12:15:03] progress  26.7%  stocks 7760/29116  skip=226  worker=79 chunk=39/260
[2026-08-14 12:15:03] progress  26.7%  stocks 7780/29116  skip=226  worker=11 chunk=74/260
[2026-08-14 12:15:04] progress  26.8%  stocks 7800/29116  skip=226  worker=110 chunk=55/259
[2026-08-14 12:15:04] progress  26.9%  stocks 7820/29116  skip=226  worker=31 chunk=168/260
[2026-08-14 12:15:05] progress  26.9%  stocks 7840/29116  skip=226  worker=27 chunk=127/260
[2026-08-14 12:15:05] progress  27.0%  stocks 7860/29116  skip=226  worker=15 chunk=88/260
[2026-08-14 12:15:05] progress  27.1%  stocks 7880/29116  skip=226  worker=41 chunk=181/260
[2026-08-14 12:15:06] progress  27.1%  stocks 7900/29116  skip=226  worker=111 chunk=59/259
[2026-08-14 12:15:06] progress  27.2%  stocks 7920/29116  skip=226  worker=107 chunk=54/260
[2026-08-14 12:15:07] progress  27.3%  stocks 7940/29116  skip=226  worker=94 chunk=42/260
[2026-08-14 12:15:07] progress  27.3%  stocks 7960/29116  skip=226  worker=17 chunk=99/260
[2026-08-14 12:15:07] progress  27.4%  stocks 7980/29116  skip=226  worker=42 chunk=244/260
[2026-08-14 12:15:08] progress  27.5%  stocks 8000/29116  skip=226  worker=75 chunk=54/260
[2026-08-14 12:15:08] progress  27.5%  stocks 8020/29116  skip=226  worker=25 chunk=164/260
[2026-08-14 12:15:09] progress  27.6%  stocks 8040/29116  skip=226  worker=38 chunk=244/260
[2026-08-14 12:15:10] progress  27.7%  stocks 8060/29116  skip=226  worker=95 chunk=57/260
[2026-08-14 12:15:10] progress  27.8%  stocks 8080/29116  skip=226  worker=86 chunk=44/260
[2026-08-14 12:15:10] progress  27.8%  stocks 8100/29116  skip=226  worker=2 chunk=69/260
[2026-08-14 12:15:10] progress  27.9%  stocks 8120/29116  skip=226  worker=23 chunk=129/260
[2026-08-14 12:15:11] progress  28.0%  stocks 8140/29116  skip=226  worker=28 chunk=180/260
[2026-08-14 12:15:11] progress  28.0%  stocks 8160/29116  skip=226  worker=105 chunk=52/260
[2026-08-14 12:15:11] progress  28.1%  stocks 8180/29116  skip=226  worker=28 chunk=184/260
[2026-08-14 12:15:11] progress  28.2%  stocks 8200/29116  skip=226  worker=11 chunk=82/260
[2026-08-14 12:15:12] progress  28.2%  stocks 8220/29116  skip=226  worker=28 chunk=188/260
[2026-08-14 12:15:12] progress  28.3%  stocks 8240/29116  skip=226  worker=96 chunk=51/260
[2026-08-14 12:15:13] progress  28.4%  stocks 8260/29116  skip=226  worker=27 chunk=137/260
[2026-08-14 12:15:13] progress  28.4%  stocks 8280/29116  skip=226  worker=39 chunk=211/260
[2026-08-14 12:15:13] progress  28.5%  stocks 8300/29116  skip=226  worker=3 chunk=58/260
[2026-08-14 12:15:14] progress  28.6%  stocks 8320/29116  skip=226  worker=11 chunk=87/260
[2026-08-14 12:15:15] progress  28.6%  stocks 8340/29116  skip=226  worker=31 chunk=185/260
[2026-08-14 12:15:15] progress  28.7%  stocks 8360/29116  skip=226  worker=26 chunk=189/260
[2026-08-14 12:15:15] progress  28.8%  stocks 8380/29116  skip=226  worker=98 chunk=55/260
[2026-08-14 12:15:16] progress  28.9%  stocks 8400/29116  skip=226  worker=31 chunk=187/260
[2026-08-14 12:15:16] progress  28.9%  stocks 8420/29116  skip=226  worker=27 chunk=139/260
[2026-08-14 12:15:16] progress  29.0%  stocks 8440/29116  skip=226  worker=101 chunk=47/260
[2026-08-14 12:15:17] progress  29.1%  stocks 8460/29116  skip=226  worker=80 chunk=48/260
[2026-08-14 12:15:17] progress  29.1%  stocks 8480/29116  skip=226  worker=18 chunk=95/260
[2026-08-14 12:15:17] progress  29.2%  stocks 8500/29116  skip=226  worker=41 chunk=202/260
[2026-08-14 12:15:18] progress  29.3%  stocks 8520/29116  skip=226  worker=8 chunk=69/260
[2026-08-14 12:15:18] progress  29.3%  stocks 8540/29116  skip=226  worker=46 chunk=124/260
[2026-08-14 12:15:19] progress  29.4%  stocks 8560/29116  skip=226  worker=95 chunk=60/260
[2026-08-14 12:15:19] progress  29.5%  stocks 8580/29116  skip=226  worker=23 chunk=139/260
[2026-08-14 12:15:20] progress  29.5%  stocks 8600/29116  skip=226  worker=50 chunk=42/260
[2026-08-14 12:15:20] progress  29.6%  stocks 8620/29116  skip=226  worker=16 chunk=103/260
[2026-08-14 12:15:20] progress  29.7%  stocks 8640/29116  skip=226  worker=17 chunk=114/260
[2026-08-14 12:15:21] progress  29.7%  stocks 8660/29116  skip=226  worker=15 chunk=109/260
[2026-08-14 12:15:21] progress  29.8%  stocks 8680/29116  skip=226  worker=27 chunk=148/260
[2026-08-14 12:15:22] progress  29.9%  stocks 8700/29116  skip=226  worker=83 chunk=60/260
[2026-08-14 12:15:22] progress  29.9%  stocks 8720/29116  skip=226  worker=15 chunk=111/260
[2026-08-14 12:15:22] progress  30.0%  stocks 8740/29116  skip=226  worker=105 chunk=63/260
[2026-08-14 12:15:23] progress  30.1%  stocks 8760/29116  skip=226  worker=12 chunk=101/260
[2026-08-14 12:15:23] progress  30.2%  stocks 8780/29116  skip=226  worker=11 chunk=96/260
[2026-08-14 12:15:24] progress  30.2%  stocks 8800/29116  skip=226  worker=109 chunk=71/259
[2026-08-14 12:15:24] progress  30.3%  stocks 8820/29116  skip=226  worker=25 chunk=184/260
[2026-08-14 12:15:25] progress  30.4%  stocks 8840/29116  skip=226  worker=29 chunk=201/260
[2026-08-14 12:15:25] progress  30.4%  stocks 8860/29116  skip=226  worker=107 chunk=64/260
[2026-08-14 12:15:25] progress  30.5%  stocks 8880/29116  skip=226  worker=31 chunk=199/260
[2026-08-14 12:15:25] progress  30.6%  stocks 8900/29116  skip=226  worker=23 chunk=146/260
[2026-08-14 12:15:26] progress  30.6%  stocks 8920/29116  skip=226  worker=107 chunk=66/260
[2026-08-14 12:15:26] progress  30.7%  stocks 8940/29116  skip=226  worker=102 chunk=65/260
[2026-08-14 12:15:26] progress  30.8%  stocks 8960/29116  skip=226  worker=39 chunk=242/260
[2026-08-14 12:15:27] progress  30.8%  stocks 8980/29116  skip=226  worker=89 chunk=64/260
[2026-08-14 12:15:27] progress  30.9%  stocks 9000/29116  skip=226  worker=90 chunk=76/260
[2026-08-14 12:15:28] progress  31.0%  stocks 9020/29116  skip=226  worker=15 chunk=115/260
[2026-08-14 12:15:28] progress  31.0%  stocks 9040/29116  skip=226  worker=41 chunk=219/260
[2026-08-14 12:15:29] progress  31.1%  stocks 9060/29116  skip=226  worker=18 chunk=112/260
[2026-08-14 12:15:29] progress  31.2%  stocks 9080/29116  skip=226  worker=104 chunk=62/260
[2026-08-14 12:15:30] progress  31.3%  stocks 9100/29116  skip=226  worker=27 chunk=166/260
[2026-08-14 12:15:30] progress  31.3%  stocks 9120/29116  skip=226  worker=106 chunk=55/260
[2026-08-14 12:15:30] progress  31.4%  stocks 9140/29116  skip=226  worker=24 chunk=133/260
[2026-08-14 12:15:31] progress  31.5%  stocks 9160/29116  skip=226  worker=78 chunk=65/260
[2026-08-14 12:15:31] progress  31.5%  stocks 9180/29116  skip=226  worker=75 chunk=66/260
[2026-08-14 12:15:31] progress  31.6%  stocks 9200/29116  skip=226  worker=94 chunk=59/260
[2026-08-14 12:15:32] progress  31.7%  stocks 9220/29116  skip=226  worker=22 chunk=127/260
[2026-08-14 12:15:32] progress  31.7%  stocks 9240/29116  skip=226  worker=9 chunk=83/260
[2026-08-14 12:15:33] progress  31.8%  stocks 9260/29116  skip=226  worker=23 chunk=152/260
[2026-08-14 12:15:33] progress  31.9%  stocks 9280/29116  skip=226  worker=24 chunk=138/260
[2026-08-14 12:15:34] progress  31.9%  stocks 9300/29116  skip=226  worker=103 chunk=61/260
[2026-08-14 12:15:35] progress  32.0%  stocks 9320/29116  skip=226  worker=39 chunk=257/260
[2026-08-14 12:15:35] progress  32.1%  stocks 9340/29116  skip=226  worker=94 chunk=61/260
[2026-08-14 12:15:35] progress  32.1%  stocks 9360/29116  skip=226  worker=25 chunk=198/260
[2026-08-14 12:15:36] progress  32.2%  stocks 9380/29116  skip=226  worker=11 chunk=109/260
[2026-08-14 12:15:36] progress  32.3%  stocks 9400/29116  skip=226  worker=28 chunk=225/260
[2026-08-14 12:15:37] progress  32.4%  stocks 9420/29116  skip=226  worker=65 chunk=49/260
[2026-08-14 12:15:37] progress  32.4%  stocks 9440/29116  skip=226  worker=22 chunk=133/260
[2026-08-14 12:15:38] progress  32.5%  stocks 9460/29116  skip=226  worker=82 chunk=63/260
[2026-08-14 12:15:38] progress  32.6%  stocks 9480/29116  skip=226  worker=22 chunk=135/260
[2026-08-14 12:15:39] progress  32.6%  stocks 9500/29116  skip=226  worker=86 chunk=64/260
[2026-08-14 12:15:40] progress  32.7%  stocks 9520/29116  skip=226  worker=28 chunk=228/260
[2026-08-14 12:15:40] progress  32.8%  stocks 9540/29116  skip=226  worker=27 chunk=177/260
[2026-08-14 12:15:40] progress  32.8%  stocks 9560/29116  skip=226  worker=28 chunk=232/260
[2026-08-14 12:15:41] progress  32.9%  stocks 9580/29116  skip=226  worker=99 chunk=53/260
[2026-08-14 12:15:41] progress  33.0%  stocks 9600/29116  skip=226  worker=80 chunk=63/260
[2026-08-14 12:15:42] progress  33.0%  stocks 9620/29116  skip=226  worker=111 chunk=84/259
[2026-08-14 12:15:42] progress  33.1%  stocks 9640/29116  skip=226  worker=27 chunk=184/260
[2026-08-14 12:15:42] progress  33.2%  stocks 9660/29116  skip=226  worker=26 chunk=203/260
[2026-08-14 12:15:43] progress  33.2%  stocks 9680/29116  skip=226  worker=79 chunk=62/260
[2026-08-14 12:15:43] progress  33.3%  stocks 9700/29116  skip=226  worker=14 chunk=134/260
[2026-08-14 12:15:44] progress  33.4%  stocks 9720/29116  skip=226  worker=14 chunk=136/260
[2026-08-14 12:15:45] progress  33.5%  stocks 9740/29116  skip=226  worker=26 chunk=206/260
[2026-08-14 12:15:45] progress  33.5%  stocks 9760/29116  skip=226  worker=15 chunk=129/260
[2026-08-14 12:15:45] progress  33.6%  stocks 9780/29116  skip=226  worker=88 chunk=73/260
[2026-08-14 12:15:46] progress  33.7%  stocks 9800/29116  skip=226  worker=23 chunk=158/260
[2026-08-14 12:15:46] progress  33.7%  stocks 9820/29116  skip=226  worker=94 chunk=71/260
[2026-08-14 12:15:47] progress  33.8%  stocks 9840/29116  skip=226  worker=2 chunk=99/260
[2026-08-14 12:15:47] progress  33.9%  stocks 9860/29116  skip=226  worker=53 chunk=47/260
[2026-08-14 12:15:48] progress  33.9%  stocks 9880/29116  skip=226  worker=19 chunk=131/260
[2026-08-14 12:15:49] progress  34.0%  stocks 9900/29116  skip=226  worker=104 chunk=71/260
[2026-08-14 12:15:49] progress  34.1%  stocks 9920/29116  skip=226  worker=13 chunk=135/260
[2026-08-14 12:15:49] progress  34.1%  stocks 9940/29116  skip=226  worker=29 chunk=235/260
[2026-08-14 12:15:50] progress  34.2%  stocks 9960/29116  skip=226  worker=12 chunk=127/260
[2026-08-14 12:15:50] progress  34.3%  stocks 9980/29116  skip=226  worker=81 chunk=83/260
[2026-08-14 12:15:50] progress  34.3%  stocks 10000/29116  skip=226  worker=19 chunk=134/260
[2026-08-14 12:15:51] progress  34.4%  stocks 10020/29116  skip=226  worker=24 chunk=157/260
[2026-08-14 12:15:51] progress  34.5%  stocks 10040/29116  skip=226  worker=13 chunk=137/260
[2026-08-14 12:15:51] progress  34.6%  stocks 10060/29116  skip=226  worker=19 chunk=137/260
[2026-08-14 12:15:52] progress  34.6%  stocks 10080/29116  skip=226  worker=6 chunk=96/260
[2026-08-14 12:15:52] progress  34.7%  stocks 10100/29116  skip=226  worker=106 chunk=68/260
[2026-08-14 12:15:52] progress  34.8%  stocks 10120/29116  skip=226  worker=27 chunk=197/260
[2026-08-14 12:15:53] progress  34.8%  stocks 10140/29116  skip=226  worker=86 chunk=73/260
[2026-08-14 12:15:53] progress  34.9%  stocks 10160/29116  skip=226  worker=14 chunk=151/260
[2026-08-14 12:15:53] progress  35.0%  stocks 10180/29116  skip=226  worker=11 chunk=122/260
[2026-08-14 12:15:54] progress  35.0%  stocks 10200/29116  skip=226  worker=80 chunk=70/260
[2026-08-14 12:15:55] progress  35.1%  stocks 10220/29116  skip=226  worker=22 chunk=149/260
[2026-08-14 12:15:55] progress  35.2%  stocks 10240/29116  skip=226  worker=29 chunk=250/260
[2026-08-14 12:15:55] progress  35.2%  stocks 10260/29116  skip=226  worker=23 chunk=171/260
[2026-08-14 12:15:56] progress  35.3%  stocks 10280/29116  skip=226  worker=15 chunk=146/260
[2026-08-14 12:15:57] progress  35.4%  stocks 10300/29116  skip=226  worker=75 chunk=85/260
[2026-08-14 12:15:57] progress  35.4%  stocks 10320/29116  skip=226  worker=15 chunk=148/260
[2026-08-14 12:15:58] progress  35.5%  stocks 10340/29116  skip=226  worker=27 chunk=205/260
[2026-08-14 12:15:58] progress  35.6%  stocks 10360/29116  skip=226  worker=101 chunk=72/260
[2026-08-14 12:15:58] progress  35.7%  stocks 10380/29116  skip=226  worker=11 chunk=126/260
[2026-08-14 12:15:59] progress  35.7%  stocks 10400/29116  skip=226  worker=82 chunk=79/260
[2026-08-14 12:16:00] progress  35.8%  stocks 10420/29116  skip=226  worker=25 chunk=226/260
[2026-08-14 12:16:00] progress  35.9%  stocks 10440/29116  skip=226  worker=81 chunk=93/260
[2026-08-14 12:16:01] progress  35.9%  stocks 10460/29116  skip=226  worker=102 chunk=87/260
[2026-08-14 12:16:01] progress  36.0%  stocks 10480/29116  skip=226  worker=51 chunk=65/260
[2026-08-14 12:16:01] progress  36.1%  stocks 10500/29116  skip=226  worker=11 chunk=128/260
[2026-08-14 12:16:02] progress  36.1%  stocks 10520/29116  skip=226  worker=106 chunk=73/260
[2026-08-14 12:16:02] progress  36.2%  stocks 10540/29116  skip=226  worker=109 chunk=101/259
[2026-08-14 12:16:02] progress  36.3%  stocks 10560/29116  skip=226  worker=27 chunk=217/260
[2026-08-14 12:16:03] progress  36.3%  stocks 10580/29116  skip=226  worker=2 chunk=107/260
[2026-08-14 12:16:03] progress  36.4%  stocks 10600/29116  skip=226  worker=18 chunk=143/260
[2026-08-14 12:16:04] progress  36.5%  stocks 10620/29116  skip=226  worker=105 chunk=87/260
[2026-08-14 12:16:05] progress  36.5%  stocks 10640/29116  skip=226  worker=95 chunk=107/260
[2026-08-14 12:16:05] progress  36.6%  stocks 10660/29116  skip=226  worker=27 chunk=227/260
[2026-08-14 12:16:06] progress  36.7%  stocks 10680/29116  skip=226  worker=6 chunk=105/260
[2026-08-14 12:16:06] progress  36.7%  stocks 10700/29116  skip=226  worker=96 chunk=81/260
[2026-08-14 12:16:07] progress  36.8%  stocks 10720/29116  skip=226  worker=18 chunk=147/260
[2026-08-14 12:16:07] progress  36.9%  stocks 10740/29116  skip=226  worker=106 chunk=78/260
[2026-08-14 12:16:08] progress  37.0%  stocks 10760/29116  skip=226  worker=107 chunk=91/260
[2026-08-14 12:16:08] progress  37.0%  stocks 10780/29116  skip=226  worker=108 chunk=92/259
[2026-08-14 12:16:08] progress  37.1%  stocks 10800/29116  skip=226  worker=14 chunk=169/260
[2026-08-14 12:16:09] progress  37.2%  stocks 10820/29116  skip=226  worker=105 chunk=89/260
[2026-08-14 12:16:10] progress  37.2%  stocks 10840/29116  skip=226  worker=78 chunk=83/260
[2026-08-14 12:16:10] progress  37.3%  stocks 10860/29116  skip=226  worker=27 chunk=237/260
[2026-08-14 12:16:11] progress  37.4%  stocks 10880/29116  skip=226  worker=107 chunk=96/260
[2026-08-14 12:16:11] progress  37.4%  stocks 10900/29116  skip=226  worker=11 chunk=136/260
[2026-08-14 12:16:12] progress  37.5%  stocks 10920/29116  skip=226  worker=19 chunk=165/260
[2026-08-14 12:16:12] progress  37.6%  stocks 10940/29116  skip=226  worker=15 chunk=163/260
[2026-08-14 12:16:13] progress  37.6%  stocks 10960/29116  skip=226  worker=19 chunk=167/260
[2026-08-14 12:16:13] progress  37.7%  stocks 10980/29116  skip=226  worker=103 chunk=79/260
[2026-08-14 12:16:14] progress  37.8%  stocks 11000/29116  skip=226  worker=79 chunk=82/260
[2026-08-14 12:16:15] progress  37.8%  stocks 11020/29116  skip=226  worker=19 chunk=169/260
[2026-08-14 12:16:15] progress  37.9%  stocks 11040/29116  skip=226  worker=23 chunk=201/260
[2026-08-14 12:16:15] progress  38.0%  stocks 11060/29116  skip=226  worker=96 chunk=85/260
[2026-08-14 12:16:16] progress  38.1%  stocks 11080/29116  skip=226  worker=11 chunk=140/260
[2026-08-14 12:16:16] progress  38.1%  stocks 11100/29116  skip=226  worker=23 chunk=206/260
[2026-08-14 12:16:17] progress  38.2%  stocks 11120/29116  skip=226  worker=19 chunk=174/260
[2026-08-14 12:16:17] progress  38.3%  stocks 11140/29116  skip=226  worker=19 chunk=175/260
[2026-08-14 12:16:18] progress  38.3%  stocks 11160/29116  skip=226  worker=22 chunk=187/260
[2026-08-14 12:16:18] progress  38.4%  stocks 11180/29116  skip=226  worker=100 chunk=84/260
[2026-08-14 12:16:19] progress  38.5%  stocks 11200/29116  skip=226  worker=75 chunk=101/260
[2026-08-14 12:16:20] progress  38.5%  stocks 11220/29116  skip=226  worker=79 chunk=90/260
[2026-08-14 12:16:20] progress  38.6%  stocks 11240/29116  skip=226  worker=98 chunk=88/260
[2026-08-14 12:16:21] progress  38.7%  stocks 11260/29116  skip=226  worker=88 chunk=94/260
[2026-08-14 12:16:21] progress  38.7%  stocks 11280/29116  skip=226  worker=11 chunk=144/260
[2026-08-14 12:16:22] progress  38.8%  stocks 11300/29116  skip=226  worker=106 chunk=91/260
[2026-08-14 12:16:22] progress  38.9%  stocks 11320/29116  skip=226  worker=110 chunk=117/259
[2026-08-14 12:16:23] progress  38.9%  stocks 11340/29116  skip=226  worker=23 chunk=223/260
[2026-08-14 12:16:23] progress  39.0%  stocks 11360/29116  skip=226  worker=103 chunk=84/260
[2026-08-14 12:16:24] progress  39.1%  stocks 11380/29116  skip=226  worker=19 chunk=188/260
[2026-08-14 12:16:25] progress  39.2%  stocks 11400/29116  skip=226  worker=14 chunk=193/260
[2026-08-14 12:16:25] progress  39.2%  stocks 11420/29116  skip=226  worker=75 chunk=107/260
[2026-08-14 12:16:26] progress  39.3%  stocks 11440/29116  skip=226  worker=11 chunk=148/260
[2026-08-14 12:16:26] progress  39.4%  stocks 11460/29116  skip=226  worker=19 chunk=194/260
[2026-08-14 12:16:27] progress  39.4%  stocks 11480/29116  skip=226  worker=81 chunk=113/260
[2026-08-14 12:16:27] progress  39.5%  stocks 11500/29116  skip=226  worker=9 chunk=123/260
[2026-08-14 12:16:28] progress  39.6%  stocks 11520/29116  skip=226  worker=108 chunk=109/259
[2026-08-14 12:16:29] progress  39.6%  stocks 11540/29116  skip=226  worker=107 chunk=108/260
[2026-08-14 12:16:30] progress  39.7%  stocks 11560/29116  skip=226  worker=22 chunk=209/260
[2026-08-14 12:16:31] progress  39.8%  stocks 11580/29116  skip=226  worker=6 chunk=133/260
[2026-08-14 12:16:31] progress  39.8%  stocks 11600/29116  skip=226  worker=14 chunk=202/260
[2026-08-14 12:16:32] progress  39.9%  stocks 11620/29116  skip=226  worker=15 chunk=190/260
[2026-08-14 12:16:32] progress  40.0%  stocks 11640/29116  skip=226  worker=14 chunk=205/260
[2026-08-14 12:16:32] progress  40.0%  stocks 11660/29116  skip=226  worker=22 chunk=216/260
[2026-08-14 12:16:33] progress  40.1%  stocks 11680/29116  skip=226  worker=111 chunk=120/259
[2026-08-14 12:16:34] progress  40.2%  stocks 11700/29116  skip=226  worker=75 chunk=109/260
[2026-08-14 12:16:35] progress  40.3%  stocks 11720/29116  skip=226  worker=15 chunk=192/260
[2026-08-14 12:16:35] progress  40.3%  stocks 11740/29116  skip=226  worker=17 chunk=203/260
[2026-08-14 12:16:36] progress  40.4%  stocks 11760/29116  skip=226  worker=22 chunk=226/260
[2026-08-14 12:16:36] progress  40.5%  stocks 11780/29116  skip=226  worker=107 chunk=112/260
[2026-08-14 12:16:37] progress  40.5%  stocks 11800/29116  skip=226  worker=19 chunk=207/260
[2026-08-14 12:16:38] progress  40.6%  stocks 11820/29116  skip=226  worker=101 chunk=93/260
[2026-08-14 12:16:38] progress  40.7%  stocks 11840/29116  skip=226  worker=79 chunk=108/260
[2026-08-14 12:16:39] progress  40.7%  stocks 11860/29116  skip=226  worker=23 chunk=245/260
[2026-08-14 12:16:40] progress  40.8%  stocks 11880/29116  skip=226  worker=99 chunk=83/260
[2026-08-14 12:16:40] progress  40.9%  stocks 11900/29116  skip=226  worker=23 chunk=252/260
[2026-08-14 12:16:41] progress  40.9%  stocks 11920/29116  skip=226  worker=6 chunk=142/260
[2026-08-14 12:16:41] progress  41.0%  stocks 11940/29116  skip=226  worker=104 chunk=100/260
[2026-08-14 12:16:42] progress  41.1%  stocks 11960/29116  skip=226  worker=106 chunk=103/260
[2026-08-14 12:16:42] progress  41.1%  stocks 11980/29116  skip=226  worker=98 chunk=99/260
[2026-08-14 12:16:43] progress  41.2%  stocks 12000/29116  skip=226  worker=100 chunk=97/260
[2026-08-14 12:16:43] progress  41.3%  stocks 12020/29116  skip=226  worker=105 chunk=107/260
[2026-08-14 12:16:44] progress  41.4%  stocks 12040/29116  skip=226  worker=80 chunk=107/260
[2026-08-14 12:16:45] progress  41.4%  stocks 12060/29116  skip=226  worker=94 chunk=100/260
[2026-08-14 12:16:46] progress  41.5%  stocks 12080/29116  skip=226  worker=13 chunk=186/260
[2026-08-14 12:16:46] progress  41.6%  stocks 12100/29116  skip=226  worker=12 chunk=180/260
[2026-08-14 12:16:47] progress  41.6%  stocks 12120/29116  skip=226  worker=15 chunk=205/260
[2026-08-14 12:16:47] progress  41.7%  stocks 12140/29116  skip=226  worker=98 chunk=103/260
[2026-08-14 12:16:48] progress  41.8%  stocks 12160/29116  skip=226  worker=101 chunk=101/260
[2026-08-14 12:16:48] progress  41.8%  stocks 12180/29116  skip=226  worker=106 chunk=106/260
[2026-08-14 12:16:49] progress  41.9%  stocks 12200/29116  skip=226  worker=105 chunk=110/260
[2026-08-14 12:16:50] progress  42.0%  stocks 12220/29116  skip=226  worker=22 chunk=259/260
[2026-08-14 12:16:51] progress  42.0%  stocks 12240/29116  skip=226  worker=12 chunk=182/260
[2026-08-14 12:16:51] progress  42.1%  stocks 12260/29116  skip=226  worker=95 chunk=138/260
[2026-08-14 12:16:52] progress  42.2%  stocks 12280/29116  skip=226  worker=111 chunk=134/259
[2026-08-14 12:16:52] progress  42.2%  stocks 12300/29116  skip=226  worker=97 chunk=91/260
[2026-08-14 12:16:53] progress  42.3%  stocks 12320/29116  skip=226  worker=104 chunk=105/260
[2026-08-14 12:16:54] progress  42.4%  stocks 12340/29116  skip=226  worker=105 chunk=113/260
[2026-08-14 12:16:55] progress  42.5%  stocks 12360/29116  skip=226  worker=14 chunk=225/260
[2026-08-14 12:16:56] progress  42.5%  stocks 12380/29116  skip=226  worker=80 chunk=118/260
[2026-08-14 12:16:56] progress  42.6%  stocks 12400/29116  skip=226  worker=11 chunk=176/260
[2026-08-14 12:16:57] progress  42.7%  stocks 12420/29116  skip=226  worker=16 chunk=219/260
[2026-08-14 12:16:57] progress  42.7%  stocks 12440/29116  skip=226  worker=19 chunk=241/260
[2026-08-14 12:16:58] progress  42.8%  stocks 12460/29116  skip=226  worker=6 chunk=157/260
[2026-08-14 12:16:58] progress  42.9%  stocks 12480/29116  skip=226  worker=75 chunk=125/260
[2026-08-14 12:16:59] progress  42.9%  stocks 12500/29116  skip=226  worker=106 chunk=114/260
[2026-08-14 12:17:00] progress  43.0%  stocks 12520/29116  skip=226  worker=6 chunk=161/260
[2026-08-14 12:17:01] progress  43.1%  stocks 12540/29116  skip=226  worker=6 chunk=164/260
[2026-08-14 12:17:02] progress  43.1%  stocks 12560/29116  skip=226  worker=78 chunk=113/260
[2026-08-14 12:17:02] progress  43.2%  stocks 12580/29116  skip=226  worker=13 chunk=205/260
[2026-08-14 12:17:03] progress  43.3%  stocks 12600/29116  skip=226  worker=94 chunk=110/260
[2026-08-14 12:17:04] progress  43.3%  stocks 12620/29116  skip=226  worker=79 chunk=118/260
[2026-08-14 12:17:05] progress  43.4%  stocks 12640/29116  skip=226  worker=95 chunk=151/260
[2026-08-14 12:17:06] progress  43.5%  stocks 12660/29116  skip=226  worker=14 chunk=240/260
[2026-08-14 12:17:06] progress  43.5%  stocks 12680/29116  skip=226  worker=16 chunk=236/260
[2026-08-14 12:17:07] progress  43.6%  stocks 12700/29116  skip=226  worker=18 chunk=227/260
[2026-08-14 12:17:07] progress  43.7%  stocks 12720/29116  skip=226  worker=17 chunk=245/260
[2026-08-14 12:17:08] progress  43.8%  stocks 12740/29116  skip=226  worker=12 chunk=197/260
[2026-08-14 12:17:08] progress  43.8%  stocks 12760/29116  skip=226  worker=105 chunk=121/260
[2026-08-14 12:17:09] progress  43.9%  stocks 12780/29116  skip=226  worker=6 chunk=174/260
[2026-08-14 12:17:10] progress  44.0%  stocks 12800/29116  skip=226  worker=11 chunk=187/260
[2026-08-14 12:17:10] progress  44.0%  stocks 12820/29116  skip=226  worker=16 chunk=244/260
[2026-08-14 12:17:11] progress  44.1%  stocks 12840/29116  skip=226  worker=15 chunk=222/260
[2026-08-14 12:17:12] progress  44.2%  stocks 12860/29116  skip=226  worker=13 chunk=219/260
[2026-08-14 12:17:12] progress  44.2%  stocks 12880/29116  skip=226  worker=16 chunk=248/260
[2026-08-14 12:17:13] progress  44.3%  stocks 12900/29116  skip=226  worker=95 chunk=162/260
[2026-08-14 12:17:14] progress  44.4%  stocks 12920/29116  skip=226  worker=11 chunk=191/260
[2026-08-14 12:17:15] progress  44.4%  stocks 12940/29116  skip=226  worker=95 chunk=163/260
[2026-08-14 12:17:16] progress  44.5%  stocks 12960/29116  skip=226  worker=17 chunk=255/260
[2026-08-14 12:17:16] progress  44.6%  stocks 12980/29116  skip=226  worker=2 chunk=159/260
[2026-08-14 12:17:17] progress  44.6%  stocks 13000/29116  skip=226  worker=15 chunk=229/260
[2026-08-14 12:17:17] progress  44.7%  stocks 13020/29116  skip=226  worker=6 chunk=180/260
[2026-08-14 12:17:18] progress  44.8%  stocks 13040/29116  skip=226  worker=101 chunk=122/260
[2026-08-14 12:17:19] progress  44.9%  stocks 13060/29116  skip=226  worker=96 chunk=125/260
[2026-08-14 12:17:20] progress  44.9%  stocks 13080/29116  skip=226  worker=16 chunk=259/260
[2026-08-14 12:17:21] progress  45.0%  stocks 13100/29116  skip=226  worker=107 chunk=144/260
[2026-08-14 12:17:22] progress  45.1%  stocks 13120/29116  skip=226  worker=107 chunk=146/260
[2026-08-14 12:17:22] progress  45.1%  stocks 13140/29116  skip=226  worker=9 chunk=166/260
[2026-08-14 12:17:23] progress  45.2%  stocks 13160/29116  skip=226  worker=105 chunk=129/260
[2026-08-14 12:17:24] progress  45.3%  stocks 13180/29116  skip=226  worker=107 chunk=149/260
[2026-08-14 12:17:25] progress  45.3%  stocks 13200/29116  skip=226  worker=2 chunk=168/260
[2026-08-14 12:17:26] progress  45.4%  stocks 13220/29116  skip=226  worker=80 chunk=141/260
[2026-08-14 12:17:26] progress  45.5%  stocks 13240/29116  skip=226  worker=104 chunk=126/260
[2026-08-14 12:17:27] progress  45.5%  stocks 13260/29116  skip=226  worker=13 chunk=238/260
[2026-08-14 12:17:28] progress  45.6%  stocks 13280/29116  skip=226  worker=11 chunk=204/260
[2026-08-14 12:17:29] progress  45.7%  stocks 13300/29116  skip=226  worker=13 chunk=241/260
[2026-08-14 12:17:30] progress  45.7%  stocks 13320/29116  skip=226  worker=111 chunk=169/259
[2026-08-14 12:17:31] progress  45.8%  stocks 13340/29116  skip=226  worker=15 chunk=250/260
[2026-08-14 12:17:31] progress  45.9%  stocks 13360/29116  skip=226  worker=8 chunk=157/260
[2026-08-14 12:17:32] progress  46.0%  stocks 13380/29116  skip=226  worker=15 chunk=253/260
[2026-08-14 12:17:33] progress  46.0%  stocks 13400/29116  skip=226  worker=102 chunk=144/260
[2026-08-14 12:17:33] progress  46.1%  stocks 13420/29116  skip=226  worker=106 chunk=142/260
[2026-08-14 12:17:34] progress  46.2%  stocks 13440/29116  skip=226  worker=88 chunk=133/260
[2026-08-14 12:17:36] progress  46.2%  stocks 13460/29116  skip=226  worker=106 chunk=143/260
[2026-08-14 12:17:37] progress  46.3%  stocks 13480/29116  skip=226  worker=106 chunk=146/260
[2026-08-14 12:17:37] progress  46.4%  stocks 13500/29116  skip=226  worker=99 chunk=116/260
[2026-08-14 12:17:38] progress  46.4%  stocks 13520/29116  skip=226  worker=78 chunk=134/260
[2026-08-14 12:17:39] progress  46.5%  stocks 13540/29116  skip=226  worker=96 chunk=142/260
[2026-08-14 12:17:41] progress  46.6%  stocks 13560/29116  skip=226  worker=12 chunk=242/260
[2026-08-14 12:17:42] progress  46.6%  stocks 13580/29116  skip=226  worker=95 chunk=185/260
[2026-08-14 12:17:42] progress  46.7%  stocks 13600/29116  skip=226  worker=107 chunk=162/260
[2026-08-14 12:17:43] progress  46.8%  stocks 13620/29116  skip=226  worker=99 chunk=119/260
[2026-08-14 12:17:44] progress  46.8%  stocks 13640/29116  skip=226  worker=103 chunk=143/260
[2026-08-14 12:17:45] progress  46.9%  stocks 13660/29116  skip=226  worker=100 chunk=133/260
[2026-08-14 12:17:46] progress  47.0%  stocks 13680/29116  skip=226  worker=102 chunk=155/260
[2026-08-14 12:17:47] progress  47.1%  stocks 13700/29116  skip=226  worker=6 chunk=209/260
[2026-08-14 12:17:48] progress  47.1%  stocks 13720/29116  skip=226  worker=95 chunk=196/260
[2026-08-14 12:17:49] progress  47.2%  stocks 13740/29116  skip=226  worker=12 chunk=256/260
[2026-08-14 12:17:50] progress  47.3%  stocks 13760/29116  skip=226  worker=80 chunk=152/260
[2026-08-14 12:17:51] progress  47.3%  stocks 13780/29116  skip=226  worker=111 chunk=188/259
[2026-08-14 12:17:52] progress  47.4%  stocks 13800/29116  skip=226  worker=80 chunk=155/260
[2026-08-14 12:17:53] progress  47.5%  stocks 13820/29116  skip=226  worker=9 chunk=197/260
[2026-08-14 12:17:53] progress  47.5%  stocks 13840/29116  skip=226  worker=102 chunk=164/260
[2026-08-14 12:17:55] progress  47.6%  stocks 13860/29116  skip=226  worker=9 chunk=200/260
[2026-08-14 12:17:56] progress  47.7%  stocks 13880/29116  skip=226  worker=104 chunk=151/260
[2026-08-14 12:17:57] progress  47.7%  stocks 13900/29116  skip=226  worker=6 chunk=225/260
[2026-08-14 12:17:58] progress  47.8%  stocks 13920/29116  skip=226  worker=111 chunk=194/259
[2026-08-14 12:18:00] progress  47.9%  stocks 13940/29116  skip=226  worker=108 chunk=172/259
[2026-08-14 12:18:02] progress  47.9%  stocks 13960/29116  skip=226  worker=111 chunk=197/259
[2026-08-14 12:18:03] progress  48.0%  stocks 13980/29116  skip=226  worker=11 chunk=242/260
[2026-08-14 12:18:05] progress  48.1%  stocks 14000/29116  skip=226  worker=79 chunk=144/260
[2026-08-14 12:18:06] progress  48.2%  stocks 14020/29116  skip=226  worker=102 chunk=174/260
[2026-08-14 12:18:08] progress  48.2%  stocks 14040/29116  skip=226  worker=11 chunk=253/260
[2026-08-14 12:18:09] progress  48.3%  stocks 14060/29116  skip=226  worker=104 chunk=159/260
[2026-08-14 12:18:11] progress  48.4%  stocks 14080/29116  skip=226  worker=78 chunk=161/260
[2026-08-14 12:18:12] progress  48.4%  stocks 14100/29116  skip=226  worker=11 chunk=256/260
[2026-08-14 12:18:14] progress  48.5%  stocks 14120/29116  skip=226  worker=107 chunk=181/260
[2026-08-14 12:18:15] progress  48.6%  stocks 14140/29116  skip=226  worker=80 chunk=168/260
[2026-08-14 12:18:17] progress  48.6%  stocks 14160/29116  skip=226  worker=79 chunk=153/260
[2026-08-14 12:18:18] progress  48.7%  stocks 14180/29116  skip=226  worker=111 chunk=208/259
[2026-08-14 12:18:20] progress  48.8%  stocks 14200/29116  skip=226  worker=95 chunk=221/260
[2026-08-14 12:18:21] progress  48.8%  stocks 14220/29116  skip=226  worker=100 chunk=154/260
[2026-08-14 12:18:23] progress  48.9%  stocks 14240/29116  skip=226  worker=11 chunk=260/260
[2026-08-14 12:18:24] progress  49.0%  stocks 14260/29116  skip=226  worker=95 chunk=224/260
[2026-08-14 12:18:26] progress  49.0%  stocks 14280/29116  skip=226  worker=79 chunk=161/260
[2026-08-14 12:18:28] progress  49.1%  stocks 14300/29116  skip=226  worker=111 chunk=216/259
[2026-08-14 12:18:29] progress  49.2%  stocks 14320/29116  skip=226  worker=88 chunk=165/260
[2026-08-14 12:18:31] progress  49.3%  stocks 14340/29116  skip=226  worker=104 chunk=181/260
[2026-08-14 12:18:32] progress  49.3%  stocks 14360/29116  skip=226  worker=111 chunk=221/259
[2026-08-14 12:18:34] progress  49.4%  stocks 14380/29116  skip=226  worker=79 chunk=166/260
[2026-08-14 12:18:35] progress  49.5%  stocks 14400/29116  skip=226  worker=108 chunk=194/259
[2026-08-14 12:18:36] progress  49.5%  stocks 14420/29116  skip=226  worker=111 chunk=225/259
[2026-08-14 12:18:37] progress  49.6%  stocks 14440/29116  skip=226  worker=9 chunk=233/260
[2026-08-14 12:18:38] progress  49.7%  stocks 14460/29116  skip=226  worker=105 chunk=176/260
[2026-08-14 12:18:39] progress  49.7%  stocks 14480/29116  skip=226  worker=102 chunk=200/260
[2026-08-14 12:18:41] progress  49.8%  stocks 14500/29116  skip=226  worker=104 chunk=188/260
[2026-08-14 12:18:42] progress  49.9%  stocks 14520/29116  skip=226  worker=103 chunk=177/260
[2026-08-14 12:18:44] progress  49.9%  stocks 14540/29116  skip=226  worker=95 chunk=244/260
[2026-08-14 12:18:46] progress  50.0%  stocks 14560/29116  skip=226  worker=102 chunk=208/260
[2026-08-14 12:18:47] progress  50.1%  stocks 14580/29116  skip=226  worker=99 chunk=157/260
[2026-08-14 12:18:49] progress  50.1%  stocks 14600/29116  skip=226  worker=104 chunk=197/260
[2026-08-14 12:18:50] progress  50.2%  stocks 14620/29116  skip=226  worker=111 chunk=245/259
[2026-08-14 12:18:52] progress  50.3%  stocks 14640/29116  skip=226  worker=105 chunk=184/260
[2026-08-14 12:18:53] progress  50.4%  stocks 14660/29116  skip=226  worker=79 chunk=183/260
[2026-08-14 12:18:55] progress  50.4%  stocks 14680/29116  skip=226  worker=103 chunk=186/260
[2026-08-14 12:18:57] progress  50.5%  stocks 14700/29116  skip=226  worker=95 chunk=253/260
[2026-08-14 12:18:58] progress  50.6%  stocks 14720/29116  skip=226  worker=105 chunk=193/260
[2026-08-14 12:19:00] progress  50.6%  stocks 14740/29116  skip=226  worker=105 chunk=194/260
[2026-08-14 12:19:02] progress  50.7%  stocks 14760/29116  skip=226  worker=111 chunk=258/259
[2026-08-14 12:19:03] progress  50.8%  stocks 14780/29116  skip=226  worker=79 chunk=193/260
[2026-08-14 12:19:05] progress  50.8%  stocks 14800/29116  skip=226  worker=79 chunk=195/260
[2026-08-14 12:19:07] progress  50.9%  stocks 14820/29116  skip=226  worker=102 chunk=227/260
[2026-08-14 12:19:10] progress  51.0%  stocks 14840/29116  skip=226  worker=99 chunk=174/260
[2026-08-14 12:19:12] progress  51.0%  stocks 14860/29116  skip=226  worker=100 chunk=180/260
[2026-08-14 12:19:14] progress  51.1%  stocks 14880/29116  skip=226  worker=101 chunk=187/260
[2026-08-14 12:19:17] progress  51.2%  stocks 14900/29116  skip=226  worker=79 chunk=202/260
[2026-08-14 12:19:19] progress  51.2%  stocks 14920/29116  skip=226  worker=79 chunk=205/260
[2026-08-14 12:19:21] progress  51.3%  stocks 14940/29116  skip=226  worker=107 chunk=228/260
[2026-08-14 12:19:23] progress  51.4%  stocks 14960/29116  skip=226  worker=104 chunk=227/260
[2026-08-14 12:19:24] progress  51.4%  stocks 14980/29116  skip=226  worker=107 chunk=231/260
[2026-08-14 12:19:26] progress  51.5%  stocks 15000/29116  skip=226  worker=79 chunk=212/260
[2026-08-14 12:19:28] progress  51.6%  stocks 15020/29116  skip=226  worker=101 chunk=195/260
[2026-08-14 12:19:30] progress  51.7%  stocks 15040/29116  skip=226  worker=99 chunk=186/260
[2026-08-14 12:19:31] progress  51.7%  stocks 15060/29116  skip=226  worker=100 chunk=192/260
[2026-08-14 12:19:33] progress  51.8%  stocks 15080/29116  skip=226  worker=99 chunk=189/260
[2026-08-14 12:19:35] progress  51.9%  stocks 15100/29116  skip=226  worker=78 chunk=220/260
[2026-08-14 12:19:37] progress  51.9%  stocks 15120/29116  skip=226  worker=99 chunk=192/260
[2026-08-14 12:19:39] progress  52.0%  stocks 15140/29116  skip=226  worker=96 chunk=224/260
[2026-08-14 12:19:41] progress  52.1%  stocks 15160/29116  skip=226  worker=100 chunk=200/260
[2026-08-14 12:19:43] progress  52.1%  stocks 15180/29116  skip=226  worker=96 chunk=228/260
[2026-08-14 12:19:45] progress  52.2%  stocks 15200/29116  skip=226  worker=96 chunk=231/260
[2026-08-14 12:19:47] progress  52.3%  stocks 15220/29116  skip=226  worker=100 chunk=204/260
[2026-08-14 12:19:49] progress  52.3%  stocks 15240/29116  skip=226  worker=104 chunk=259/260
[2026-08-14 12:19:51] progress  52.4%  stocks 15260/29116  skip=226  worker=108 chunk=255/259
[2026-08-14 12:19:54] progress  52.5%  stocks 15280/29116  skip=226  worker=105 chunk=222/260
[2026-08-14 12:19:58] progress  52.5%  stocks 15300/29116  skip=226  worker=96 chunk=238/260
[2026-08-14 12:20:01] progress  52.6%  stocks 15320/29116  skip=226  worker=105 chunk=227/260
[2026-08-14 12:20:04] progress  52.7%  stocks 15340/29116  skip=226  worker=79 chunk=250/260
[2026-08-14 12:20:07] progress  52.8%  stocks 15360/29116  skip=226  worker=99 chunk=208/260
[2026-08-14 12:20:11] progress  52.8%  stocks 15380/29116  skip=226  worker=101 chunk=223/260
[2026-08-14 12:20:15] progress  52.9%  stocks 15400/29116  skip=226  worker=106 chunk=255/260
[2026-08-14 12:20:19] progress  53.0%  stocks 15420/29116  skip=226  worker=106 chunk=258/260
[2026-08-14 12:20:23] progress  53.0%  stocks 15440/29116  skip=226  worker=99 chunk=216/260
[2026-08-14 12:20:30] progress  53.1%  stocks 15460/29116  skip=226  worker=100 chunk=235/260
[2026-08-14 12:20:33] progress  53.2%  stocks 15480/29116  skip=226  worker=101 chunk=237/260
[2026-08-14 12:20:36] progress  53.2%  stocks 15500/29116  skip=226  worker=100 chunk=243/260
[2026-08-14 12:20:41] progress  53.3%  stocks 15520/29116  skip=226  worker=101 chunk=249/260
[2026-08-14 12:20:47] progress  53.4%  stocks 15540/29116  skip=226  worker=101 chunk=257/260
